******************************************************************************
                  TI ARM Linker PC v20.2.4                     
******************************************************************************
>> Linked Sun Nov  7 09:10:53 2021

OUTPUT FILE NAME:   <Lab 5 Task 2 (WiFi).out>
ENTRY POINT SYMBOL: "_c_int00_noargs"  address: 00000ef5


MEMORY CONFIGURATION

         name            origin    length      used     unused   attr    fill
----------------------  --------  ---------  --------  --------  ----  --------
  MAIN                  00000000   00040000  00001012  0003efee  R  X
  INFO                  00200000   00004000  00000000  00004000  R  X
  SRAM_CODE             01000000   00010000  00001a60  0000e5a0  RW X
  SRAM_DATA             20000000   00010000  00001a60  0000e5a0  RW  


SEGMENT ALLOCATION MAP

run origin  load origin   length   init length attrs members
----------  ----------- ---------- ----------- ----- -------
00000000    00000000    00001018   00001018    r-x
  00000000    00000000    000000e4   000000e4    r-- .intvecs
  000000e4    000000e4    00000ebe   00000ebe    r-x .text
  00000fa4    00000fa4    00000030   00000030    r-- .const
  00000fd8    00000fd8    00000040   00000040    r-- .cinit
20000000    20000000    00001860   00000000    rw-
  20000000    20000000    00001810   00000000    rw- .bss
  20001810    20001810    00000050   00000000    rw- .data
2000fe00    2000fe00    00000200   00000000    rw-
  2000fe00    2000fe00    00000200   00000000    rw- .stack


SECTION ALLOCATION MAP

 output                                  attributes/
section   page    origin      length       input sections
--------  ----  ----------  ----------   ----------------
.intvecs   0    00000000    000000e4     
                  00000000    000000e4     startup_msp432p401r_ccs.obj (.intvecs:retain)

.text      0    000000e4    00000ebe     
                  000000e4    0000015c     msp432p4xx_driverlib.lib : pcm.o (.text:__PCM_setPowerModeAdvanced)
                  00000240    00000158     UART_Driver.obj (.text:UART_Printf)
                  00000398    00000140     UART_Driver.obj (.text:UART_Read)
                  000004d8    0000011c     msp432p4xx_driverlib.lib : uart.o (.text:UART_initModule)
                  000005f4    00000108                              : pcm.o (.text:__PCM_setCoreVoltageLevelAdvanced)
                  000006fc    000000dc     main.obj (.text:main)
                  000007d8    000000a8     UART_Driver.obj (.text:UART_Gets)
                  00000880    0000009c     UART_Driver.obj (.text:EUSCIA0_IRQHandler)
                  0000091c    0000009c     rtsv7M4_T_le_v4SPD16_eabi.lib : memcpy_t2.asm.obj (.text)
                  000009b8    0000008c     ESP8266.obj (.text:ESP8266_WaitForAnswer)
                  00000a44    0000008c     UART_Driver.obj (.text:EUSCIA2_IRQHandler)
                  00000ad0    0000007a     rtsv7M4_T_le_v4SPD16_eabi.lib : memset_t2.asm.obj (.text)
                  00000b4a    00000002     startup_msp432p401r_ccs.obj (.text:Default_Handler)
                  00000b4c    00000078     system_msp432p401r.obj (.text:SystemInit)
                  00000bc4    0000006c     ESP8266.obj (.text:ESP8266_Terminal)
                  00000c30    00000068     rtsv7M4_T_le_v4SPD16_eabi.lib : copy_decompress_lzss.c.obj (.text:decompress:lzss:__TI_decompress_lzss)
                  00000c98    00000064     msp432p4xx_driverlib.lib : uart.o (.text:UART_getEnabledInterruptStatus)
                  00000cfc    0000005e                              : pcm.o (.text:PCM_getCoreVoltageLevel)
                  00000d5a    0000005a                              : pcm.o (.text:PCM_getPowerMode)
                  00000db4    00000048                              : flash.o (.text:FlashCtl_setWaitState)
                  00000dfc    00000044     rtsv7M4_T_le_v4SPD16_eabi.lib : autoinit.c.obj (.text:__TI_auto_init_nobinit_nopinit:__TI_auto_init_nobinit_nopinit)
                  00000e40    00000040     msp432p4xx_driverlib.lib : gpio.o (.text:GPIO_setAsOutputPin)
                  00000e80    00000040     UART_Driver.obj (.text:UART_Write)
                  00000ec0    00000034     msp432p4xx_driverlib.lib : cs.o (.text:CS_setDCOCenteredFrequency)
                  00000ef4    00000034     rtsv7M4_T_le_v4SPD16_eabi.lib : boot_cortex_m.c.obj (.text:_c_int00_noargs:_c_int00_noargs)
                  00000f28    00000018     msp432p4xx_driverlib.lib : uart.o (.text:UART_getInterruptStatus)
                  00000f40    00000014                              : pcm.o (.text:PCM_getPowerState)
                  00000f54    00000010                              : pcm.o (.text:PCM_setCoreVoltageLevel)
                  00000f64    00000010                              : pcm.o (.text:PCM_setPowerMode)
                  00000f74    0000000e     rtsv7M4_T_le_v4SPD16_eabi.lib : copy_decompress_none.c.obj (.text:decompress:none:__TI_decompress_none)
                  00000f82    0000000c     startup_msp432p401r_ccs.obj (.text:Reset_Handler)
                  00000f8e    0000000c     rtsv7M4_T_le_v4SPD16_eabi.lib : copy_zero_init.c.obj (.text:decompress:ZI:__TI_zero_init)
                  00000f9a    00000004                                   : pre_init.c.obj (.text:_system_pre_init)
                  00000f9e    00000004                                   : exit.c.obj (.text:abort:abort)

.const     0    00000fa4    00000030     
                  00000fa4    00000030     msp432p4xx_driverlib.lib : gpio.o (.const:GPIO_PORT_TO_BASE)

.cinit     0    00000fd8    00000040     
                  00000fd8    00000019     (.cinit..data.load) [load image, compression = lzss]
                  00000ff1    00000003     --HOLE-- [fill = 0]
                  00000ff4    0000000c     (__TI_handler_table)
                  00001000    00000008     (.cinit..bss.load) [load image, compression = zero_init]
                  00001008    00000010     (__TI_cinit_table)

.init_array 
*          0    00000000    00000000     UNINITIALIZED

.binit     0    00000000    00000000     

.bss       0    20000000    00001810     UNINITIALIZED
                  20000000    00000800     (.common:ESP8266_Buffer)
                  20000800    00000800     (.common:UARTA0Data)
                  20001000    00000800     (.common:UARTA2Data)
                  20001800    00000004     (.common:UARTA0ReadIndex)
                  20001804    00000004     (.common:UARTA0WriteIndex)
                  20001808    00000004     (.common:UARTA2ReadIndex)
                  2000180c    00000004     (.common:UARTA2WriteIndex)

.data      0    20001810    00000050     UNINITIALIZED
                  20001810    00000028     main.obj (.data:UART0Config)
                  20001838    00000028     main.obj (.data:UART2Config)

.stack     0    2000fe00    00000200     UNINITIALIZED
                  2000fe00    00000004     rtsv7M4_T_le_v4SPD16_eabi.lib : boot_cortex_m.c.obj (.stack)
                  2000fe04    000001fc     --HOLE--

__llvm_prf_cnts 
*          0    20000000    00000000     UNINITIALIZED

MODULE SUMMARY

       Module                        code   ro data   rw data
       ------                        ----   -------   -------
    .\
       ESP8266.obj                   248    0         12320  
       UART_Driver.obj               1192   0         0      
       main.obj                      220    0         160    
       system_msp432p401r.obj        120    0         0      
    +--+-----------------------------+------+---------+---------+
       Total:                        1780   0         12480  
                                                             
    .\ccs\
       startup_msp432p401r_ccs.obj   14     228       0      
    +--+-----------------------------+------+---------+---------+
       Total:                        14     228       0      
                                                             
    C:/ti/simplelink_msp432p4_sdk_3_40_01_02/source/ti/devices/msp432p4xx/driverlib/ccs/msp432p4xx_driverlib.lib
       pcm.o                         848    0         0      
       uart.o                        408    0         0      
       gpio.o                        64     48        0      
       flash.o                       72     0         0      
       cs.o                          52     0         0      
    +--+-----------------------------+------+---------+---------+
       Total:                        1444   48        0      
                                                             
    C:\ti\simplelink_msp432p4_sdk_3_40_01_02\ti-cgt-arm_20.2.4.LTS\lib\rtsv7M4_T_le_v4SPD16_eabi.lib
       memcpy_t2.asm.obj             156    0         0      
       memset_t2.asm.obj             122    0         0      
       copy_decompress_lzss.c.obj    104    0         0      
       autoinit.c.obj                68     0         0      
       boot_cortex_m.c.obj           52     0         0      
       copy_decompress_none.c.obj    14     0         0      
       copy_zero_init.c.obj          12     0         0      
       exit.c.obj                    4      0         0      
       pre_init.c.obj                4      0         0      
    +--+-----------------------------+------+---------+---------+
       Total:                        536    0         0      
                                                             
       Stack:                        0      0         1024   
       Linker Generated:             0      61        0      
    +--+-----------------------------+------+---------+---------+
       Grand Total:                  3774   337       13504  


LINKER GENERATED COPY TABLES

__TI_cinit_table @ 00001008 records: 2, size/record: 8, table size: 16
	.data: load addr=00000fd8, load size=00000019 bytes, run addr=20001810, run size=00000050 bytes, compression=lzss
	.bss: load addr=00001000, load size=00000008 bytes, run addr=20000000, run size=00001810 bytes, compression=zero_init


LINKER GENERATED HANDLER TABLE

__TI_handler_table @ 00000ff4 records: 3, size/record: 4, table size: 12
	index: 0, handler: __TI_decompress_lzss
	index: 1, handler: __TI_decompress_none
	index: 2, handler: __TI_zero_init


GLOBAL SYMBOLS: SORTED ALPHABETICALLY BY Name 

address   name                          
-------   ----                          
00000b4b  ADC14_IRQHandler              
00000b4b  AES256_IRQHandler             
00000b4b  BusFault_Handler              
00000f9f  C$$EXIT                       
00000b4b  COMP_E0_IRQHandler            
00000b4b  COMP_E1_IRQHandler            
00000b4b  CS_IRQHandler                 
00000ec1  CS_setDCOCenteredFrequency    
00000b4b  DMA_ERR_IRQHandler            
00000b4b  DMA_INT0_IRQHandler           
00000b4b  DMA_INT1_IRQHandler           
00000b4b  DMA_INT2_IRQHandler           
00000b4b  DMA_INT3_IRQHandler           
00000b4b  DebugMon_Handler              
00000b4b  Default_Handler               
20000000  ESP8266_Buffer                
00000bc5  ESP8266_Terminal              
000009b9  ESP8266_WaitForAnswer         
00000881  EUSCIA0_IRQHandler            
00000881  EUSCIA0_IRQHandler            
00000b4b  EUSCIA1_IRQHandler            
00000a45  EUSCIA2_IRQHandler            
00000a45  EUSCIA2_IRQHandler            
00000b4b  EUSCIA3_IRQHandler            
00000b4b  EUSCIB0_IRQHandler            
00000b4b  EUSCIB1_IRQHandler            
00000b4b  EUSCIB2_IRQHandler            
00000b4b  EUSCIB3_IRQHandler            
00000b4b  FLCTL_IRQHandler              
00000b4b  FPU_IRQHandler                
00000db5  FlashCtl_setWaitState         
00000e41  GPIO_setAsOutputPin           
00000b4b  HardFault_Handler             
00000b4b  MemManage_Handler             
00000b4b  NMI_Handler                   
00000b4b  PCM_IRQHandler                
00000cfd  PCM_getCoreVoltageLevel       
00000d5b  PCM_getPowerMode              
00000f41  PCM_getPowerState             
00000f55  PCM_setCoreVoltageLevel       
00000f65  PCM_setPowerMode              
00000b4b  PORT1_IRQHandler              
00000b4b  PORT2_IRQHandler              
00000b4b  PORT3_IRQHandler              
00000b4b  PORT4_IRQHandler              
00000b4b  PORT5_IRQHandler              
00000b4b  PORT6_IRQHandler              
00000b4b  PSS_IRQHandler                
00000b4b  PendSV_Handler                
00000b4b  RTC_C_IRQHandler              
00000f83  Reset_Handler                 
00000b4b  SVC_Handler                   
00000b4b  SysTick_Handler               
00000b4d  SystemInit                    
00000b4b  T32_INT1_IRQHandler           
00000b4b  T32_INT2_IRQHandler           
00000b4b  T32_INTC_IRQHandler           
00000b4b  TA0_0_IRQHandler              
00000b4b  TA0_N_IRQHandler              
00000b4b  TA1_0_IRQHandler              
00000b4b  TA1_N_IRQHandler              
00000b4b  TA2_0_IRQHandler              
00000b4b  TA2_N_IRQHandler              
00000b4b  TA3_0_IRQHandler              
00000b4b  TA3_N_IRQHandler              
20001810  UART0Config                   
20001838  UART2Config                   
20000800  UARTA0Data                    
20001800  UARTA0ReadIndex               
20001804  UARTA0WriteIndex              
20001000  UARTA2Data                    
20001808  UARTA2ReadIndex               
2000180c  UARTA2WriteIndex              
000007d9  UART_Gets                     
00000241  UART_Printf                   
00000399  UART_Read                     
00000e81  UART_Write                    
00000c99  UART_getEnabledInterruptStatus
00000f29  UART_getInterruptStatus       
000004d9  UART_initModule               
00000b4b  UsageFault_Handler            
4000480c  WDTCTL_SYM                    
00000b4b  WDT_A_IRQHandler              
20010000  __STACK_END                   
00000200  __STACK_SIZE                  
00001008  __TI_CINIT_Base               
00001018  __TI_CINIT_Limit              
00000ff4  __TI_Handler_Table_Base       
00001000  __TI_Handler_Table_Limit      
00000dfd  __TI_auto_init_nobinit_nopinit
00000c31  __TI_decompress_lzss          
00000f75  __TI_decompress_none          
ffffffff  __TI_pprof_out_hndl           
ffffffff  __TI_prof_data_size           
ffffffff  __TI_prof_data_start          
00000000  __TI_static_base__            
00000f8f  __TI_zero_init                
00000ad1  __aeabi_memclr                
00000ad1  __aeabi_memclr4               
00000ad1  __aeabi_memclr8               
0000091d  __aeabi_memcpy                
0000091d  __aeabi_memcpy4               
0000091d  __aeabi_memcpy8               
00000ad3  __aeabi_memset                
00000ad3  __aeabi_memset4               
00000ad3  __aeabi_memset8               
ffffffff  __binit__                     
ffffffff  __c_args__                    
UNDEFED   __mpu_init                    
2000fe00  __stack                       
20000000  __start___llvm_prf_cnts       
20000000  __stop___llvm_prf_cnts        
00000ef5  _c_int00_noargs               
UNDEFED   _system_post_cinit            
00000f9b  _system_pre_init              
00000f9f  abort                         
ffffffff  binit                         
00000000  interruptVectors              
000006fd  main                          
0000091d  memcpy                        
00000ad9  memset                        


GLOBAL SYMBOLS: SORTED BY Symbol Address 

address   name                          
-------   ----                          
00000000  __TI_static_base__            
00000000  interruptVectors              
00000200  __STACK_SIZE                  
00000241  UART_Printf                   
00000399  UART_Read                     
000004d9  UART_initModule               
000006fd  main                          
000007d9  UART_Gets                     
00000881  EUSCIA0_IRQHandler            
00000881  EUSCIA0_IRQHandler            
0000091d  __aeabi_memcpy                
0000091d  __aeabi_memcpy4               
0000091d  __aeabi_memcpy8               
0000091d  memcpy                        
000009b9  ESP8266_WaitForAnswer         
00000a45  EUSCIA2_IRQHandler            
00000a45  EUSCIA2_IRQHandler            
00000ad1  __aeabi_memclr                
00000ad1  __aeabi_memclr4               
00000ad1  __aeabi_memclr8               
00000ad3  __aeabi_memset                
00000ad3  __aeabi_memset4               
00000ad3  __aeabi_memset8               
00000ad9  memset                        
00000b4b  ADC14_IRQHandler              
00000b4b  AES256_IRQHandler             
00000b4b  BusFault_Handler              
00000b4b  COMP_E0_IRQHandler            
00000b4b  COMP_E1_IRQHandler            
00000b4b  CS_IRQHandler                 
00000b4b  DMA_ERR_IRQHandler            
00000b4b  DMA_INT0_IRQHandler           
00000b4b  DMA_INT1_IRQHandler           
00000b4b  DMA_INT2_IRQHandler           
00000b4b  DMA_INT3_IRQHandler           
00000b4b  DebugMon_Handler              
00000b4b  Default_Handler               
00000b4b  EUSCIA1_IRQHandler            
00000b4b  EUSCIA3_IRQHandler            
00000b4b  EUSCIB0_IRQHandler            
00000b4b  EUSCIB1_IRQHandler            
00000b4b  EUSCIB2_IRQHandler            
00000b4b  EUSCIB3_IRQHandler            
00000b4b  FLCTL_IRQHandler              
00000b4b  FPU_IRQHandler                
00000b4b  HardFault_Handler             
00000b4b  MemManage_Handler             
00000b4b  NMI_Handler                   
00000b4b  PCM_IRQHandler                
00000b4b  PORT1_IRQHandler              
00000b4b  PORT2_IRQHandler              
00000b4b  PORT3_IRQHandler              
00000b4b  PORT4_IRQHandler              
00000b4b  PORT5_IRQHandler              
00000b4b  PORT6_IRQHandler              
00000b4b  PSS_IRQHandler                
00000b4b  PendSV_Handler                
00000b4b  RTC_C_IRQHandler              
00000b4b  SVC_Handler                   
00000b4b  SysTick_Handler               
00000b4b  T32_INT1_IRQHandler           
00000b4b  T32_INT2_IRQHandler           
00000b4b  T32_INTC_IRQHandler           
00000b4b  TA0_0_IRQHandler              
00000b4b  TA0_N_IRQHandler              
00000b4b  TA1_0_IRQHandler              
00000b4b  TA1_N_IRQHandler              
00000b4b  TA2_0_IRQHandler              
00000b4b  TA2_N_IRQHandler              
00000b4b  TA3_0_IRQHandler              
00000b4b  TA3_N_IRQHandler              
00000b4b  UsageFault_Handler            
00000b4b  WDT_A_IRQHandler              
00000b4d  SystemInit                    
00000bc5  ESP8266_Terminal              
00000c31  __TI_decompress_lzss          
00000c99  UART_getEnabledInterruptStatus
00000cfd  PCM_getCoreVoltageLevel       
00000d5b  PCM_getPowerMode              
00000db5  FlashCtl_setWaitState         
00000dfd  __TI_auto_init_nobinit_nopinit
00000e41  GPIO_setAsOutputPin           
00000e81  UART_Write                    
00000ec1  CS_setDCOCenteredFrequency    
00000ef5  _c_int00_noargs               
00000f29  UART_getInterruptStatus       
00000f41  PCM_getPowerState             
00000f55  PCM_setCoreVoltageLevel       
00000f65  PCM_setPowerMode              
00000f75  __TI_decompress_none          
00000f83  Reset_Handler                 
00000f8f  __TI_zero_init                
00000f9b  _system_pre_init              
00000f9f  C$$EXIT                       
00000f9f  abort                         
00000ff4  __TI_Handler_Table_Base       
00001000  __TI_Handler_Table_Limit      
00001008  __TI_CINIT_Base               
00001018  __TI_CINIT_Limit              
20000000  ESP8266_Buffer                
20000000  __start___llvm_prf_cnts       
20000000  __stop___llvm_prf_cnts        
20000800  UARTA0Data                    
20001000  UARTA2Data                    
20001800  UARTA0ReadIndex               
20001804  UARTA0WriteIndex              
20001808  UARTA2ReadIndex               
2000180c  UARTA2WriteIndex              
20001810  UART0Config                   
20001838  UART2Config                   
2000fe00  __stack                       
20010000  __STACK_END                   
4000480c  WDTCTL_SYM                    
ffffffff  __TI_pprof_out_hndl           
ffffffff  __TI_prof_data_size           
ffffffff  __TI_prof_data_start          
ffffffff  __binit__                     
ffffffff  __c_args__                    
ffffffff  binit                         
UNDEFED   __mpu_init                    
UNDEFED   _system_post_cinit            

[121 symbols]
