******************************************************************************
                  TI ARM Linker PC v20.2.4                     
******************************************************************************
>> Linked Fri Nov 26 06:37:38 2021

OUTPUT FILE NAME:   <Project (WIP Integrate).out>
ENTRY POINT SYMBOL: "_c_int00_noargs"  address: 00001be5


MEMORY CONFIGURATION

         name            origin    length      used     unused   attr    fill
----------------------  --------  ---------  --------  --------  ----  --------
  MAIN                  00000000   00040000  00001ee6  0003e11a  R  X
  INFO                  00200000   00004000  00000000  00004000  R  X
  SRAM_CODE             01000000   00010000  00001252  0000edae  RW X
  SRAM_DATA             20000000   00010000  00001252  0000edae  RW  


SEGMENT ALLOCATION MAP

run origin  load origin   length   init length attrs members
----------  ----------- ---------- ----------- ----- -------
00000000    00000000    00001ee8   00001ee8    r-x
  00000000    00000000    000000e4   000000e4    r-- .intvecs
  000000e4    000000e4    00001d12   00001d12    r-x .text
  00001df8    00001df8    000000a0   000000a0    r-- .const
  00001e98    00001e98    00000050   00000050    r-- .cinit
20000000    20000000    00001052   00000000    rw-
  20000000    20000000    0000100c   00000000    rw- .bss
  2000100c    2000100c    00000046   00000000    rw- .data
2000fe00    2000fe00    00000200   00000000    rw-
  2000fe00    2000fe00    00000200   00000000    rw- .stack


SECTION ALLOCATION MAP

 output                                  attributes/
section   page    origin      length       input sections
--------  ----  ----------  ----------   ----------------
.intvecs   0    00000000    000000e4     
                  00000000    000000e4     startup_msp432p401r_ccs.obj (.intvecs:retain)

.text      0    000000e4    00001d12     
                  000000e4    00000274     ESP8266_UART.obj (.text:esp8266StartUp)
                  00000358    0000022c     ESP8266_UART.obj (.text:ESP8266Terminal)
                  00000584    000001bc     ESP8266_UART.obj (.text:EUSCIA2_IRQHandler)
                  00000740    0000015c     msp432p4xx_driverlib.lib : pcm.o (.text:__PCM_setPowerModeAdvanced)
                  0000089c    00000144                              : timer_a.o (.text:privateTimer_AProcessClockSourceDivider)
                  000009e0    0000011c                              : uart.o (.text:UART_initModule)
                  00000afc    00000108                              : pcm.o (.text:__PCM_setCoreVoltageLevelAdvanced)
                  00000c04    00000104                              : cs.o (.text:_CSComputeCLKFrequency)
                  00000d08    000000f8                              : cs.o (.text:CS_getDCOFrequency)
                  00000e00    000000cc     ESP8266_UART.obj (.text:EUSCIA0_IRQHandler)
                  00000ecc    000000cc     main.obj (.text:main)
                  00000f98    000000c8     ESP8266_UART.obj (.text:UARTStartUp)
                  00001060    000000b0     Motor_Driver.obj (.text:setDirection)
                  00001110    000000a4     HCSR04.obj (.text:getHCSR04Distance)
                  000011b4    0000009c     rtsv7M4_T_le_v4SPD16_eabi.lib : memcpy_t2.asm.obj (.text)
                  00001250    00000094     msp432p4xx_driverlib.lib : sysctl_a.o (.text:SysCtl_A_getTLVInfo)
                  000012e4    00000088                              : gpio.o (.text:GPIO_setAsPeripheralModuleFunctionOutputPin)
                  0000136c    00000080                              : interrupt.o (.text:Interrupt_enableInterrupt)
                  000013ec    0000007c                              : cs.o (.text:_CSGetDOCFrequency)
                  00001468    0000007a     rtsv7M4_T_le_v4SPD16_eabi.lib : memset_t2.asm.obj (.text)
                  000014e2    00000002     startup_msp432p401r_ccs.obj (.text:Default_Handler)
                  000014e4    00000078     system_msp432p401r.obj (.text:SystemInit)
                  0000155c    00000074     msp432p4xx_driverlib.lib : timer_a.o (.text:Timer_A_generatePWM)
                  000015d0    00000068                              : timer_a.o (.text:Timer_A_configureUpMode)
                  00001638    00000068     rtsv7M4_T_le_v4SPD16_eabi.lib : copy_decompress_lzss.c.obj (.text:decompress:lzss:__TI_decompress_lzss)
                  000016a0    00000064     msp432p4xx_driverlib.lib : uart.o (.text:UART_getEnabledInterruptStatus)
                  00001704    00000062                              : cs.o (.text:_CSGetDividerValue)
                  00001766    0000005e                              : pcm.o (.text:PCM_getCoreVoltageLevel)
                  000017c4    0000005a                              : pcm.o (.text:PCM_getPowerMode)
                  0000181e    00000002     --HOLE-- [fill = 0]
                  00001820    00000058                              : gpio.o (.text:GPIO_setAsInputPinWithPullDownResistor)
                  00001878    00000054     HCSR04.obj (.text:HCSR04Setup)
                  000018cc    0000004c     msp432p4xx_driverlib.lib : timer_a.o (.text:Timer_A_getCounterValue)
                  00001918    00000048                              : flash.o (.text:FlashCtl_setWaitState)
                  00001960    00000044     rtsv7M4_T_le_v4SPD16_eabi.lib : autoinit.c.obj (.text:__TI_auto_init_nobinit_nopinit:__TI_auto_init_nobinit_nopinit)
                  000019a4    00000040     msp432p4xx_driverlib.lib : gpio.o (.text:GPIO_setAsOutputPin)
                  000019e4    0000003c     Motor_Driver.obj (.text:SetForwardDirection)
                  00001a20    0000003c     Motor_Driver.obj (.text:SetLeftDirection)
                  00001a5c    0000003c     Motor_Driver.obj (.text:SetReverseDirection)
                  00001a98    0000003c     Motor_Driver.obj (.text:SetRightDirection)
                  00001ad4    00000038     Motor_Driver.obj (.text:MotorSetup)
                  00001b0c    00000038     Motor_Driver.obj (.text:SetStop)
                  00001b44    00000038     ESP8266_UART.obj (.text:UART_Write)
                  00001b7c    00000034     msp432p4xx_driverlib.lib : cs.o (.text:CS_setDCOCenteredFrequency)
                  00001bb0    00000034                              : uart.o (.text:UART_transmitData)
                  00001be4    00000034     rtsv7M4_T_le_v4SPD16_eabi.lib : boot_cortex_m.c.obj (.text:_c_int00_noargs:_c_int00_noargs)
                  00001c18    00000030     msp432p4xx_driverlib.lib : cs.o (.text:CS_clearInterruptFlag)
                  00001c48    00000030                              : gpio.o (.text:GPIO_getInputPinValue)
                  00001c78    0000002c                              : timer_a.o (.text:Timer_A_clearCaptureCompareInterrupt)
                  00001ca4    00000028                              : cs.o (.text:CS_getSMCLK)
                  00001ccc    00000028                              : gpio.o (.text:GPIO_setOutputHighOnPin)
                  00001cf4    00000028                              : gpio.o (.text:GPIO_setOutputLowOnPin)
                  00001d1c    0000001c     HCSR04.obj (.text:TA1_0_IRQHandler)
                  00001d38    00000018     msp432p4xx_driverlib.lib : timer_a.o (.text:Timer_A_clearTimer)
                  00001d50    00000018                              : uart.o (.text:UART_getInterruptStatus)
                  00001d68    00000016                              : timer_a.o (.text:Timer_A_startCounter)
                  00001d7e    00000002     --HOLE-- [fill = 0]
                  00001d80    00000014                              : pcm.o (.text:PCM_getPowerState)
                  00001d94    00000014                              : timer_a.o (.text:Timer_A_stopTimer)
                  00001da8    00000010                              : pcm.o (.text:PCM_setCoreVoltageLevel)
                  00001db8    00000010                              : pcm.o (.text:PCM_setPowerMode)
                  00001dc8    0000000e     rtsv7M4_T_le_v4SPD16_eabi.lib : copy_decompress_none.c.obj (.text:decompress:none:__TI_decompress_none)
                  00001dd6    0000000c     startup_msp432p401r_ccs.obj (.text:Reset_Handler)
                  00001de2    0000000c     rtsv7M4_T_le_v4SPD16_eabi.lib : copy_zero_init.c.obj (.text:decompress:ZI:__TI_zero_init)
                  00001dee    00000004                                   : pre_init.c.obj (.text:_system_pre_init)
                  00001df2    00000004                                   : exit.c.obj (.text:abort:abort)

.const     0    00001df8    000000a0     
                  00001df8    00000030     msp432p4xx_driverlib.lib : gpio.o (.const:GPIO_PORT_TO_BASE)
                  00001e28    00000028     ESP8266_UART.obj (.const:$P$T0$1)
                  00001e50    00000028     ESP8266_UART.obj (.const:$P$T1$2)
                  00001e78    00000018     HCSR04.obj (.const:$P$T0$1)
                  00001e90    00000008     msp432p4xx_driverlib.lib : interrupt.o (.const:g_pulEnRegs)

.cinit     0    00001e98    00000050     
                  00001e98    0000002a     (.cinit..data.load) [load image, compression = lzss]
                  00001ec2    00000002     --HOLE-- [fill = 0]
                  00001ec4    0000000c     (__TI_handler_table)
                  00001ed0    00000008     (.cinit..bss.load) [load image, compression = zero_init]
                  00001ed8    00000010     (__TI_cinit_table)

.init_array 
*          0    00000000    00000000     UNINITIALIZED

.binit     0    00000000    00000000     

.bss       0    20000000    0000100c     UNINITIALIZED
                  20000000    00000800     (.common:UARTA0Data)
                  20000800    00000800     (.common:UARTA2Data)
                  20001000    00000008     msp432p4xx_driverlib.lib : cs.o (.bss)
                  20001008    00000004     (.common:SR04IntTimes)

.data      0    2000100c    00000046     UNINITIALIZED
                  2000100c    00000018     Motor_Driver.obj (.data:pwmConfig2)
                  20001024    00000018     Motor_Driver.obj (.data:pwmConfig)
                  2000103c    00000016     ESP8266_UART.obj (.data)

.stack     0    2000fe00    00000200     UNINITIALIZED
                  2000fe00    00000004     rtsv7M4_T_le_v4SPD16_eabi.lib : boot_cortex_m.c.obj (.stack)
                  2000fe04    000001fc     --HOLE--

__llvm_prf_cnts 
*          0    20000000    00000000     UNINITIALIZED

MODULE SUMMARY

       Module                        code   ro data   rw data
       ------                        ----   -------   -------
    .\
       ESP8266_UART.obj              2088   80        8236   
       Motor_Driver.obj              528    0         96     
       HCSR04.obj                    276    24        8      
       main.obj                      204    0         0      
       system_msp432p401r.obj        120    0         0      
    +--+-----------------------------+------+---------+---------+
       Total:                        3216   104       8340   
                                                             
    .\ccs\
       startup_msp432p401r_ccs.obj   14     228       0      
    +--+-----------------------------+------+---------+---------+
       Total:                        14     228       0      
                                                             
    C:/ti/simplelink_msp432p4_sdk_3_40_01_02/source/ti/devices/msp432p4xx/driverlib/ccs/msp432p4xx_driverlib.lib
       cs.o                          870    0         16     
       pcm.o                         848    0         0      
       timer_a.o                     730    0         0      
       gpio.o                        416    48        0      
       uart.o                        460    0         0      
       sysctl_a.o                    148    0         0      
       interrupt.o                   128    8         0      
       flash.o                       72     0         0      
    +--+-----------------------------+------+---------+---------+
       Total:                        3672   56        16     
                                                             
    C:\ti\simplelink_msp432p4_sdk_3_40_01_02\ti-cgt-arm_20.2.4.LTS\lib\rtsv7M4_T_le_v4SPD16_eabi.lib
       memcpy_t2.asm.obj             156    0         0      
       memset_t2.asm.obj             122    0         0      
       copy_decompress_lzss.c.obj    104    0         0      
       autoinit.c.obj                68     0         0      
       boot_cortex_m.c.obj           52     0         0      
       copy_decompress_none.c.obj    14     0         0      
       copy_zero_init.c.obj          12     0         0      
       exit.c.obj                    4      0         0      
       pre_init.c.obj                4      0         0      
    +--+-----------------------------+------+---------+---------+
       Total:                        536    0         0      
                                                             
       Stack:                        0      0         1024   
       Linker Generated:             0      78        0      
    +--+-----------------------------+------+---------+---------+
       Grand Total:                  7438   466       9380   


LINKER GENERATED COPY TABLES

__TI_cinit_table @ 00001ed8 records: 2, size/record: 8, table size: 16
	.data: load addr=00001e98, load size=0000002a bytes, run addr=2000100c, run size=00000046 bytes, compression=lzss
	.bss: load addr=00001ed0, load size=00000008 bytes, run addr=20000000, run size=0000100c bytes, compression=zero_init


LINKER GENERATED HANDLER TABLE

__TI_handler_table @ 00001ec4 records: 3, size/record: 4, table size: 12
	index: 0, handler: __TI_decompress_lzss
	index: 1, handler: __TI_decompress_none
	index: 2, handler: __TI_zero_init


GLOBAL SYMBOLS: SORTED ALPHABETICALLY BY Name 

address   name                                       
-------   ----                                       
000014e3  ADC14_IRQHandler                           
000014e3  AES256_IRQHandler                          
000014e3  BusFault_Handler                           
00001df3  C$$EXIT                                    
000014e3  COMP_E0_IRQHandler                         
000014e3  COMP_E1_IRQHandler                         
000014e3  CS_IRQHandler                              
00001c19  CS_clearInterruptFlag                      
00000d09  CS_getDCOFrequency                         
00001ca5  CS_getSMCLK                                
00001b7d  CS_setDCOCenteredFrequency                 
000014e3  DMA_ERR_IRQHandler                         
000014e3  DMA_INT0_IRQHandler                        
000014e3  DMA_INT1_IRQHandler                        
000014e3  DMA_INT2_IRQHandler                        
000014e3  DMA_INT3_IRQHandler                        
000014e3  DebugMon_Handler                           
000014e3  Default_Handler                            
20001044  ESP8266DataIndex                           
00000359  ESP8266Terminal                            
20001049  ESPStartUp                                 
00000e01  EUSCIA0_IRQHandler                         
00000e01  EUSCIA0_IRQHandler                         
000014e3  EUSCIA1_IRQHandler                         
00000585  EUSCIA2_IRQHandler                         
00000585  EUSCIA2_IRQHandler                         
000014e3  EUSCIA3_IRQHandler                         
000014e3  EUSCIB0_IRQHandler                         
000014e3  EUSCIB1_IRQHandler                         
000014e3  EUSCIB2_IRQHandler                         
000014e3  EUSCIB3_IRQHandler                         
000014e3  FLCTL_IRQHandler                           
000014e3  FPU_IRQHandler                             
00001919  FlashCtl_setWaitState                      
00001c49  GPIO_getInputPinValue                      
00001821  GPIO_setAsInputPinWithPullDownResistor     
000019a5  GPIO_setAsOutputPin                        
000012e5  GPIO_setAsPeripheralModuleFunctionOutputPin
00001ccd  GPIO_setOutputHighOnPin                    
00001cf5  GPIO_setOutputLowOnPin                     
00001879  HCSR04Setup                                
000014e3  HardFault_Handler                          
2000104a  ID                                         
0000136d  Interrupt_enableInterrupt                  
000014e3  MemManage_Handler                          
00001ad5  MotorSetup                                 
000014e3  NMI_Handler                                
000014e3  PCM_IRQHandler                             
00001767  PCM_getCoreVoltageLevel                    
000017c5  PCM_getPowerMode                           
00001d81  PCM_getPowerState                          
00001da9  PCM_setCoreVoltageLevel                    
00001db9  PCM_setPowerMode                           
000014e3  PORT1_IRQHandler                           
000014e3  PORT2_IRQHandler                           
000014e3  PORT3_IRQHandler                           
000014e3  PORT4_IRQHandler                           
000014e3  PORT5_IRQHandler                           
000014e3  PORT6_IRQHandler                           
000014e3  PSS_IRQHandler                             
000014e3  PendSV_Handler                             
000014e3  RTC_C_IRQHandler                           
00001dd7  Reset_Handler                              
20001008  SR04IntTimes                               
000014e3  SVC_Handler                                
000019e5  SetForwardDirection                        
00001a21  SetLeftDirection                           
00001a5d  SetReverseDirection                        
00001a99  SetRightDirection                          
00001b0d  SetStop                                    
00001251  SysCtl_A_getTLVInfo                        
000014e3  SysTick_Handler                            
000014e5  SystemInit                                 
000014e3  T32_INT1_IRQHandler                        
000014e3  T32_INT2_IRQHandler                        
000014e3  T32_INTC_IRQHandler                        
000014e3  TA0_0_IRQHandler                           
000014e3  TA0_N_IRQHandler                           
00001d1d  TA1_0_IRQHandler                           
00001d1d  TA1_0_IRQHandler                           
000014e3  TA1_N_IRQHandler                           
000014e3  TA2_0_IRQHandler                           
000014e3  TA2_N_IRQHandler                           
000014e3  TA3_0_IRQHandler                           
000014e3  TA3_N_IRQHandler                           
00001c79  Timer_A_clearCaptureCompareInterrupt       
00001d39  Timer_A_clearTimer                         
000015d1  Timer_A_configureUpMode                    
0000155d  Timer_A_generatePWM                        
000018cd  Timer_A_getCounterValue                    
00001d69  Timer_A_startCounter                       
00001d95  Timer_A_stopTimer                          
20000000  UARTA0Data                                 
20001050  UARTA0Receive                              
2000104c  UARTA0ReceiveIndex                         
20000800  UARTA2Data                                 
20001048  UARTA2Receive                              
2000103c  UARTA2ReceiveIndex                         
00000f99  UARTStartUp                                
00001b45  UART_Write                                 
000016a1  UART_getEnabledInterruptStatus             
00001d51  UART_getInterruptStatus                    
000009e1  UART_initModule                            
00001bb1  UART_transmitData                          
000014e3  UsageFault_Handler                         
4000480c  WDTCTL_SYM                                 
000014e3  WDT_A_IRQHandler                           
20010000  __STACK_END                                
00000200  __STACK_SIZE                               
00001ed8  __TI_CINIT_Base                            
00001ee8  __TI_CINIT_Limit                           
00001ec4  __TI_Handler_Table_Base                    
00001ed0  __TI_Handler_Table_Limit                   
00001961  __TI_auto_init_nobinit_nopinit             
00001639  __TI_decompress_lzss                       
00001dc9  __TI_decompress_none                       
ffffffff  __TI_pprof_out_hndl                        
ffffffff  __TI_prof_data_size                        
ffffffff  __TI_prof_data_start                       
00000000  __TI_static_base__                         
00001de3  __TI_zero_init                             
00001469  __aeabi_memclr                             
00001469  __aeabi_memclr4                            
00001469  __aeabi_memclr8                            
000011b5  __aeabi_memcpy                             
000011b5  __aeabi_memcpy4                            
000011b5  __aeabi_memcpy8                            
0000146b  __aeabi_memset                             
0000146b  __aeabi_memset4                            
0000146b  __aeabi_memset8                            
ffffffff  __binit__                                  
ffffffff  __c_args__                                 
UNDEFED   __mpu_init                                 
2000fe00  __stack                                    
20000000  __start___llvm_prf_cnts                    
20000000  __stop___llvm_prf_cnts                     
00001be5  _c_int00_noargs                            
UNDEFED   _system_post_cinit                         
00001def  _system_pre_init                           
00001df3  abort                                      
ffffffff  binit                                      
000000e5  esp8266StartUp                             
00001111  getHCSR04Distance                          
20001040  index                                      
20001051  instructionFlag                            
00000000  interruptVectors                           
00000ecd  main                                       
000011b5  memcpy                                     
00001471  memset                                     
20001024  pwmConfig                                  
2000100c  pwmConfig2                                 
00001061  setDirection                               


GLOBAL SYMBOLS: SORTED BY Symbol Address 

address   name                                       
-------   ----                                       
00000000  __TI_static_base__                         
00000000  interruptVectors                           
000000e5  esp8266StartUp                             
00000200  __STACK_SIZE                               
00000359  ESP8266Terminal                            
00000585  EUSCIA2_IRQHandler                         
00000585  EUSCIA2_IRQHandler                         
000009e1  UART_initModule                            
00000d09  CS_getDCOFrequency                         
00000e01  EUSCIA0_IRQHandler                         
00000e01  EUSCIA0_IRQHandler                         
00000ecd  main                                       
00000f99  UARTStartUp                                
00001061  setDirection                               
00001111  getHCSR04Distance                          
000011b5  __aeabi_memcpy                             
000011b5  __aeabi_memcpy4                            
000011b5  __aeabi_memcpy8                            
000011b5  memcpy                                     
00001251  SysCtl_A_getTLVInfo                        
000012e5  GPIO_setAsPeripheralModuleFunctionOutputPin
0000136d  Interrupt_enableInterrupt                  
00001469  __aeabi_memclr                             
00001469  __aeabi_memclr4                            
00001469  __aeabi_memclr8                            
0000146b  __aeabi_memset                             
0000146b  __aeabi_memset4                            
0000146b  __aeabi_memset8                            
00001471  memset                                     
000014e3  ADC14_IRQHandler                           
000014e3  AES256_IRQHandler                          
000014e3  BusFault_Handler                           
000014e3  COMP_E0_IRQHandler                         
000014e3  COMP_E1_IRQHandler                         
000014e3  CS_IRQHandler                              
000014e3  DMA_ERR_IRQHandler                         
000014e3  DMA_INT0_IRQHandler                        
000014e3  DMA_INT1_IRQHandler                        
000014e3  DMA_INT2_IRQHandler                        
000014e3  DMA_INT3_IRQHandler                        
000014e3  DebugMon_Handler                           
000014e3  Default_Handler                            
000014e3  EUSCIA1_IRQHandler                         
000014e3  EUSCIA3_IRQHandler                         
000014e3  EUSCIB0_IRQHandler                         
000014e3  EUSCIB1_IRQHandler                         
000014e3  EUSCIB2_IRQHandler                         
000014e3  EUSCIB3_IRQHandler                         
000014e3  FLCTL_IRQHandler                           
000014e3  FPU_IRQHandler                             
000014e3  HardFault_Handler                          
000014e3  MemManage_Handler                          
000014e3  NMI_Handler                                
000014e3  PCM_IRQHandler                             
000014e3  PORT1_IRQHandler                           
000014e3  PORT2_IRQHandler                           
000014e3  PORT3_IRQHandler                           
000014e3  PORT4_IRQHandler                           
000014e3  PORT5_IRQHandler                           
000014e3  PORT6_IRQHandler                           
000014e3  PSS_IRQHandler                             
000014e3  PendSV_Handler                             
000014e3  RTC_C_IRQHandler                           
000014e3  SVC_Handler                                
000014e3  SysTick_Handler                            
000014e3  T32_INT1_IRQHandler                        
000014e3  T32_INT2_IRQHandler                        
000014e3  T32_INTC_IRQHandler                        
000014e3  TA0_0_IRQHandler                           
000014e3  TA0_N_IRQHandler                           
000014e3  TA1_N_IRQHandler                           
000014e3  TA2_0_IRQHandler                           
000014e3  TA2_N_IRQHandler                           
000014e3  TA3_0_IRQHandler                           
000014e3  TA3_N_IRQHandler                           
000014e3  UsageFault_Handler                         
000014e3  WDT_A_IRQHandler                           
000014e5  SystemInit                                 
0000155d  Timer_A_generatePWM                        
000015d1  Timer_A_configureUpMode                    
00001639  __TI_decompress_lzss                       
000016a1  UART_getEnabledInterruptStatus             
00001767  PCM_getCoreVoltageLevel                    
000017c5  PCM_getPowerMode                           
00001821  GPIO_setAsInputPinWithPullDownResistor     
00001879  HCSR04Setup                                
000018cd  Timer_A_getCounterValue                    
00001919  FlashCtl_setWaitState                      
00001961  __TI_auto_init_nobinit_nopinit             
000019a5  GPIO_setAsOutputPin                        
000019e5  SetForwardDirection                        
00001a21  SetLeftDirection                           
00001a5d  SetReverseDirection                        
00001a99  SetRightDirection                          
00001ad5  MotorSetup                                 
00001b0d  SetStop                                    
00001b45  UART_Write                                 
00001b7d  CS_setDCOCenteredFrequency                 
00001bb1  UART_transmitData                          
00001be5  _c_int00_noargs                            
00001c19  CS_clearInterruptFlag                      
00001c49  GPIO_getInputPinValue                      
00001c79  Timer_A_clearCaptureCompareInterrupt       
00001ca5  CS_getSMCLK                                
00001ccd  GPIO_setOutputHighOnPin                    
00001cf5  GPIO_setOutputLowOnPin                     
00001d1d  TA1_0_IRQHandler                           
00001d1d  TA1_0_IRQHandler                           
00001d39  Timer_A_clearTimer                         
00001d51  UART_getInterruptStatus                    
00001d69  Timer_A_startCounter                       
00001d81  PCM_getPowerState                          
00001d95  Timer_A_stopTimer                          
00001da9  PCM_setCoreVoltageLevel                    
00001db9  PCM_setPowerMode                           
00001dc9  __TI_decompress_none                       
00001dd7  Reset_Handler                              
00001de3  __TI_zero_init                             
00001def  _system_pre_init                           
00001df3  C$$EXIT                                    
00001df3  abort                                      
00001ec4  __TI_Handler_Table_Base                    
00001ed0  __TI_Handler_Table_Limit                   
00001ed8  __TI_CINIT_Base                            
00001ee8  __TI_CINIT_Limit                           
20000000  UARTA0Data                                 
20000000  __start___llvm_prf_cnts                    
20000000  __stop___llvm_prf_cnts                     
20000800  UARTA2Data                                 
20001008  SR04IntTimes                               
2000100c  pwmConfig2                                 
20001024  pwmConfig                                  
2000103c  UARTA2ReceiveIndex                         
20001040  index                                      
20001044  ESP8266DataIndex                           
20001048  UARTA2Receive                              
20001049  ESPStartUp                                 
2000104a  ID                                         
2000104c  UARTA0ReceiveIndex                         
20001050  UARTA0Receive                              
20001051  instructionFlag                            
2000fe00  __stack                                    
20010000  __STACK_END                                
4000480c  WDTCTL_SYM                                 
ffffffff  __TI_pprof_out_hndl                        
ffffffff  __TI_prof_data_size                        
ffffffff  __TI_prof_data_start                       
ffffffff  __binit__                                  
ffffffff  __c_args__                                 
ffffffff  binit                                      
UNDEFED   __mpu_init                                 
UNDEFED   _system_post_cinit                         

[152 symbols]
