******************************************************************************
                  TI ARM Linker PC v20.2.4                     
******************************************************************************
>> Linked Thu Nov 18 18:27:00 2021

OUTPUT FILE NAME:   <Project (WIP Integrate).out>
ENTRY POINT SYMBOL: "_c_int00_noargs"  address: 00001a31


MEMORY CONFIGURATION

         name            origin    length      used     unused   attr    fill
----------------------  --------  ---------  --------  --------  ----  --------
  MAIN                  00000000   00040000  00001d32  0003e2ce  R  X
  INFO                  00200000   00004000  00000000  00004000  R  X
  SRAM_CODE             01000000   00010000  00001a51  0000e5af  RW X
  SRAM_DATA             20000000   00010000  00001a51  0000e5af  RW  


SEGMENT ALLOCATION MAP

run origin  load origin   length   init length attrs members
----------  ----------- ---------- ----------- ----- -------
00000000    00000000    00001d38   00001d38    r-x
  00000000    00000000    000000e4   000000e4    r-- .intvecs
  000000e4    000000e4    00001b5e   00001b5e    r-x .text
  00001c44    00001c44    000000a0   000000a0    r-- .const
  00001ce8    00001ce8    00000050   00000050    r-- .cinit
20000000    20000000    00001851   00000000    rw-
  20000000    20000000    0000180c   00000000    rw- .bss
  2000180c    2000180c    00000045   00000000    rw- .data
2000fe00    2000fe00    00000200   00000000    rw-
  2000fe00    2000fe00    00000200   00000000    rw- .stack


SECTION ALLOCATION MAP

 output                                  attributes/
section   page    origin      length       input sections
--------  ----  ----------  ----------   ----------------
.intvecs   0    00000000    000000e4     
                  00000000    000000e4     startup_msp432p401r_ccs.obj (.intvecs:retain)

.text      0    000000e4    00001b5e     
                  000000e4    00000230     ESP8266_UART.obj (.text:EUSCIA2_IRQHandler)
                  00000314    00000218     ESP8266_UART.obj (.text:esp8266StartUp)
                  0000052c    0000015c     msp432p4xx_driverlib.lib : pcm.o (.text:__PCM_setPowerModeAdvanced)
                  00000688    00000144                              : timer_a.o (.text:privateTimer_AProcessClockSourceDivider)
                  000007cc    0000011c                              : uart.o (.text:UART_initModule)
                  000008e8    00000108                              : pcm.o (.text:__PCM_setCoreVoltageLevelAdvanced)
                  000009f0    00000104                              : cs.o (.text:_CSComputeCLKFrequency)
                  00000af4    000000f8                              : cs.o (.text:CS_getDCOFrequency)
                  00000bec    000000cc     ESP8266_UART.obj (.text:EUSCIA0_IRQHandler)
                  00000cb8    000000cc     main.obj (.text:main)
                  00000d84    000000c8     ESP8266_UART.obj (.text:UARTStartUp)
                  00000e4c    000000b0     Motor_Driver.obj (.text:setDirection)
                  00000efc    000000a4     HCSR04.obj (.text:getHCSR04Distance)
                  00000fa0    0000009c     rtsv7M4_T_le_v4SPD16_eabi.lib : memcpy_t2.asm.obj (.text)
                  0000103c    00000094     msp432p4xx_driverlib.lib : sysctl_a.o (.text:SysCtl_A_getTLVInfo)
                  000010d0    00000088                              : gpio.o (.text:GPIO_setAsPeripheralModuleFunctionOutputPin)
                  00001158    00000080                              : interrupt.o (.text:Interrupt_enableInterrupt)
                  000011d8    0000007c                              : cs.o (.text:_CSGetDOCFrequency)
                  00001254    0000007a     rtsv7M4_T_le_v4SPD16_eabi.lib : memset_t2.asm.obj (.text)
                  000012ce    00000002     startup_msp432p401r_ccs.obj (.text:Default_Handler)
                  000012d0    00000078     system_msp432p401r.obj (.text:SystemInit)
                  00001348    00000074     msp432p4xx_driverlib.lib : timer_a.o (.text:Timer_A_generatePWM)
                  000013bc    00000068                              : timer_a.o (.text:Timer_A_configureUpMode)
                  00001424    00000068     rtsv7M4_T_le_v4SPD16_eabi.lib : copy_decompress_lzss.c.obj (.text:decompress:lzss:__TI_decompress_lzss)
                  0000148c    00000064     msp432p4xx_driverlib.lib : uart.o (.text:UART_getEnabledInterruptStatus)
                  000014f0    00000062                              : cs.o (.text:_CSGetDividerValue)
                  00001552    0000005e                              : pcm.o (.text:PCM_getCoreVoltageLevel)
                  000015b0    0000005a                              : pcm.o (.text:PCM_getPowerMode)
                  0000160a    00000002     --HOLE-- [fill = 0]
                  0000160c    00000058                              : gpio.o (.text:GPIO_setAsInputPinWithPullDownResistor)
                  00001664    00000054     HCSR04.obj (.text:HCSR04Setup)
                  000016b8    00000052     ESP8266_UART.obj (.text:ESP8266Terminal)
                  0000170a    0000004c     msp432p4xx_driverlib.lib : timer_a.o (.text:Timer_A_getCounterValue)
                  00001756    00000002     --HOLE-- [fill = 0]
                  00001758    00000048                              : flash.o (.text:FlashCtl_setWaitState)
                  000017a0    00000044     rtsv7M4_T_le_v4SPD16_eabi.lib : autoinit.c.obj (.text:__TI_auto_init_nobinit_nopinit:__TI_auto_init_nobinit_nopinit)
                  000017e4    00000042     ESP8266_UART.obj (.text:UART_Write)
                  00001826    00000002     --HOLE-- [fill = 0]
                  00001828    00000040     msp432p4xx_driverlib.lib : gpio.o (.text:GPIO_setAsOutputPin)
                  00001868    0000003c     Motor_Driver.obj (.text:SetForwardDirection)
                  000018a4    0000003c     Motor_Driver.obj (.text:SetLeftDirection)
                  000018e0    0000003c     Motor_Driver.obj (.text:SetReverseDirection)
                  0000191c    0000003c     Motor_Driver.obj (.text:SetRightDirection)
                  00001958    00000038     Motor_Driver.obj (.text:MotorSetup)
                  00001990    00000038     Motor_Driver.obj (.text:SetStop)
                  000019c8    00000034     msp432p4xx_driverlib.lib : cs.o (.text:CS_setDCOCenteredFrequency)
                  000019fc    00000034                              : uart.o (.text:UART_transmitData)
                  00001a30    00000034     rtsv7M4_T_le_v4SPD16_eabi.lib : boot_cortex_m.c.obj (.text:_c_int00_noargs:_c_int00_noargs)
                  00001a64    00000030     msp432p4xx_driverlib.lib : cs.o (.text:CS_clearInterruptFlag)
                  00001a94    00000030                              : gpio.o (.text:GPIO_getInputPinValue)
                  00001ac4    0000002c                              : timer_a.o (.text:Timer_A_clearCaptureCompareInterrupt)
                  00001af0    00000028                              : cs.o (.text:CS_getSMCLK)
                  00001b18    00000028                              : gpio.o (.text:GPIO_setOutputHighOnPin)
                  00001b40    00000028                              : gpio.o (.text:GPIO_setOutputLowOnPin)
                  00001b68    0000001c     HCSR04.obj (.text:TA1_0_IRQHandler)
                  00001b84    00000018     msp432p4xx_driverlib.lib : timer_a.o (.text:Timer_A_clearTimer)
                  00001b9c    00000018                              : uart.o (.text:UART_getInterruptStatus)
                  00001bb4    00000016                              : timer_a.o (.text:Timer_A_startCounter)
                  00001bca    00000002     --HOLE-- [fill = 0]
                  00001bcc    00000014                              : pcm.o (.text:PCM_getPowerState)
                  00001be0    00000014                              : timer_a.o (.text:Timer_A_stopTimer)
                  00001bf4    00000010                              : pcm.o (.text:PCM_setCoreVoltageLevel)
                  00001c04    00000010                              : pcm.o (.text:PCM_setPowerMode)
                  00001c14    0000000e     rtsv7M4_T_le_v4SPD16_eabi.lib : copy_decompress_none.c.obj (.text:decompress:none:__TI_decompress_none)
                  00001c22    0000000c     startup_msp432p401r_ccs.obj (.text:Reset_Handler)
                  00001c2e    0000000c     rtsv7M4_T_le_v4SPD16_eabi.lib : copy_zero_init.c.obj (.text:decompress:ZI:__TI_zero_init)
                  00001c3a    00000004                                   : pre_init.c.obj (.text:_system_pre_init)
                  00001c3e    00000004                                   : exit.c.obj (.text:abort:abort)

.const     0    00001c44    000000a0     
                  00001c44    00000030     msp432p4xx_driverlib.lib : gpio.o (.const:GPIO_PORT_TO_BASE)
                  00001c74    00000028     ESP8266_UART.obj (.const:$P$T0$1)
                  00001c9c    00000028     ESP8266_UART.obj (.const:$P$T1$2)
                  00001cc4    00000018     HCSR04.obj (.const:$P$T0$1)
                  00001cdc    00000008     msp432p4xx_driverlib.lib : interrupt.o (.const:g_pulEnRegs)

.cinit     0    00001ce8    00000050     
                  00001ce8    0000002b     (.cinit..data.load) [load image, compression = lzss]
                  00001d13    00000001     --HOLE-- [fill = 0]
                  00001d14    0000000c     (__TI_handler_table)
                  00001d20    00000008     (.cinit..bss.load) [load image, compression = zero_init]
                  00001d28    00000010     (__TI_cinit_table)

.init_array 
*          0    00000000    00000000     UNINITIALIZED

.binit     0    00000000    00000000     

.bss       0    20000000    0000180c     UNINITIALIZED
                  20000000    00000800     (.common:ESP8266Data)
                  20000800    00000800     (.common:UARTA0Data)
                  20001000    00000800     (.common:UARTA2Data)
                  20001800    00000008     msp432p4xx_driverlib.lib : cs.o (.bss)
                  20001808    00000004     (.common:SR04IntTimes)

.data      0    2000180c    00000045     UNINITIALIZED
                  2000180c    00000018     Motor_Driver.obj (.data:pwmConfig2)
                  20001824    00000018     Motor_Driver.obj (.data:pwmConfig)
                  2000183c    00000015     ESP8266_UART.obj (.data)

.stack     0    2000fe00    00000200     UNINITIALIZED
                  2000fe00    00000004     rtsv7M4_T_le_v4SPD16_eabi.lib : boot_cortex_m.c.obj (.stack)
                  2000fe04    000001fc     --HOLE--

__llvm_prf_cnts 
*          0    20000000    00000000     UNINITIALIZED

MODULE SUMMARY

       Module                        code   ro data   rw data
       ------                        ----   -------   -------
    .\
       ESP8266_UART.obj              1648   80        12330  
       Motor_Driver.obj              528    0         96     
       HCSR04.obj                    276    24        8      
       main.obj                      204    0         0      
       system_msp432p401r.obj        120    0         0      
    +--+-----------------------------+------+---------+---------+
       Total:                        2776   104       12434  
                                                             
    .\ccs\
       startup_msp432p401r_ccs.obj   14     228       0      
    +--+-----------------------------+------+---------+---------+
       Total:                        14     228       0      
                                                             
    C:\ti\ti-cgt-arm_20.2.4.LTS\lib\rtsv7M4_T_le_v4SPD16_eabi.lib
       memcpy_t2.asm.obj             156    0         0      
       memset_t2.asm.obj             122    0         0      
       copy_decompress_lzss.c.obj    104    0         0      
       autoinit.c.obj                68     0         0      
       boot_cortex_m.c.obj           52     0         0      
       copy_decompress_none.c.obj    14     0         0      
       copy_zero_init.c.obj          12     0         0      
       exit.c.obj                    4      0         0      
       pre_init.c.obj                4      0         0      
    +--+-----------------------------+------+---------+---------+
       Total:                        536    0         0      
                                                             
    D:/ti/simplelink_msp432p4_sdk_3_40_01_02/source/ti/devices/msp432p4xx/driverlib/ccs/msp432p4xx_driverlib.lib
       cs.o                          870    0         16     
       pcm.o                         848    0         0      
       timer_a.o                     730    0         0      
       gpio.o                        416    48        0      
       uart.o                        460    0         0      
       sysctl_a.o                    148    0         0      
       interrupt.o                   128    8         0      
       flash.o                       72     0         0      
    +--+-----------------------------+------+---------+---------+
       Total:                        3672   56        16     
                                                             
       Stack:                        0      0         1024   
       Linker Generated:             0      79        0      
    +--+-----------------------------+------+---------+---------+
       Grand Total:                  6998   467       13474  


LINKER GENERATED COPY TABLES

__TI_cinit_table @ 00001d28 records: 2, size/record: 8, table size: 16
	.data: load addr=00001ce8, load size=0000002b bytes, run addr=2000180c, run size=00000045 bytes, compression=lzss
	.bss: load addr=00001d20, load size=00000008 bytes, run addr=20000000, run size=0000180c bytes, compression=zero_init


LINKER GENERATED HANDLER TABLE

__TI_handler_table @ 00001d14 records: 3, size/record: 4, table size: 12
	index: 0, handler: __TI_decompress_lzss
	index: 1, handler: __TI_decompress_none
	index: 2, handler: __TI_zero_init


GLOBAL SYMBOLS: SORTED ALPHABETICALLY BY Name 

address   name                                       
-------   ----                                       
000012cf  ADC14_IRQHandler                           
000012cf  AES256_IRQHandler                          
000012cf  BusFault_Handler                           
00001c3f  C$$EXIT                                    
000012cf  COMP_E0_IRQHandler                         
000012cf  COMP_E1_IRQHandler                         
000012cf  CS_IRQHandler                              
00001a65  CS_clearInterruptFlag                      
00000af5  CS_getDCOFrequency                         
00001af1  CS_getSMCLK                                
000019c9  CS_setDCOCenteredFrequency                 
000012cf  DMA_ERR_IRQHandler                         
000012cf  DMA_INT0_IRQHandler                        
000012cf  DMA_INT1_IRQHandler                        
000012cf  DMA_INT2_IRQHandler                        
000012cf  DMA_INT3_IRQHandler                        
000012cf  DebugMon_Handler                           
000012cf  Default_Handler                            
20000000  ESP8266Data                                
20001844  ESP8266DataIndex                           
000016b9  ESP8266Terminal                            
20001849  ESPStartUp                                 
00000bed  EUSCIA0_IRQHandler                         
00000bed  EUSCIA0_IRQHandler                         
000012cf  EUSCIA1_IRQHandler                         
000000e5  EUSCIA2_IRQHandler                         
000000e5  EUSCIA2_IRQHandler                         
000012cf  EUSCIA3_IRQHandler                         
000012cf  EUSCIB0_IRQHandler                         
000012cf  EUSCIB1_IRQHandler                         
000012cf  EUSCIB2_IRQHandler                         
000012cf  EUSCIB3_IRQHandler                         
000012cf  FLCTL_IRQHandler                           
000012cf  FPU_IRQHandler                             
00001759  FlashCtl_setWaitState                      
00001a95  GPIO_getInputPinValue                      
0000160d  GPIO_setAsInputPinWithPullDownResistor     
00001829  GPIO_setAsOutputPin                        
000010d1  GPIO_setAsPeripheralModuleFunctionOutputPin
00001b19  GPIO_setOutputHighOnPin                    
00001b41  GPIO_setOutputLowOnPin                     
00001665  HCSR04Setup                                
000012cf  HardFault_Handler                          
00001159  Interrupt_enableInterrupt                  
000012cf  MemManage_Handler                          
00001959  MotorSetup                                 
000012cf  NMI_Handler                                
000012cf  PCM_IRQHandler                             
00001553  PCM_getCoreVoltageLevel                    
000015b1  PCM_getPowerMode                           
00001bcd  PCM_getPowerState                          
00001bf5  PCM_setCoreVoltageLevel                    
00001c05  PCM_setPowerMode                           
000012cf  PORT1_IRQHandler                           
000012cf  PORT2_IRQHandler                           
000012cf  PORT3_IRQHandler                           
000012cf  PORT4_IRQHandler                           
000012cf  PORT5_IRQHandler                           
000012cf  PORT6_IRQHandler                           
000012cf  PSS_IRQHandler                             
000012cf  PendSV_Handler                             
000012cf  RTC_C_IRQHandler                           
00001c23  Reset_Handler                              
20001808  SR04IntTimes                               
000012cf  SVC_Handler                                
00001869  SetForwardDirection                        
000018a5  SetLeftDirection                           
000018e1  SetReverseDirection                        
0000191d  SetRightDirection                          
00001991  SetStop                                    
0000103d  SysCtl_A_getTLVInfo                        
000012cf  SysTick_Handler                            
000012d1  SystemInit                                 
000012cf  T32_INT1_IRQHandler                        
000012cf  T32_INT2_IRQHandler                        
000012cf  T32_INTC_IRQHandler                        
000012cf  TA0_0_IRQHandler                           
000012cf  TA0_N_IRQHandler                           
00001b69  TA1_0_IRQHandler                           
00001b69  TA1_0_IRQHandler                           
000012cf  TA1_N_IRQHandler                           
000012cf  TA2_0_IRQHandler                           
000012cf  TA2_N_IRQHandler                           
000012cf  TA3_0_IRQHandler                           
000012cf  TA3_N_IRQHandler                           
00001ac5  Timer_A_clearCaptureCompareInterrupt       
00001b85  Timer_A_clearTimer                         
000013bd  Timer_A_configureUpMode                    
00001349  Timer_A_generatePWM                        
0000170b  Timer_A_getCounterValue                    
00001bb5  Timer_A_startCounter                       
00001be1  Timer_A_stopTimer                          
20000800  UARTA0Data                                 
20001850  UARTA0Receive                              
2000184c  UARTA0ReceiveIndex                         
20001000  UARTA2Data                                 
20001848  UARTA2Receive                              
2000183c  UARTA2ReceiveIndex                         
00000d85  UARTStartUp                                
000017e5  UART_Write                                 
0000148d  UART_getEnabledInterruptStatus             
00001b9d  UART_getInterruptStatus                    
000007cd  UART_initModule                            
000019fd  UART_transmitData                          
000012cf  UsageFault_Handler                         
4000480c  WDTCTL_SYM                                 
000012cf  WDT_A_IRQHandler                           
20010000  __STACK_END                                
00000200  __STACK_SIZE                               
00001d28  __TI_CINIT_Base                            
00001d38  __TI_CINIT_Limit                           
00001d14  __TI_Handler_Table_Base                    
00001d20  __TI_Handler_Table_Limit                   
000017a1  __TI_auto_init_nobinit_nopinit             
00001425  __TI_decompress_lzss                       
00001c15  __TI_decompress_none                       
ffffffff  __TI_pprof_out_hndl                        
ffffffff  __TI_prof_data_size                        
ffffffff  __TI_prof_data_start                       
00000000  __TI_static_base__                         
00001c2f  __TI_zero_init                             
00001255  __aeabi_memclr                             
00001255  __aeabi_memclr4                            
00001255  __aeabi_memclr8                            
00000fa1  __aeabi_memcpy                             
00000fa1  __aeabi_memcpy4                            
00000fa1  __aeabi_memcpy8                            
00001257  __aeabi_memset                             
00001257  __aeabi_memset4                            
00001257  __aeabi_memset8                            
ffffffff  __binit__                                  
ffffffff  __c_args__                                 
UNDEFED   __mpu_init                                 
2000fe00  __stack                                    
20000000  __start___llvm_prf_cnts                    
20000000  __stop___llvm_prf_cnts                     
00001a31  _c_int00_noargs                            
UNDEFED   _system_post_cinit                         
00001c3b  _system_pre_init                           
00001c3f  abort                                      
ffffffff  binit                                      
00000315  esp8266StartUp                             
00000efd  getHCSR04Distance                          
20001840  index                                      
00000000  interruptVectors                           
00000cb9  main                                       
00000fa1  memcpy                                     
0000125d  memset                                     
20001824  pwmConfig                                  
2000180c  pwmConfig2                                 
00000e4d  setDirection                               


GLOBAL SYMBOLS: SORTED BY Symbol Address 

address   name                                       
-------   ----                                       
00000000  __TI_static_base__                         
00000000  interruptVectors                           
000000e5  EUSCIA2_IRQHandler                         
000000e5  EUSCIA2_IRQHandler                         
00000200  __STACK_SIZE                               
00000315  esp8266StartUp                             
000007cd  UART_initModule                            
00000af5  CS_getDCOFrequency                         
00000bed  EUSCIA0_IRQHandler                         
00000bed  EUSCIA0_IRQHandler                         
00000cb9  main                                       
00000d85  UARTStartUp                                
00000e4d  setDirection                               
00000efd  getHCSR04Distance                          
00000fa1  __aeabi_memcpy                             
00000fa1  __aeabi_memcpy4                            
00000fa1  __aeabi_memcpy8                            
00000fa1  memcpy                                     
0000103d  SysCtl_A_getTLVInfo                        
000010d1  GPIO_setAsPeripheralModuleFunctionOutputPin
00001159  Interrupt_enableInterrupt                  
00001255  __aeabi_memclr                             
00001255  __aeabi_memclr4                            
00001255  __aeabi_memclr8                            
00001257  __aeabi_memset                             
00001257  __aeabi_memset4                            
00001257  __aeabi_memset8                            
0000125d  memset                                     
000012cf  ADC14_IRQHandler                           
000012cf  AES256_IRQHandler                          
000012cf  BusFault_Handler                           
000012cf  COMP_E0_IRQHandler                         
000012cf  COMP_E1_IRQHandler                         
000012cf  CS_IRQHandler                              
000012cf  DMA_ERR_IRQHandler                         
000012cf  DMA_INT0_IRQHandler                        
000012cf  DMA_INT1_IRQHandler                        
000012cf  DMA_INT2_IRQHandler                        
000012cf  DMA_INT3_IRQHandler                        
000012cf  DebugMon_Handler                           
000012cf  Default_Handler                            
000012cf  EUSCIA1_IRQHandler                         
000012cf  EUSCIA3_IRQHandler                         
000012cf  EUSCIB0_IRQHandler                         
000012cf  EUSCIB1_IRQHandler                         
000012cf  EUSCIB2_IRQHandler                         
000012cf  EUSCIB3_IRQHandler                         
000012cf  FLCTL_IRQHandler                           
000012cf  FPU_IRQHandler                             
000012cf  HardFault_Handler                          
000012cf  MemManage_Handler                          
000012cf  NMI_Handler                                
000012cf  PCM_IRQHandler                             
000012cf  PORT1_IRQHandler                           
000012cf  PORT2_IRQHandler                           
000012cf  PORT3_IRQHandler                           
000012cf  PORT4_IRQHandler                           
000012cf  PORT5_IRQHandler                           
000012cf  PORT6_IRQHandler                           
000012cf  PSS_IRQHandler                             
000012cf  PendSV_Handler                             
000012cf  RTC_C_IRQHandler                           
000012cf  SVC_Handler                                
000012cf  SysTick_Handler                            
000012cf  T32_INT1_IRQHandler                        
000012cf  T32_INT2_IRQHandler                        
000012cf  T32_INTC_IRQHandler                        
000012cf  TA0_0_IRQHandler                           
000012cf  TA0_N_IRQHandler                           
000012cf  TA1_N_IRQHandler                           
000012cf  TA2_0_IRQHandler                           
000012cf  TA2_N_IRQHandler                           
000012cf  TA3_0_IRQHandler                           
000012cf  TA3_N_IRQHandler                           
000012cf  UsageFault_Handler                         
000012cf  WDT_A_IRQHandler                           
000012d1  SystemInit                                 
00001349  Timer_A_generatePWM                        
000013bd  Timer_A_configureUpMode                    
00001425  __TI_decompress_lzss                       
0000148d  UART_getEnabledInterruptStatus             
00001553  PCM_getCoreVoltageLevel                    
000015b1  PCM_getPowerMode                           
0000160d  GPIO_setAsInputPinWithPullDownResistor     
00001665  HCSR04Setup                                
000016b9  ESP8266Terminal                            
0000170b  Timer_A_getCounterValue                    
00001759  FlashCtl_setWaitState                      
000017a1  __TI_auto_init_nobinit_nopinit             
000017e5  UART_Write                                 
00001829  GPIO_setAsOutputPin                        
00001869  SetForwardDirection                        
000018a5  SetLeftDirection                           
000018e1  SetReverseDirection                        
0000191d  SetRightDirection                          
00001959  MotorSetup                                 
00001991  SetStop                                    
000019c9  CS_setDCOCenteredFrequency                 
000019fd  UART_transmitData                          
00001a31  _c_int00_noargs                            
00001a65  CS_clearInterruptFlag                      
00001a95  GPIO_getInputPinValue                      
00001ac5  Timer_A_clearCaptureCompareInterrupt       
00001af1  CS_getSMCLK                                
00001b19  GPIO_setOutputHighOnPin                    
00001b41  GPIO_setOutputLowOnPin                     
00001b69  TA1_0_IRQHandler                           
00001b69  TA1_0_IRQHandler                           
00001b85  Timer_A_clearTimer                         
00001b9d  UART_getInterruptStatus                    
00001bb5  Timer_A_startCounter                       
00001bcd  PCM_getPowerState                          
00001be1  Timer_A_stopTimer                          
00001bf5  PCM_setCoreVoltageLevel                    
00001c05  PCM_setPowerMode                           
00001c15  __TI_decompress_none                       
00001c23  Reset_Handler                              
00001c2f  __TI_zero_init                             
00001c3b  _system_pre_init                           
00001c3f  C$$EXIT                                    
00001c3f  abort                                      
00001d14  __TI_Handler_Table_Base                    
00001d20  __TI_Handler_Table_Limit                   
00001d28  __TI_CINIT_Base                            
00001d38  __TI_CINIT_Limit                           
20000000  ESP8266Data                                
20000000  __start___llvm_prf_cnts                    
20000000  __stop___llvm_prf_cnts                     
20000800  UARTA0Data                                 
20001000  UARTA2Data                                 
20001808  SR04IntTimes                               
2000180c  pwmConfig2                                 
20001824  pwmConfig                                  
2000183c  UARTA2ReceiveIndex                         
20001840  index                                      
20001844  ESP8266DataIndex                           
20001848  UARTA2Receive                              
20001849  ESPStartUp                                 
2000184c  UARTA0ReceiveIndex                         
20001850  UARTA0Receive                              
2000fe00  __stack                                    
20010000  __STACK_END                                
4000480c  WDTCTL_SYM                                 
ffffffff  __TI_pprof_out_hndl                        
ffffffff  __TI_prof_data_size                        
ffffffff  __TI_prof_data_start                       
ffffffff  __binit__                                  
ffffffff  __c_args__                                 
ffffffff  binit                                      
UNDEFED   __mpu_init                                 
UNDEFED   _system_post_cinit                         

[151 symbols]
