******************************************************************************
                  TI ARM Linker PC v20.2.4                     
******************************************************************************
>> Linked Fri Dec  3 17:06:51 2021

OUTPUT FILE NAME:   <Project (WIP Integrate).out>
ENTRY POINT SYMBOL: "_c_int00_noargs"  address: 000023c9


MEMORY CONFIGURATION

         name            origin    length      used     unused   attr    fill
----------------------  --------  ---------  --------  --------  ----  --------
  MAIN                  00000000   00040000  0000278a  0003d876  R  X
  INFO                  00200000   00004000  00000000  00004000  R  X
  SRAM_CODE             01000000   00010000  00001a93  0000e56d  RW X
  SRAM_DATA             20000000   00010000  00001a93  0000e56d  RW  


SEGMENT ALLOCATION MAP

run origin  load origin   length   init length attrs members
----------  ----------- ---------- ----------- ----- -------
00000000    00000000    00002790   00002790    r-x
  00000000    00000000    000000e4   000000e4    r-- .intvecs
  000000e4    000000e4    0000259e   0000259e    r-x .text
  00002684    00002684    000000b8   000000b8    r-- .const
  00002740    00002740    00000050   00000050    r-- .cinit
20000000    20000000    00001893   00000000    rw-
  20000000    20000000    00001810   00000000    rw- .bss
  20001810    20001810    00000083   00000000    rw- .data
2000fe00    2000fe00    00000200   00000000    rw-
  2000fe00    2000fe00    00000200   00000000    rw- .stack


SECTION ALLOCATION MAP

 output                                  attributes/
section   page    origin      length       input sections
--------  ----  ----------  ----------   ----------------
.intvecs   0    00000000    000000e4     
                  00000000    000000e4     startup_msp432p401r_ccs.obj (.intvecs:retain)

.text      0    000000e4    0000259e     
                  000000e4    00000258     ESP8266_UART.obj (.text:EUSCIA2_IRQHandler)
                  0000033c    00000208     ESP8266_UART.obj (.text:esp8266StartUp)
                  00000544    00000170     ESP8266_UART.obj (.text:ESP8266Terminal)
                  000006b4    0000015c     msp432p4xx_driverlib.lib : pcm.o (.text:__PCM_setPowerModeAdvanced)
                  00000810    00000154     ESP8266_UART.obj (.text:GET)
                  00000964    00000144     msp432p4xx_driverlib.lib : timer_a.o (.text:privateTimer_AProcessClockSourceDivider)
                  00000aa8    0000012c     ESP8266_UART.obj (.text:sendSuccess)
                  00000bd4    00000128     Motor_Driver.obj (.text:SetSpeeds)
                  00000cfc    0000011c     msp432p4xx_driverlib.lib : uart.o (.text:UART_initModule)
                  00000e18    00000108                              : pcm.o (.text:__PCM_setCoreVoltageLevelAdvanced)
                  00000f20    00000104                              : cs.o (.text:_CSComputeCLKFrequency)
                  00001024    000000f8                              : cs.o (.text:CS_getDCOFrequency)
                  0000111c    000000dc     ESP8266_UART.obj (.text:instruction)
                  000011f8    000000d4     ESP8266_UART.obj (.text:POST)
                  000012cc    000000d4     main.obj (.text:main)
                  000013a0    000000cc     ESP8266_UART.obj (.text:EUSCIA0_IRQHandler)
                  0000146c    000000c8     ESP8266_UART.obj (.text:UARTStartUp)
                  00001534    000000b0     Motor_Driver.obj (.text:setDirection)
                  000015e4    000000a4     HCSR04.obj (.text:getHCSR04Distance)
                  00001688    0000009c     rtsv7M4_T_le_v4SPD16_eabi.lib : memcpy_t2.asm.obj (.text)
                  00001724    00000094     msp432p4xx_driverlib.lib : sysctl_a.o (.text:SysCtl_A_getTLVInfo)
                  000017b8    00000088                              : gpio.o (.text:GPIO_setAsPeripheralModuleFunctionOutputPin)
                  00001840    00000084                              : gpio.o (.text:GPIO_getEnabledInterruptStatus)
                  000018c4    00000080                              : interrupt.o (.text:Interrupt_enableInterrupt)
                  00001944    0000007c                              : cs.o (.text:_CSGetDOCFrequency)
                  000019c0    0000007a     rtsv7M4_T_le_v4SPD16_eabi.lib : memset_t2.asm.obj (.text)
                  00001a3a    00000002     startup_msp432p401r_ccs.obj (.text:Default_Handler)
                  00001a3c    00000078     system_msp432p401r.obj (.text:SystemInit)
                  00001ab4    00000074     msp432p4xx_driverlib.lib : timer_a.o (.text:Timer_A_generatePWM)
                  00001b28    00000070     PID.obj (.text:TA2_0_IRQHandler)
                  00001b98    0000006c     ESP8266_UART.obj (.text:setToken)
                  00001c04    00000068     msp432p4xx_driverlib.lib : timer_a.o (.text:Timer_A_configureUpMode)
                  00001c6c    00000068     rtsv7M4_T_le_v4SPD16_eabi.lib : copy_decompress_lzss.c.obj (.text:decompress:lzss:__TI_decompress_lzss)
                  00001cd4    00000064     msp432p4xx_driverlib.lib : uart.o (.text:UART_getEnabledInterruptStatus)
                  00001d38    00000062                              : cs.o (.text:_CSGetDividerValue)
                  00001d9a    0000005e                              : pcm.o (.text:PCM_getCoreVoltageLevel)
                  00001df8    0000005a                              : pcm.o (.text:PCM_getPowerMode)
                  00001e52    00000002     --HOLE-- [fill = 0]
                  00001e54    00000058                              : gpio.o (.text:GPIO_setAsInputPinWithPullDownResistor)
                  00001eac    00000058                              : gpio.o (.text:GPIO_setAsInputPinWithPullUpResistor)
                  00001f04    00000054     HCSR04.obj (.text:HCSR04Setup)
                  00001f58    00000054     Motor_Driver.obj (.text:SetMotorSpeed)
                  00001fac    0000004c     msp432p4xx_driverlib.lib : timer_a.o (.text:Timer_A_getCounterValue)
                  00001ff8    00000048                              : flash.o (.text:FlashCtl_setWaitState)
                  00002040    00000044     PID.obj (.text:Initalise_encoderTimer)
                  00002084    00000044     rtsv7M4_T_le_v4SPD16_eabi.lib : autoinit.c.obj (.text:__TI_auto_init_nobinit_nopinit:__TI_auto_init_nobinit_nopinit)
                  000020c8    00000044                                   : fd_tou_t2.asm.obj (.text)
                  0000210c    00000042     PID.obj (.text:WheelEncoderSetup)
                  0000214e    00000002     --HOLE-- [fill = 0]
                  00002150    00000040     msp432p4xx_driverlib.lib : gpio.o (.text:GPIO_setAsOutputPin)
                  00002190    0000003c     Motor_Driver.obj (.text:SetForwardDirection)
                  000021cc    0000003c     Motor_Driver.obj (.text:SetLeftDirection)
                  00002208    0000003c     Motor_Driver.obj (.text:SetReverseDirection)
                  00002244    0000003c     Motor_Driver.obj (.text:SetRightDirection)
                  00002280    00000038     Motor_Driver.obj (.text:MotorSetup)
                  000022b8    00000038     PID.obj (.text:PORT5_IRQHandler)
                  000022f0    00000038     Motor_Driver.obj (.text:SetStop)
                  00002328    00000038     ESP8266_UART.obj (.text:UART_Write)
                  00002360    00000034     msp432p4xx_driverlib.lib : cs.o (.text:CS_setDCOCenteredFrequency)
                  00002394    00000034                              : uart.o (.text:UART_transmitData)
                  000023c8    00000034     rtsv7M4_T_le_v4SPD16_eabi.lib : boot_cortex_m.c.obj (.text:_c_int00_noargs:_c_int00_noargs)
                  000023fc    00000030     msp432p4xx_driverlib.lib : cs.o (.text:CS_clearInterruptFlag)
                  0000242c    00000030                              : gpio.o (.text:GPIO_getInputPinValue)
                  0000245c    0000002c                              : timer_a.o (.text:Timer_A_clearCaptureCompareInterrupt)
                  00002488    00000028                              : cs.o (.text:CS_getSMCLK)
                  000024b0    00000028                              : gpio.o (.text:GPIO_clearInterruptFlag)
                  000024d8    00000028                              : gpio.o (.text:GPIO_enableInterrupt)
                  00002500    00000028                              : gpio.o (.text:GPIO_setOutputHighOnPin)
                  00002528    00000028                              : gpio.o (.text:GPIO_setOutputLowOnPin)
                  00002550    00000024                              : gpio.o (.text:GPIO_getInterruptStatus)
                  00002574    00000020     rtsv7M4_T_le_v4SPD16_eabi.lib : u_tofd_t2.asm.obj (.text)
                  00002594    0000001c     HCSR04.obj (.text:TA1_0_IRQHandler)
                  000025b0    00000018     msp432p4xx_driverlib.lib : timer_a.o (.text:Timer_A_clearTimer)
                  000025c8    00000018                              : uart.o (.text:UART_getInterruptStatus)
                  000025e0    00000016                              : timer_a.o (.text:Timer_A_startCounter)
                  000025f6    00000002     --HOLE-- [fill = 0]
                  000025f8    00000014                              : pcm.o (.text:PCM_getPowerState)
                  0000260c    00000014                              : timer_a.o (.text:Timer_A_stopTimer)
                  00002620    00000014     rtsv7M4_T_le_v4SPD16_eabi.lib : strcpy.c.obj (.text:strcpy)
                  00002634    00000010     msp432p4xx_driverlib.lib : pcm.o (.text:PCM_setCoreVoltageLevel)
                  00002644    00000010                              : pcm.o (.text:PCM_setPowerMode)
                  00002654    0000000e     rtsv7M4_T_le_v4SPD16_eabi.lib : copy_decompress_none.c.obj (.text:decompress:none:__TI_decompress_none)
                  00002662    0000000c     startup_msp432p401r_ccs.obj (.text:Reset_Handler)
                  0000266e    0000000c     rtsv7M4_T_le_v4SPD16_eabi.lib : copy_zero_init.c.obj (.text:decompress:ZI:__TI_zero_init)
                  0000267a    00000004                                   : pre_init.c.obj (.text:_system_pre_init)
                  0000267e    00000004                                   : exit.c.obj (.text:abort:abort)

.const     0    00002684    000000b8     
                  00002684    00000030     msp432p4xx_driverlib.lib : gpio.o (.const:GPIO_PORT_TO_BASE)
                  000026b4    00000028     ESP8266_UART.obj (.const:$P$T0$1)
                  000026dc    00000028     ESP8266_UART.obj (.const:$P$T1$2)
                  00002704    00000018     HCSR04.obj (.const:$P$T0$1)
                  0000271c    00000018     PID.obj (.const:$P$T0$1)
                  00002734    00000008     msp432p4xx_driverlib.lib : interrupt.o (.const:g_pulEnRegs)

.cinit     0    00002740    00000050     
                  00002740    00000027     (.cinit..data.load) [load image, compression = lzss]
                  00002767    00000001     --HOLE-- [fill = 0]
                  00002768    0000000c     (__TI_handler_table)
                  00002774    00000004     --HOLE-- [fill = 0]
                  00002778    00000008     (.cinit..bss.load) [load image, compression = zero_init]
                  00002780    00000010     (__TI_cinit_table)

.init_array 
*          0    00000000    00000000     UNINITIALIZED

.binit     0    00000000    00000000     

.bss       0    20000000    00001810     UNINITIALIZED
                  20000000    00000800     (.common:ESP8266Data)
                  20000800    00000800     (.common:UARTA0Data)
                  20001000    00000800     (.common:UARTA2Data)
                  20001800    00000008     msp432p4xx_driverlib.lib : cs.o (.bss)
                  20001808    00000004     (.common:SR04IntTimes)
                  2000180c    00000002     (.common:notchesdetected)
                  2000180e    00000002     (.common:notchesdetected2)

.data      0    20001810    00000083     UNINITIALIZED
                  20001810    00000032     ESP8266_UART.obj (.data:Token)
                  20001842    00000002     --HOLE--
                  20001844    0000001a     ESP8266_UART.obj (.data)
                  2000185e    00000002     --HOLE--
                  20001860    00000018     Motor_Driver.obj (.data:pwmConfig2)
                  20001878    00000018     Motor_Driver.obj (.data:pwmConfig)
                  20001890    00000003     PID.obj (.data)

.stack     0    2000fe00    00000200     UNINITIALIZED
                  2000fe00    00000004     rtsv7M4_T_le_v4SPD16_eabi.lib : boot_cortex_m.c.obj (.stack)
                  2000fe04    000001fc     --HOLE--

__llvm_prf_cnts 
*          0    20000000    00000000     UNINITIALIZED

MODULE SUMMARY

       Module                        code   ro data   rw data
       ------                        ----   -------   -------
    .\
       ESP8266_UART.obj              3128   80        12440  
       Motor_Driver.obj              908    0         96     
       PID.obj                       302    24        14     
       HCSR04.obj                    276    24        8      
       main.obj                      212    0         0      
       system_msp432p401r.obj        120    0         0      
    +--+-----------------------------+------+---------+---------+
       Total:                        4946   128       12558  
                                                             
    .\ccs\
       startup_msp432p401r_ccs.obj   14     228       0      
    +--+-----------------------------+------+---------+---------+
       Total:                        14     228       0      
                                                             
    C:\ti\ti-cgt-arm_20.2.4.LTS\lib\rtsv7M4_T_le_v4SPD16_eabi.lib
       memcpy_t2.asm.obj             156    0         0      
       memset_t2.asm.obj             122    0         0      
       copy_decompress_lzss.c.obj    104    0         0      
       autoinit.c.obj                68     0         0      
       fd_tou_t2.asm.obj             68     0         0      
       boot_cortex_m.c.obj           52     0         0      
       u_tofd_t2.asm.obj             32     0         0      
       strcpy.c.obj                  20     0         0      
       copy_decompress_none.c.obj    14     0         0      
       copy_zero_init.c.obj          12     0         0      
       exit.c.obj                    4      0         0      
       pre_init.c.obj                4      0         0      
    +--+-----------------------------+------+---------+---------+
       Total:                        656    0         0      
                                                             
    D:/ti/simplelink_msp432p4_sdk_3_40_01_02/source/ti/devices/msp432p4xx/driverlib/ccs/msp432p4xx_driverlib.lib
       cs.o                          870    0         16     
       pcm.o                         848    0         0      
       gpio.o                        752    48        0      
       timer_a.o                     730    0         0      
       uart.o                        460    0         0      
       sysctl_a.o                    148    0         0      
       interrupt.o                   128    8         0      
       flash.o                       72     0         0      
    +--+-----------------------------+------+---------+---------+
       Total:                        4008   56        16     
                                                             
       Stack:                        0      0         1024   
       Linker Generated:             0      75        0      
    +--+-----------------------------+------+---------+---------+
       Grand Total:                  9624   487       13598  


LINKER GENERATED COPY TABLES

__TI_cinit_table @ 00002780 records: 2, size/record: 8, table size: 16
	.data: load addr=00002740, load size=00000027 bytes, run addr=20001810, run size=00000083 bytes, compression=lzss
	.bss: load addr=00002778, load size=00000008 bytes, run addr=20000000, run size=00001810 bytes, compression=zero_init


LINKER GENERATED HANDLER TABLE

__TI_handler_table @ 00002768 records: 3, size/record: 4, table size: 12
	index: 0, handler: __TI_decompress_lzss
	index: 1, handler: __TI_decompress_none
	index: 2, handler: __TI_zero_init


GLOBAL SYMBOLS: SORTED ALPHABETICALLY BY Name 

address   name                                       
-------   ----                                       
00001a3b  ADC14_IRQHandler                           
00001a3b  AES256_IRQHandler                          
00001a3b  BusFault_Handler                           
0000267f  C$$EXIT                                    
00001a3b  COMP_E0_IRQHandler                         
00001a3b  COMP_E1_IRQHandler                         
00001a3b  CS_IRQHandler                              
000023fd  CS_clearInterruptFlag                      
00001025  CS_getDCOFrequency                         
00002489  CS_getSMCLK                                
00002361  CS_setDCOCenteredFrequency                 
00001a3b  DMA_ERR_IRQHandler                         
00001a3b  DMA_INT0_IRQHandler                        
00001a3b  DMA_INT1_IRQHandler                        
00001a3b  DMA_INT2_IRQHandler                        
00001a3b  DMA_INT3_IRQHandler                        
00001a3b  DebugMon_Handler                           
00001a3b  Default_Handler                            
20000000  ESP8266Data                                
2000184c  ESP8266DataIndex                           
00000545  ESP8266Terminal                            
20001855  ESPStartUp                                 
000013a1  EUSCIA0_IRQHandler                         
000013a1  EUSCIA0_IRQHandler                         
00001a3b  EUSCIA1_IRQHandler                         
000000e5  EUSCIA2_IRQHandler                         
000000e5  EUSCIA2_IRQHandler                         
00001a3b  EUSCIA3_IRQHandler                         
00001a3b  EUSCIB0_IRQHandler                         
00001a3b  EUSCIB1_IRQHandler                         
00001a3b  EUSCIB2_IRQHandler                         
00001a3b  EUSCIB3_IRQHandler                         
00001a3b  FLCTL_IRQHandler                           
00001a3b  FPU_IRQHandler                             
00001ff9  FlashCtl_setWaitState                      
00000811  GET                                        
000024b1  GPIO_clearInterruptFlag                    
000024d9  GPIO_enableInterrupt                       
00001841  GPIO_getEnabledInterruptStatus             
0000242d  GPIO_getInputPinValue                      
00002551  GPIO_getInterruptStatus                    
00001e55  GPIO_setAsInputPinWithPullDownResistor     
00001ead  GPIO_setAsInputPinWithPullUpResistor       
00002151  GPIO_setAsOutputPin                        
000017b9  GPIO_setAsPeripheralModuleFunctionOutputPin
00002501  GPIO_setOutputHighOnPin                    
00002529  GPIO_setOutputLowOnPin                     
00001f05  HCSR04Setup                                
00001a3b  HardFault_Handler                          
00002041  Initalise_encoderTimer                     
000018c5  Interrupt_enableInterrupt                  
00001a3b  MemManage_Handler                          
00002281  MotorSetup                                 
00001a3b  NMI_Handler                                
00001a3b  PCM_IRQHandler                             
00001d9b  PCM_getCoreVoltageLevel                    
00001df9  PCM_getPowerMode                           
000025f9  PCM_getPowerState                          
00002635  PCM_setCoreVoltageLevel                    
00002645  PCM_setPowerMode                           
00001a3b  PORT1_IRQHandler                           
00001a3b  PORT2_IRQHandler                           
00001a3b  PORT3_IRQHandler                           
00001a3b  PORT4_IRQHandler                           
000022b9  PORT5_IRQHandler                           
000022b9  PORT5_IRQHandler                           
00001a3b  PORT6_IRQHandler                           
000011f9  POST                                       
00001a3b  PSS_IRQHandler                             
00001a3b  PendSV_Handler                             
00001a3b  RTC_C_IRQHandler                           
00002663  Reset_Handler                              
20001808  SR04IntTimes                               
00001a3b  SVC_Handler                                
00002191  SetForwardDirection                        
000021cd  SetLeftDirection                           
00001f59  SetMotorSpeed                              
00002209  SetReverseDirection                        
00002245  SetRightDirection                          
00000bd5  SetSpeeds                                  
000022f1  SetStop                                    
00001725  SysCtl_A_getTLVInfo                        
00001a3b  SysTick_Handler                            
00001a3d  SystemInit                                 
00001a3b  T32_INT1_IRQHandler                        
00001a3b  T32_INT2_IRQHandler                        
00001a3b  T32_INTC_IRQHandler                        
00001a3b  TA0_0_IRQHandler                           
00001a3b  TA0_N_IRQHandler                           
00002595  TA1_0_IRQHandler                           
00002595  TA1_0_IRQHandler                           
00001a3b  TA1_N_IRQHandler                           
00001b29  TA2_0_IRQHandler                           
00001b29  TA2_0_IRQHandler                           
00001a3b  TA2_N_IRQHandler                           
00001a3b  TA3_0_IRQHandler                           
00001a3b  TA3_N_IRQHandler                           
0000245d  Timer_A_clearCaptureCompareInterrupt       
000025b1  Timer_A_clearTimer                         
00001c05  Timer_A_configureUpMode                    
00001ab5  Timer_A_generatePWM                        
00001fad  Timer_A_getCounterValue                    
000025e1  Timer_A_startCounter                       
0000260d  Timer_A_stopTimer                          
20001810  Token                                      
20000800  UARTA0Data                                 
2000185c  UARTA0Receive                              
20001858  UARTA0ReceiveIndex                         
20001000  UARTA2Data                                 
20001854  UARTA2Receive                              
20001844  UARTA2ReceiveIndex                         
0000146d  UARTStartUp                                
00002329  UART_Write                                 
00001cd5  UART_getEnabledInterruptStatus             
000025c9  UART_getInterruptStatus                    
00000cfd  UART_initModule                            
00002395  UART_transmitData                          
00001a3b  UsageFault_Handler                         
4000480c  WDTCTL_SYM                                 
00001a3b  WDT_A_IRQHandler                           
0000210d  WheelEncoderSetup                          
20010000  __STACK_END                                
00000200  __STACK_SIZE                               
00002780  __TI_CINIT_Base                            
00002790  __TI_CINIT_Limit                           
00002768  __TI_Handler_Table_Base                    
00002774  __TI_Handler_Table_Limit                   
00002085  __TI_auto_init_nobinit_nopinit             
00001c6d  __TI_decompress_lzss                       
00002655  __TI_decompress_none                       
ffffffff  __TI_pprof_out_hndl                        
ffffffff  __TI_prof_data_size                        
ffffffff  __TI_prof_data_start                       
00000000  __TI_static_base__                         
0000266f  __TI_zero_init                             
000020c9  __aeabi_d2uiz                              
000019c1  __aeabi_memclr                             
000019c1  __aeabi_memclr4                            
000019c1  __aeabi_memclr8                            
00001689  __aeabi_memcpy                             
00001689  __aeabi_memcpy4                            
00001689  __aeabi_memcpy8                            
000019c3  __aeabi_memset                             
000019c3  __aeabi_memset4                            
000019c3  __aeabi_memset8                            
00002575  __aeabi_ui2d                               
ffffffff  __binit__                                  
ffffffff  __c_args__                                 
UNDEFED   __mpu_init                                 
2000fe00  __stack                                    
20000000  __start___llvm_prf_cnts                    
20000000  __stop___llvm_prf_cnts                     
000023c9  _c_int00_noargs                            
UNDEFED   _system_post_cinit                         
0000267b  _system_pre_init                           
0000267f  abort                                      
ffffffff  binit                                      
20001856  connFlag                                   
20001857  dir                                        
0000033d  esp8266StartUp                             
000015e5  getHCSR04Distance                          
20001848  index                                      
0000111d  instruction                                
2000185d  instructionFlag                            
00000000  interruptVectors                           
000012cd  main                                       
00001689  memcpy                                     
000019c9  memset                                     
2000180c  notchesdetected                            
2000180e  notchesdetected2                           
20001878  pwmConfig                                  
20001860  pwmConfig2                                 
00000aa9  sendSuccess                                
00001535  setDirection                               
00001b99  setToken                                   
00002621  strcpy                                     
20001892  syncflag                                   
20001890  timer_count                                
20001850  tokIndex                                   


GLOBAL SYMBOLS: SORTED BY Symbol Address 

address   name                                       
-------   ----                                       
00000000  __TI_static_base__                         
00000000  interruptVectors                           
000000e5  EUSCIA2_IRQHandler                         
000000e5  EUSCIA2_IRQHandler                         
00000200  __STACK_SIZE                               
0000033d  esp8266StartUp                             
00000545  ESP8266Terminal                            
00000811  GET                                        
00000aa9  sendSuccess                                
00000bd5  SetSpeeds                                  
00000cfd  UART_initModule                            
00001025  CS_getDCOFrequency                         
0000111d  instruction                                
000011f9  POST                                       
000012cd  main                                       
000013a1  EUSCIA0_IRQHandler                         
000013a1  EUSCIA0_IRQHandler                         
0000146d  UARTStartUp                                
00001535  setDirection                               
000015e5  getHCSR04Distance                          
00001689  __aeabi_memcpy                             
00001689  __aeabi_memcpy4                            
00001689  __aeabi_memcpy8                            
00001689  memcpy                                     
00001725  SysCtl_A_getTLVInfo                        
000017b9  GPIO_setAsPeripheralModuleFunctionOutputPin
00001841  GPIO_getEnabledInterruptStatus             
000018c5  Interrupt_enableInterrupt                  
000019c1  __aeabi_memclr                             
000019c1  __aeabi_memclr4                            
000019c1  __aeabi_memclr8                            
000019c3  __aeabi_memset                             
000019c3  __aeabi_memset4                            
000019c3  __aeabi_memset8                            
000019c9  memset                                     
00001a3b  ADC14_IRQHandler                           
00001a3b  AES256_IRQHandler                          
00001a3b  BusFault_Handler                           
00001a3b  COMP_E0_IRQHandler                         
00001a3b  COMP_E1_IRQHandler                         
00001a3b  CS_IRQHandler                              
00001a3b  DMA_ERR_IRQHandler                         
00001a3b  DMA_INT0_IRQHandler                        
00001a3b  DMA_INT1_IRQHandler                        
00001a3b  DMA_INT2_IRQHandler                        
00001a3b  DMA_INT3_IRQHandler                        
00001a3b  DebugMon_Handler                           
00001a3b  Default_Handler                            
00001a3b  EUSCIA1_IRQHandler                         
00001a3b  EUSCIA3_IRQHandler                         
00001a3b  EUSCIB0_IRQHandler                         
00001a3b  EUSCIB1_IRQHandler                         
00001a3b  EUSCIB2_IRQHandler                         
00001a3b  EUSCIB3_IRQHandler                         
00001a3b  FLCTL_IRQHandler                           
00001a3b  FPU_IRQHandler                             
00001a3b  HardFault_Handler                          
00001a3b  MemManage_Handler                          
00001a3b  NMI_Handler                                
00001a3b  PCM_IRQHandler                             
00001a3b  PORT1_IRQHandler                           
00001a3b  PORT2_IRQHandler                           
00001a3b  PORT3_IRQHandler                           
00001a3b  PORT4_IRQHandler                           
00001a3b  PORT6_IRQHandler                           
00001a3b  PSS_IRQHandler                             
00001a3b  PendSV_Handler                             
00001a3b  RTC_C_IRQHandler                           
00001a3b  SVC_Handler                                
00001a3b  SysTick_Handler                            
00001a3b  T32_INT1_IRQHandler                        
00001a3b  T32_INT2_IRQHandler                        
00001a3b  T32_INTC_IRQHandler                        
00001a3b  TA0_0_IRQHandler                           
00001a3b  TA0_N_IRQHandler                           
00001a3b  TA1_N_IRQHandler                           
00001a3b  TA2_N_IRQHandler                           
00001a3b  TA3_0_IRQHandler                           
00001a3b  TA3_N_IRQHandler                           
00001a3b  UsageFault_Handler                         
00001a3b  WDT_A_IRQHandler                           
00001a3d  SystemInit                                 
00001ab5  Timer_A_generatePWM                        
00001b29  TA2_0_IRQHandler                           
00001b29  TA2_0_IRQHandler                           
00001b99  setToken                                   
00001c05  Timer_A_configureUpMode                    
00001c6d  __TI_decompress_lzss                       
00001cd5  UART_getEnabledInterruptStatus             
00001d9b  PCM_getCoreVoltageLevel                    
00001df9  PCM_getPowerMode                           
00001e55  GPIO_setAsInputPinWithPullDownResistor     
00001ead  GPIO_setAsInputPinWithPullUpResistor       
00001f05  HCSR04Setup                                
00001f59  SetMotorSpeed                              
00001fad  Timer_A_getCounterValue                    
00001ff9  FlashCtl_setWaitState                      
00002041  Initalise_encoderTimer                     
00002085  __TI_auto_init_nobinit_nopinit             
000020c9  __aeabi_d2uiz                              
0000210d  WheelEncoderSetup                          
00002151  GPIO_setAsOutputPin                        
00002191  SetForwardDirection                        
000021cd  SetLeftDirection                           
00002209  SetReverseDirection                        
00002245  SetRightDirection                          
00002281  MotorSetup                                 
000022b9  PORT5_IRQHandler                           
000022b9  PORT5_IRQHandler                           
000022f1  SetStop                                    
00002329  UART_Write                                 
00002361  CS_setDCOCenteredFrequency                 
00002395  UART_transmitData                          
000023c9  _c_int00_noargs                            
000023fd  CS_clearInterruptFlag                      
0000242d  GPIO_getInputPinValue                      
0000245d  Timer_A_clearCaptureCompareInterrupt       
00002489  CS_getSMCLK                                
000024b1  GPIO_clearInterruptFlag                    
000024d9  GPIO_enableInterrupt                       
00002501  GPIO_setOutputHighOnPin                    
00002529  GPIO_setOutputLowOnPin                     
00002551  GPIO_getInterruptStatus                    
00002575  __aeabi_ui2d                               
00002595  TA1_0_IRQHandler                           
00002595  TA1_0_IRQHandler                           
000025b1  Timer_A_clearTimer                         
000025c9  UART_getInterruptStatus                    
000025e1  Timer_A_startCounter                       
000025f9  PCM_getPowerState                          
0000260d  Timer_A_stopTimer                          
00002621  strcpy                                     
00002635  PCM_setCoreVoltageLevel                    
00002645  PCM_setPowerMode                           
00002655  __TI_decompress_none                       
00002663  Reset_Handler                              
0000266f  __TI_zero_init                             
0000267b  _system_pre_init                           
0000267f  C$$EXIT                                    
0000267f  abort                                      
00002768  __TI_Handler_Table_Base                    
00002774  __TI_Handler_Table_Limit                   
00002780  __TI_CINIT_Base                            
00002790  __TI_CINIT_Limit                           
20000000  ESP8266Data                                
20000000  __start___llvm_prf_cnts                    
20000000  __stop___llvm_prf_cnts                     
20000800  UARTA0Data                                 
20001000  UARTA2Data                                 
20001808  SR04IntTimes                               
2000180c  notchesdetected                            
2000180e  notchesdetected2                           
20001810  Token                                      
20001844  UARTA2ReceiveIndex                         
20001848  index                                      
2000184c  ESP8266DataIndex                           
20001850  tokIndex                                   
20001854  UARTA2Receive                              
20001855  ESPStartUp                                 
20001856  connFlag                                   
20001857  dir                                        
20001858  UARTA0ReceiveIndex                         
2000185c  UARTA0Receive                              
2000185d  instructionFlag                            
20001860  pwmConfig2                                 
20001878  pwmConfig                                  
20001890  timer_count                                
20001892  syncflag                                   
2000fe00  __stack                                    
20010000  __STACK_END                                
4000480c  WDTCTL_SYM                                 
ffffffff  __TI_pprof_out_hndl                        
ffffffff  __TI_prof_data_size                        
ffffffff  __TI_prof_data_start                       
ffffffff  __binit__                                  
ffffffff  __c_args__                                 
ffffffff  binit                                      
UNDEFED   __mpu_init                                 
UNDEFED   _system_post_cinit                         

[179 symbols]
