******************************************************************************
                  TI ARM Linker PC v20.2.4                     
******************************************************************************
>> Linked Thu Nov 18 11:12:11 2021

OUTPUT FILE NAME:   <Project (WIP Wifi+UART).out>
ENTRY POINT SYMBOL: "_c_int00_noargs"  address: 00000d85


MEMORY CONFIGURATION

         name            origin    length      used     unused   attr    fill
----------------------  --------  ---------  --------  --------  ----  --------
  MAIN                  00000000   00040000  00000eaa  0003f156  R  X
  INFO                  00200000   00004000  00000000  00004000  R  X
  SRAM_CODE             01000000   00010000  00001240  0000edc0  RW X
  SRAM_DATA             20000000   00010000  00001240  0000edc0  RW  


SEGMENT ALLOCATION MAP

run origin  load origin   length   init length attrs members
----------  ----------- ---------- ----------- ----- -------
00000000    00000000    00000eb0   00000eb0    r-x
  00000000    00000000    000000e4   000000e4    r-- .intvecs
  000000e4    000000e4    00000d4e   00000d4e    r-x .text
  00000e34    00000e34    00000030   00000030    r-- .const
  00000e68    00000e68    00000048   00000048    r-- .cinit
20000000    20000000    00001040   00000000    rw-
  20000000    20000000    00001000   00000000    rw- .bss
  20001000    20001000    00000040   00000000    rw- .data
2000fe00    2000fe00    00000200   00000000    rw-
  2000fe00    2000fe00    00000200   00000000    rw- .stack


SECTION ALLOCATION MAP

 output                                  attributes/
section   page    origin      length       input sections
--------  ----  ----------  ----------   ----------------
.intvecs   0    00000000    000000e4     
                  00000000    000000e4     startup_msp432p401r_ccs.obj (.intvecs:retain)

.text      0    000000e4    00000d4e     
                  000000e4    00000230     main.obj (.text:main)
                  00000314    000001fc     main.obj (.text:esp8266StartUp)
                  00000510    0000015c     msp432p4xx_driverlib.lib : pcm.o (.text:__PCM_setPowerModeAdvanced)
                  0000066c    0000011c                              : uart.o (.text:UART_initModule)
                  00000788    00000108                              : pcm.o (.text:__PCM_setCoreVoltageLevelAdvanced)
                  00000890    0000009c     rtsv7M4_T_le_v4SPD16_eabi.lib : memcpy_t2.asm.obj (.text)
                  0000092c    0000007a                                   : memset_t2.asm.obj (.text)
                  000009a6    00000002     startup_msp432p401r_ccs.obj (.text:Default_Handler)
                  000009a8    00000078     system_msp432p401r.obj (.text:SystemInit)
                  00000a20    00000068     main.obj (.text:EUSCIA2_IRQHandler)
                  00000a88    00000068     rtsv7M4_T_le_v4SPD16_eabi.lib : copy_decompress_lzss.c.obj (.text:decompress:lzss:__TI_decompress_lzss)
                  00000af0    00000064     msp432p4xx_driverlib.lib : uart.o (.text:UART_getEnabledInterruptStatus)
                  00000b54    0000005e                              : pcm.o (.text:PCM_getCoreVoltageLevel)
                  00000bb2    0000005a                              : pcm.o (.text:PCM_getPowerMode)
                  00000c0c    00000048                              : flash.o (.text:FlashCtl_setWaitState)
                  00000c54    00000044     rtsv7M4_T_le_v4SPD16_eabi.lib : autoinit.c.obj (.text:__TI_auto_init_nobinit_nopinit:__TI_auto_init_nobinit_nopinit)
                  00000c98    00000042     main.obj (.text:UART_Write)
                  00000cda    00000002     --HOLE-- [fill = 0]
                  00000cdc    00000040     msp432p4xx_driverlib.lib : gpio.o (.text:GPIO_setAsOutputPin)
                  00000d1c    00000034                              : cs.o (.text:CS_setDCOCenteredFrequency)
                  00000d50    00000034                              : uart.o (.text:UART_transmitData)
                  00000d84    00000034     rtsv7M4_T_le_v4SPD16_eabi.lib : boot_cortex_m.c.obj (.text:_c_int00_noargs:_c_int00_noargs)
                  00000db8    00000018     msp432p4xx_driverlib.lib : uart.o (.text:UART_getInterruptStatus)
                  00000dd0    00000014                              : pcm.o (.text:PCM_getPowerState)
                  00000de4    00000010                              : pcm.o (.text:PCM_setCoreVoltageLevel)
                  00000df4    00000010                              : pcm.o (.text:PCM_setPowerMode)
                  00000e04    0000000e     rtsv7M4_T_le_v4SPD16_eabi.lib : copy_decompress_none.c.obj (.text:decompress:none:__TI_decompress_none)
                  00000e12    0000000c     startup_msp432p401r_ccs.obj (.text:Reset_Handler)
                  00000e1e    0000000c     rtsv7M4_T_le_v4SPD16_eabi.lib : copy_zero_init.c.obj (.text:decompress:ZI:__TI_zero_init)
                  00000e2a    00000004                                   : pre_init.c.obj (.text:_system_pre_init)
                  00000e2e    00000004                                   : exit.c.obj (.text:abort:abort)

.const     0    00000e34    00000030     
                  00000e34    00000030     msp432p4xx_driverlib.lib : gpio.o (.const:GPIO_PORT_TO_BASE)

.cinit     0    00000e68    00000048     
                  00000e68    0000001e     (.cinit..data.load) [load image, compression = lzss]
                  00000e86    00000002     --HOLE-- [fill = 0]
                  00000e88    0000000c     (__TI_handler_table)
                  00000e94    00000004     --HOLE-- [fill = 0]
                  00000e98    00000008     (.cinit..bss.load) [load image, compression = zero_init]
                  00000ea0    00000010     (__TI_cinit_table)

.init_array 
*          0    00000000    00000000     UNINITIALIZED

.binit     0    00000000    00000000     

.bss       0    20000000    00001000     UNINITIALIZED
                  20000000    00000800     (.common:ESP8266Data)
                  20000800    00000800     (.common:UARTA2Data)

.data      0    20001000    00000040     UNINITIALIZED
                  20001000    00000028     main.obj (.data:UART2Config)
                  20001028    00000018     main.obj (.data)

.stack     0    2000fe00    00000200     UNINITIALIZED
                  2000fe00    00000004     rtsv7M4_T_le_v4SPD16_eabi.lib : boot_cortex_m.c.obj (.stack)
                  2000fe04    000001fc     --HOLE--

__llvm_prf_cnts 
*          0    20000000    00000000     UNINITIALIZED

MODULE SUMMARY

       Module                        code   ro data   rw data
       ------                        ----   -------   -------
    .\
       main.obj                      1238   0         8320   
       system_msp432p401r.obj        120    0         0      
    +--+-----------------------------+------+---------+---------+
       Total:                        1358   0         8320   
                                                             
    .\ccs\
       startup_msp432p401r_ccs.obj   14     228       0      
    +--+-----------------------------+------+---------+---------+
       Total:                        14     228       0      
                                                             
    C:\ti\ti-cgt-arm_20.2.4.LTS\lib\rtsv7M4_T_le_v4SPD16_eabi.lib
       memcpy_t2.asm.obj             156    0         0      
       memset_t2.asm.obj             122    0         0      
       copy_decompress_lzss.c.obj    104    0         0      
       autoinit.c.obj                68     0         0      
       boot_cortex_m.c.obj           52     0         0      
       copy_decompress_none.c.obj    14     0         0      
       copy_zero_init.c.obj          12     0         0      
       exit.c.obj                    4      0         0      
       pre_init.c.obj                4      0         0      
    +--+-----------------------------+------+---------+---------+
       Total:                        536    0         0      
                                                             
    D:/ti/simplelink_msp432p4_sdk_3_40_01_02/source/ti/devices/msp432p4xx/driverlib/ccs/msp432p4xx_driverlib.lib
       pcm.o                         848    0         0      
       uart.o                        460    0         0      
       gpio.o                        64     48        0      
       flash.o                       72     0         0      
       cs.o                          52     0         0      
    +--+-----------------------------+------+---------+---------+
       Total:                        1496   48        0      
                                                             
       Stack:                        0      0         1024   
       Linker Generated:             0      66        0      
    +--+-----------------------------+------+---------+---------+
       Grand Total:                  3404   342       9344   


LINKER GENERATED COPY TABLES

__TI_cinit_table @ 00000ea0 records: 2, size/record: 8, table size: 16
	.data: load addr=00000e68, load size=0000001e bytes, run addr=20001000, run size=00000040 bytes, compression=lzss
	.bss: load addr=00000e98, load size=00000008 bytes, run addr=20000000, run size=00001000 bytes, compression=zero_init


LINKER GENERATED HANDLER TABLE

__TI_handler_table @ 00000e88 records: 3, size/record: 4, table size: 12
	index: 0, handler: __TI_decompress_lzss
	index: 1, handler: __TI_decompress_none
	index: 2, handler: __TI_zero_init


GLOBAL SYMBOLS: SORTED ALPHABETICALLY BY Name 

address   name                          
-------   ----                          
000009a7  ADC14_IRQHandler              
000009a7  AES256_IRQHandler             
000009a7  BusFault_Handler              
00000e2f  C$$EXIT                       
000009a7  COMP_E0_IRQHandler            
000009a7  COMP_E1_IRQHandler            
000009a7  CS_IRQHandler                 
00000d1d  CS_setDCOCenteredFrequency    
000009a7  DMA_ERR_IRQHandler            
000009a7  DMA_INT0_IRQHandler           
000009a7  DMA_INT1_IRQHandler           
000009a7  DMA_INT2_IRQHandler           
000009a7  DMA_INT3_IRQHandler           
000009a7  DebugMon_Handler              
000009a7  Default_Handler               
20000000  ESP8266Data                   
20001038  ESP8266DataIndex              
000009a7  EUSCIA0_IRQHandler            
000009a7  EUSCIA1_IRQHandler            
00000a21  EUSCIA2_IRQHandler            
00000a21  EUSCIA2_IRQHandler            
000009a7  EUSCIA3_IRQHandler            
000009a7  EUSCIB0_IRQHandler            
000009a7  EUSCIB1_IRQHandler            
000009a7  EUSCIB2_IRQHandler            
000009a7  EUSCIB3_IRQHandler            
000009a7  FLCTL_IRQHandler              
000009a7  FPU_IRQHandler                
00000c0d  FlashCtl_setWaitState         
00000cdd  GPIO_setAsOutputPin           
000009a7  HardFault_Handler             
000009a7  MemManage_Handler             
000009a7  NMI_Handler                   
000009a7  PCM_IRQHandler                
00000b55  PCM_getCoreVoltageLevel       
00000bb3  PCM_getPowerMode              
00000dd1  PCM_getPowerState             
00000de5  PCM_setCoreVoltageLevel       
00000df5  PCM_setPowerMode              
000009a7  PORT1_IRQHandler              
000009a7  PORT2_IRQHandler              
000009a7  PORT3_IRQHandler              
000009a7  PORT4_IRQHandler              
000009a7  PORT5_IRQHandler              
000009a7  PORT6_IRQHandler              
000009a7  PSS_IRQHandler                
000009a7  PendSV_Handler                
000009a7  RTC_C_IRQHandler              
00000e13  Reset_Handler                 
000009a7  SVC_Handler                   
000009a7  SysTick_Handler               
000009a9  SystemInit                    
000009a7  T32_INT1_IRQHandler           
000009a7  T32_INT2_IRQHandler           
000009a7  T32_INTC_IRQHandler           
000009a7  TA0_0_IRQHandler              
000009a7  TA0_N_IRQHandler              
000009a7  TA1_0_IRQHandler              
000009a7  TA1_N_IRQHandler              
000009a7  TA2_0_IRQHandler              
000009a7  TA2_N_IRQHandler              
000009a7  TA3_0_IRQHandler              
000009a7  TA3_N_IRQHandler              
20001000  UART2Config                   
2000102c  UARTA0Receive                 
20001028  UARTA0ReceiveIndex            
20000800  UARTA2Data                    
20001034  UARTA2Receive                 
20001030  UARTA2ReceiveIndex            
00000c99  UART_Write                    
00000af1  UART_getEnabledInterruptStatus
00000db9  UART_getInterruptStatus       
0000066d  UART_initModule               
00000d51  UART_transmitData             
000009a7  UsageFault_Handler            
4000480c  WDTCTL_SYM                    
000009a7  WDT_A_IRQHandler              
20010000  __STACK_END                   
00000200  __STACK_SIZE                  
00000ea0  __TI_CINIT_Base               
00000eb0  __TI_CINIT_Limit              
00000e88  __TI_Handler_Table_Base       
00000e94  __TI_Handler_Table_Limit      
00000c55  __TI_auto_init_nobinit_nopinit
00000a89  __TI_decompress_lzss          
00000e05  __TI_decompress_none          
ffffffff  __TI_pprof_out_hndl           
ffffffff  __TI_prof_data_size           
ffffffff  __TI_prof_data_start          
00000000  __TI_static_base__            
00000e1f  __TI_zero_init                
0000092d  __aeabi_memclr                
0000092d  __aeabi_memclr4               
0000092d  __aeabi_memclr8               
00000891  __aeabi_memcpy                
00000891  __aeabi_memcpy4               
00000891  __aeabi_memcpy8               
0000092f  __aeabi_memset                
0000092f  __aeabi_memset4               
0000092f  __aeabi_memset8               
ffffffff  __binit__                     
ffffffff  __c_args__                    
UNDEFED   __mpu_init                    
2000fe00  __stack                       
20000000  __start___llvm_prf_cnts       
20000000  __stop___llvm_prf_cnts        
00000d85  _c_int00_noargs               
UNDEFED   _system_post_cinit            
00000e2b  _system_pre_init              
00000e2f  abort                         
ffffffff  binit                         
00000315  esp8266StartUp                
2000103c  index                         
00000000  interruptVectors              
000000e5  main                          
00000891  memcpy                        
00000935  memset                        


GLOBAL SYMBOLS: SORTED BY Symbol Address 

address   name                          
-------   ----                          
00000000  __TI_static_base__            
00000000  interruptVectors              
000000e5  main                          
00000200  __STACK_SIZE                  
00000315  esp8266StartUp                
0000066d  UART_initModule               
00000891  __aeabi_memcpy                
00000891  __aeabi_memcpy4               
00000891  __aeabi_memcpy8               
00000891  memcpy                        
0000092d  __aeabi_memclr                
0000092d  __aeabi_memclr4               
0000092d  __aeabi_memclr8               
0000092f  __aeabi_memset                
0000092f  __aeabi_memset4               
0000092f  __aeabi_memset8               
00000935  memset                        
000009a7  ADC14_IRQHandler              
000009a7  AES256_IRQHandler             
000009a7  BusFault_Handler              
000009a7  COMP_E0_IRQHandler            
000009a7  COMP_E1_IRQHandler            
000009a7  CS_IRQHandler                 
000009a7  DMA_ERR_IRQHandler            
000009a7  DMA_INT0_IRQHandler           
000009a7  DMA_INT1_IRQHandler           
000009a7  DMA_INT2_IRQHandler           
000009a7  DMA_INT3_IRQHandler           
000009a7  DebugMon_Handler              
000009a7  Default_Handler               
000009a7  EUSCIA0_IRQHandler            
000009a7  EUSCIA1_IRQHandler            
000009a7  EUSCIA3_IRQHandler            
000009a7  EUSCIB0_IRQHandler            
000009a7  EUSCIB1_IRQHandler            
000009a7  EUSCIB2_IRQHandler            
000009a7  EUSCIB3_IRQHandler            
000009a7  FLCTL_IRQHandler              
000009a7  FPU_IRQHandler                
000009a7  HardFault_Handler             
000009a7  MemManage_Handler             
000009a7  NMI_Handler                   
000009a7  PCM_IRQHandler                
000009a7  PORT1_IRQHandler              
000009a7  PORT2_IRQHandler              
000009a7  PORT3_IRQHandler              
000009a7  PORT4_IRQHandler              
000009a7  PORT5_IRQHandler              
000009a7  PORT6_IRQHandler              
000009a7  PSS_IRQHandler                
000009a7  PendSV_Handler                
000009a7  RTC_C_IRQHandler              
000009a7  SVC_Handler                   
000009a7  SysTick_Handler               
000009a7  T32_INT1_IRQHandler           
000009a7  T32_INT2_IRQHandler           
000009a7  T32_INTC_IRQHandler           
000009a7  TA0_0_IRQHandler              
000009a7  TA0_N_IRQHandler              
000009a7  TA1_0_IRQHandler              
000009a7  TA1_N_IRQHandler              
000009a7  TA2_0_IRQHandler              
000009a7  TA2_N_IRQHandler              
000009a7  TA3_0_IRQHandler              
000009a7  TA3_N_IRQHandler              
000009a7  UsageFault_Handler            
000009a7  WDT_A_IRQHandler              
000009a9  SystemInit                    
00000a21  EUSCIA2_IRQHandler            
00000a21  EUSCIA2_IRQHandler            
00000a89  __TI_decompress_lzss          
00000af1  UART_getEnabledInterruptStatus
00000b55  PCM_getCoreVoltageLevel       
00000bb3  PCM_getPowerMode              
00000c0d  FlashCtl_setWaitState         
00000c55  __TI_auto_init_nobinit_nopinit
00000c99  UART_Write                    
00000cdd  GPIO_setAsOutputPin           
00000d1d  CS_setDCOCenteredFrequency    
00000d51  UART_transmitData             
00000d85  _c_int00_noargs               
00000db9  UART_getInterruptStatus       
00000dd1  PCM_getPowerState             
00000de5  PCM_setCoreVoltageLevel       
00000df5  PCM_setPowerMode              
00000e05  __TI_decompress_none          
00000e13  Reset_Handler                 
00000e1f  __TI_zero_init                
00000e2b  _system_pre_init              
00000e2f  C$$EXIT                       
00000e2f  abort                         
00000e88  __TI_Handler_Table_Base       
00000e94  __TI_Handler_Table_Limit      
00000ea0  __TI_CINIT_Base               
00000eb0  __TI_CINIT_Limit              
20000000  ESP8266Data                   
20000000  __start___llvm_prf_cnts       
20000000  __stop___llvm_prf_cnts        
20000800  UARTA2Data                    
20001000  UART2Config                   
20001028  UARTA0ReceiveIndex            
2000102c  UARTA0Receive                 
20001030  UARTA2ReceiveIndex            
20001034  UARTA2Receive                 
20001038  ESP8266DataIndex              
2000103c  index                         
2000fe00  __stack                       
20010000  __STACK_END                   
4000480c  WDTCTL_SYM                    
ffffffff  __TI_pprof_out_hndl           
ffffffff  __TI_prof_data_size           
ffffffff  __TI_prof_data_start          
ffffffff  __binit__                     
ffffffff  __c_args__                    
ffffffff  binit                         
UNDEFED   __mpu_init                    
UNDEFED   _system_post_cinit            

[117 symbols]
