******************************************************************************
                  TI ARM Linker PC v20.2.4                     
******************************************************************************
>> Linked Wed Dec  1 17:32:08 2021

OUTPUT FILE NAME:   <Project (WIP Integrate).out>
ENTRY POINT SYMBOL: "_c_int00_noargs"  address: 000022cd


MEMORY CONFIGURATION

         name            origin    length      used     unused   attr    fill
----------------------  --------  ---------  --------  --------  ----  --------
  MAIN                  00000000   00040000  000025e2  0003da1e  R  X
  INFO                  00200000   00004000  00000000  00004000  R  X
  SRAM_CODE             01000000   00010000  00001a8c  0000e574  RW X
  SRAM_DATA             20000000   00010000  00001a8c  0000e574  RW  


SEGMENT ALLOCATION MAP

run origin  load origin   length   init length attrs members
----------  ----------- ---------- ----------- ----- -------
00000000    00000000    000025e8   000025e8    r-x
  00000000    00000000    000000e4   000000e4    r-- .intvecs
  000000e4    000000e4    0000240e   0000240e    r-x .text
  000024f4    000024f4    000000a0   000000a0    r-- .const
  00002598    00002598    00000050   00000050    r-- .cinit
20000000    20000000    0000188c   00000000    rw-
  20000000    20000000    0000180c   00000000    rw- .bss
  2000180c    2000180c    00000080   00000000    rw- .data
2000fe00    2000fe00    00000200   00000000    rw-
  2000fe00    2000fe00    00000200   00000000    rw- .stack


SECTION ALLOCATION MAP

 output                                  attributes/
section   page    origin      length       input sections
--------  ----  ----------  ----------   ----------------
.intvecs   0    00000000    000000e4     
                  00000000    000000e4     startup_msp432p401r_ccs.obj (.intvecs:retain)

.text      0    000000e4    0000240e     
                  000000e4    00000360     ESP8266_UART.obj (.text:EUSCIA2_IRQHandler)
                  00000444    0000024c     ESP8266_UART.obj (.text:esp8266StartUp)
                  00000690    000001fc     ESP8266_UART.obj (.text:GET)
                  0000088c    000001bc     ESP8266_UART.obj (.text:sendSuccess)
                  00000a48    0000017c     ESP8266_UART.obj (.text:ESP8266Terminal)
                  00000bc4    0000015c     msp432p4xx_driverlib.lib : pcm.o (.text:__PCM_setPowerModeAdvanced)
                  00000d20    00000144                              : timer_a.o (.text:privateTimer_AProcessClockSourceDivider)
                  00000e64    0000011c                              : uart.o (.text:UART_initModule)
                  00000f80    00000108                              : pcm.o (.text:__PCM_setCoreVoltageLevelAdvanced)
                  00001088    00000104                              : cs.o (.text:_CSComputeCLKFrequency)
                  0000118c    000000fc     ESP8266_UART.obj (.text:POST)
                  00001288    000000f8     msp432p4xx_driverlib.lib : cs.o (.text:CS_getDCOFrequency)
                  00001380    000000f4     ESP8266_UART.obj (.text:instruction)
                  00001474    000000cc     ESP8266_UART.obj (.text:EUSCIA0_IRQHandler)
                  00001540    000000cc     main.obj (.text:main)
                  0000160c    000000c8     ESP8266_UART.obj (.text:UARTStartUp)
                  000016d4    000000b0     Motor_Driver.obj (.text:setDirection)
                  00001784    000000a4     HCSR04.obj (.text:getHCSR04Distance)
                  00001828    0000009c     rtsv7M4_T_le_v4SPD16_eabi.lib : memcpy_t2.asm.obj (.text)
                  000018c4    00000094     msp432p4xx_driverlib.lib : sysctl_a.o (.text:SysCtl_A_getTLVInfo)
                  00001958    00000088                              : gpio.o (.text:GPIO_setAsPeripheralModuleFunctionOutputPin)
                  000019e0    00000080                              : interrupt.o (.text:Interrupt_enableInterrupt)
                  00001a60    0000007c                              : cs.o (.text:_CSGetDOCFrequency)
                  00001adc    0000007a     rtsv7M4_T_le_v4SPD16_eabi.lib : memset_t2.asm.obj (.text)
                  00001b56    00000002     startup_msp432p401r_ccs.obj (.text:Default_Handler)
                  00001b58    00000078     system_msp432p401r.obj (.text:SystemInit)
                  00001bd0    00000074     msp432p4xx_driverlib.lib : timer_a.o (.text:Timer_A_generatePWM)
                  00001c44    0000006c     ESP8266_UART.obj (.text:setToken)
                  00001cb0    00000068     msp432p4xx_driverlib.lib : timer_a.o (.text:Timer_A_configureUpMode)
                  00001d18    00000068     rtsv7M4_T_le_v4SPD16_eabi.lib : copy_decompress_lzss.c.obj (.text:decompress:lzss:__TI_decompress_lzss)
                  00001d80    00000064     msp432p4xx_driverlib.lib : uart.o (.text:UART_getEnabledInterruptStatus)
                  00001de4    00000062                              : cs.o (.text:_CSGetDividerValue)
                  00001e46    0000005e                              : pcm.o (.text:PCM_getCoreVoltageLevel)
                  00001ea4    0000005a                              : pcm.o (.text:PCM_getPowerMode)
                  00001efe    00000002     --HOLE-- [fill = 0]
                  00001f00    00000058                              : gpio.o (.text:GPIO_setAsInputPinWithPullDownResistor)
                  00001f58    00000054     HCSR04.obj (.text:HCSR04Setup)
                  00001fac    0000004c     msp432p4xx_driverlib.lib : timer_a.o (.text:Timer_A_getCounterValue)
                  00001ff8    00000048                              : flash.o (.text:FlashCtl_setWaitState)
                  00002040    00000044     rtsv7M4_T_le_v4SPD16_eabi.lib : autoinit.c.obj (.text:__TI_auto_init_nobinit_nopinit:__TI_auto_init_nobinit_nopinit)
                  00002084    00000040     msp432p4xx_driverlib.lib : gpio.o (.text:GPIO_setAsOutputPin)
                  000020c4    0000003e     Motor_Driver.obj (.text:MotorSetup)
                  00002102    00000002     --HOLE-- [fill = 0]
                  00002104    0000003c     Motor_Driver.obj (.text:SetForwardDirection)
                  00002140    0000003c     Motor_Driver.obj (.text:SetLeftDirection)
                  0000217c    0000003c     Motor_Driver.obj (.text:SetReverseDirection)
                  000021b8    0000003c     Motor_Driver.obj (.text:SetRightDirection)
                  000021f4    00000038     Motor_Driver.obj (.text:SetStop)
                  0000222c    00000038     ESP8266_UART.obj (.text:UART_Write)
                  00002264    00000034     msp432p4xx_driverlib.lib : cs.o (.text:CS_setDCOCenteredFrequency)
                  00002298    00000034                              : uart.o (.text:UART_transmitData)
                  000022cc    00000034     rtsv7M4_T_le_v4SPD16_eabi.lib : boot_cortex_m.c.obj (.text:_c_int00_noargs:_c_int00_noargs)
                  00002300    00000030     msp432p4xx_driverlib.lib : cs.o (.text:CS_clearInterruptFlag)
                  00002330    00000030                              : gpio.o (.text:GPIO_getInputPinValue)
                  00002360    0000002c                              : timer_a.o (.text:Timer_A_clearCaptureCompareInterrupt)
                  0000238c    00000028                              : cs.o (.text:CS_getSMCLK)
                  000023b4    00000028                              : gpio.o (.text:GPIO_setOutputHighOnPin)
                  000023dc    00000028                              : gpio.o (.text:GPIO_setOutputLowOnPin)
                  00002404    0000001c     HCSR04.obj (.text:TA1_0_IRQHandler)
                  00002420    00000018     msp432p4xx_driverlib.lib : timer_a.o (.text:Timer_A_clearTimer)
                  00002438    00000018                              : uart.o (.text:UART_getInterruptStatus)
                  00002450    00000016                              : timer_a.o (.text:Timer_A_startCounter)
                  00002466    00000002     --HOLE-- [fill = 0]
                  00002468    00000014                              : pcm.o (.text:PCM_getPowerState)
                  0000247c    00000014                              : timer_a.o (.text:Timer_A_stopTimer)
                  00002490    00000014     rtsv7M4_T_le_v4SPD16_eabi.lib : strcpy.c.obj (.text:strcpy)
                  000024a4    00000010     msp432p4xx_driverlib.lib : pcm.o (.text:PCM_setCoreVoltageLevel)
                  000024b4    00000010                              : pcm.o (.text:PCM_setPowerMode)
                  000024c4    0000000e     rtsv7M4_T_le_v4SPD16_eabi.lib : copy_decompress_none.c.obj (.text:decompress:none:__TI_decompress_none)
                  000024d2    0000000c     startup_msp432p401r_ccs.obj (.text:Reset_Handler)
                  000024de    0000000c     rtsv7M4_T_le_v4SPD16_eabi.lib : copy_zero_init.c.obj (.text:decompress:ZI:__TI_zero_init)
                  000024ea    00000004                                   : pre_init.c.obj (.text:_system_pre_init)
                  000024ee    00000004                                   : exit.c.obj (.text:abort:abort)

.const     0    000024f4    000000a0     
                  000024f4    00000030     msp432p4xx_driverlib.lib : gpio.o (.const:GPIO_PORT_TO_BASE)
                  00002524    00000028     ESP8266_UART.obj (.const:$P$T0$1)
                  0000254c    00000028     ESP8266_UART.obj (.const:$P$T1$2)
                  00002574    00000018     HCSR04.obj (.const:$P$T0$1)
                  0000258c    00000008     msp432p4xx_driverlib.lib : interrupt.o (.const:g_pulEnRegs)

.cinit     0    00002598    00000050     
                  00002598    00000028     (.cinit..data.load) [load image, compression = lzss]
                  000025c0    0000000c     (__TI_handler_table)
                  000025cc    00000004     --HOLE-- [fill = 0]
                  000025d0    00000008     (.cinit..bss.load) [load image, compression = zero_init]
                  000025d8    00000010     (__TI_cinit_table)

.init_array 
*          0    00000000    00000000     UNINITIALIZED

.binit     0    00000000    00000000     

.bss       0    20000000    0000180c     UNINITIALIZED
                  20000000    00000800     (.common:ESP8266Data)
                  20000800    00000800     (.common:UARTA0Data)
                  20001000    00000800     (.common:UARTA2Data)
                  20001800    00000008     msp432p4xx_driverlib.lib : cs.o (.bss)
                  20001808    00000004     (.common:SR04IntTimes)

.data      0    2000180c    00000080     UNINITIALIZED
                  2000180c    00000032     ESP8266_UART.obj (.data:Token)
                  2000183e    00000002     --HOLE--
                  20001840    0000001a     ESP8266_UART.obj (.data)
                  2000185a    00000002     --HOLE--
                  2000185c    00000018     Motor_Driver.obj (.data:pwmConfig2)
                  20001874    00000018     Motor_Driver.obj (.data:pwmConfig)

.stack     0    2000fe00    00000200     UNINITIALIZED
                  2000fe00    00000004     rtsv7M4_T_le_v4SPD16_eabi.lib : boot_cortex_m.c.obj (.stack)
                  2000fe04    000001fc     --HOLE--

__llvm_prf_cnts 
*          0    20000000    00000000     UNINITIALIZED

MODULE SUMMARY

       Module                        code   ro data   rw data
       ------                        ----   -------   -------
    .\
       ESP8266_UART.obj              3848   80        12440  
       Motor_Driver.obj              534    0         96     
       HCSR04.obj                    276    24        8      
       main.obj                      204    0         0      
       system_msp432p401r.obj        120    0         0      
    +--+-----------------------------+------+---------+---------+
       Total:                        4982   104       12544  
                                                             
    .\ccs\
       startup_msp432p401r_ccs.obj   14     228       0      
    +--+-----------------------------+------+---------+---------+
       Total:                        14     228       0      
                                                             
    C:\ti\ti-cgt-arm_20.2.4.LTS\lib\rtsv7M4_T_le_v4SPD16_eabi.lib
       memcpy_t2.asm.obj             156    0         0      
       memset_t2.asm.obj             122    0         0      
       copy_decompress_lzss.c.obj    104    0         0      
       autoinit.c.obj                68     0         0      
       boot_cortex_m.c.obj           52     0         0      
       strcpy.c.obj                  20     0         0      
       copy_decompress_none.c.obj    14     0         0      
       copy_zero_init.c.obj          12     0         0      
       exit.c.obj                    4      0         0      
       pre_init.c.obj                4      0         0      
    +--+-----------------------------+------+---------+---------+
       Total:                        556    0         0      
                                                             
    D:/ti/simplelink_msp432p4_sdk_3_40_01_02/source/ti/devices/msp432p4xx/driverlib/ccs/msp432p4xx_driverlib.lib
       cs.o                          870    0         16     
       pcm.o                         848    0         0      
       timer_a.o                     730    0         0      
       gpio.o                        416    48        0      
       uart.o                        460    0         0      
       sysctl_a.o                    148    0         0      
       interrupt.o                   128    8         0      
       flash.o                       72     0         0      
    +--+-----------------------------+------+---------+---------+
       Total:                        3672   56        16     
                                                             
       Stack:                        0      0         1024   
       Linker Generated:             0      76        0      
    +--+-----------------------------+------+---------+---------+
       Grand Total:                  9224   464       13584  


LINKER GENERATED COPY TABLES

__TI_cinit_table @ 000025d8 records: 2, size/record: 8, table size: 16
	.data: load addr=00002598, load size=00000028 bytes, run addr=2000180c, run size=00000080 bytes, compression=lzss
	.bss: load addr=000025d0, load size=00000008 bytes, run addr=20000000, run size=0000180c bytes, compression=zero_init


LINKER GENERATED HANDLER TABLE

__TI_handler_table @ 000025c0 records: 3, size/record: 4, table size: 12
	index: 0, handler: __TI_decompress_lzss
	index: 1, handler: __TI_decompress_none
	index: 2, handler: __TI_zero_init


GLOBAL SYMBOLS: SORTED ALPHABETICALLY BY Name 

address   name                                       
-------   ----                                       
00001b57  ADC14_IRQHandler                           
00001b57  AES256_IRQHandler                          
00001b57  BusFault_Handler                           
000024ef  C$$EXIT                                    
00001b57  COMP_E0_IRQHandler                         
00001b57  COMP_E1_IRQHandler                         
00001b57  CS_IRQHandler                              
00002301  CS_clearInterruptFlag                      
00001289  CS_getDCOFrequency                         
0000238d  CS_getSMCLK                                
00002265  CS_setDCOCenteredFrequency                 
00001b57  DMA_ERR_IRQHandler                         
00001b57  DMA_INT0_IRQHandler                        
00001b57  DMA_INT1_IRQHandler                        
00001b57  DMA_INT2_IRQHandler                        
00001b57  DMA_INT3_IRQHandler                        
00001b57  DebugMon_Handler                           
00001b57  Default_Handler                            
20000000  ESP8266Data                                
20001848  ESP8266DataIndex                           
00000a49  ESP8266Terminal                            
20001851  ESPStartUp                                 
00001475  EUSCIA0_IRQHandler                         
00001475  EUSCIA0_IRQHandler                         
00001b57  EUSCIA1_IRQHandler                         
000000e5  EUSCIA2_IRQHandler                         
000000e5  EUSCIA2_IRQHandler                         
00001b57  EUSCIA3_IRQHandler                         
00001b57  EUSCIB0_IRQHandler                         
00001b57  EUSCIB1_IRQHandler                         
00001b57  EUSCIB2_IRQHandler                         
00001b57  EUSCIB3_IRQHandler                         
00001b57  FLCTL_IRQHandler                           
00001b57  FPU_IRQHandler                             
00001ff9  FlashCtl_setWaitState                      
00000691  GET                                        
00002331  GPIO_getInputPinValue                      
00001f01  GPIO_setAsInputPinWithPullDownResistor     
00002085  GPIO_setAsOutputPin                        
00001959  GPIO_setAsPeripheralModuleFunctionOutputPin
000023b5  GPIO_setOutputHighOnPin                    
000023dd  GPIO_setOutputLowOnPin                     
00001f59  HCSR04Setup                                
00001b57  HardFault_Handler                          
000019e1  Interrupt_enableInterrupt                  
00001b57  MemManage_Handler                          
000020c5  MotorSetup                                 
00001b57  NMI_Handler                                
00001b57  PCM_IRQHandler                             
00001e47  PCM_getCoreVoltageLevel                    
00001ea5  PCM_getPowerMode                           
00002469  PCM_getPowerState                          
000024a5  PCM_setCoreVoltageLevel                    
000024b5  PCM_setPowerMode                           
00001b57  PORT1_IRQHandler                           
00001b57  PORT2_IRQHandler                           
00001b57  PORT3_IRQHandler                           
00001b57  PORT4_IRQHandler                           
00001b57  PORT5_IRQHandler                           
00001b57  PORT6_IRQHandler                           
0000118d  POST                                       
00001b57  PSS_IRQHandler                             
00001b57  PendSV_Handler                             
00001b57  RTC_C_IRQHandler                           
000024d3  Reset_Handler                              
20001808  SR04IntTimes                               
00001b57  SVC_Handler                                
00002105  SetForwardDirection                        
00002141  SetLeftDirection                           
0000217d  SetReverseDirection                        
000021b9  SetRightDirection                          
000021f5  SetStop                                    
000018c5  SysCtl_A_getTLVInfo                        
00001b57  SysTick_Handler                            
00001b59  SystemInit                                 
00001b57  T32_INT1_IRQHandler                        
00001b57  T32_INT2_IRQHandler                        
00001b57  T32_INTC_IRQHandler                        
00001b57  TA0_0_IRQHandler                           
00001b57  TA0_N_IRQHandler                           
00002405  TA1_0_IRQHandler                           
00002405  TA1_0_IRQHandler                           
00001b57  TA1_N_IRQHandler                           
00001b57  TA2_0_IRQHandler                           
00001b57  TA2_N_IRQHandler                           
00001b57  TA3_0_IRQHandler                           
00001b57  TA3_N_IRQHandler                           
00002361  Timer_A_clearCaptureCompareInterrupt       
00002421  Timer_A_clearTimer                         
00001cb1  Timer_A_configureUpMode                    
00001bd1  Timer_A_generatePWM                        
00001fad  Timer_A_getCounterValue                    
00002451  Timer_A_startCounter                       
0000247d  Timer_A_stopTimer                          
2000180c  Token                                      
20000800  UARTA0Data                                 
20001858  UARTA0Receive                              
20001854  UARTA0ReceiveIndex                         
20001000  UARTA2Data                                 
20001850  UARTA2Receive                              
20001840  UARTA2ReceiveIndex                         
0000160d  UARTStartUp                                
0000222d  UART_Write                                 
00001d81  UART_getEnabledInterruptStatus             
00002439  UART_getInterruptStatus                    
00000e65  UART_initModule                            
00002299  UART_transmitData                          
00001b57  UsageFault_Handler                         
4000480c  WDTCTL_SYM                                 
00001b57  WDT_A_IRQHandler                           
20010000  __STACK_END                                
00000200  __STACK_SIZE                               
000025d8  __TI_CINIT_Base                            
000025e8  __TI_CINIT_Limit                           
000025c0  __TI_Handler_Table_Base                    
000025cc  __TI_Handler_Table_Limit                   
00002041  __TI_auto_init_nobinit_nopinit             
00001d19  __TI_decompress_lzss                       
000024c5  __TI_decompress_none                       
ffffffff  __TI_pprof_out_hndl                        
ffffffff  __TI_prof_data_size                        
ffffffff  __TI_prof_data_start                       
00000000  __TI_static_base__                         
000024df  __TI_zero_init                             
00001add  __aeabi_memclr                             
00001add  __aeabi_memclr4                            
00001add  __aeabi_memclr8                            
00001829  __aeabi_memcpy                             
00001829  __aeabi_memcpy4                            
00001829  __aeabi_memcpy8                            
00001adf  __aeabi_memset                             
00001adf  __aeabi_memset4                            
00001adf  __aeabi_memset8                            
ffffffff  __binit__                                  
ffffffff  __c_args__                                 
UNDEFED   __mpu_init                                 
2000fe00  __stack                                    
20000000  __start___llvm_prf_cnts                    
20000000  __stop___llvm_prf_cnts                     
000022cd  _c_int00_noargs                            
UNDEFED   _system_post_cinit                         
000024eb  _system_pre_init                           
000024ef  abort                                      
ffffffff  binit                                      
20001852  connFlag                                   
00000445  esp8266StartUp                             
00001785  getHCSR04Distance                          
20001844  index                                      
00001381  instruction                                
20001859  instructionFlag                            
00000000  interruptVectors                           
00001541  main                                       
00001829  memcpy                                     
00001ae5  memset                                     
20001874  pwmConfig                                  
2000185c  pwmConfig2                                 
0000088d  sendSuccess                                
000016d5  setDirection                               
00001c45  setToken                                   
00002491  strcpy                                     
2000184c  tokIndex                                   


GLOBAL SYMBOLS: SORTED BY Symbol Address 

address   name                                       
-------   ----                                       
00000000  __TI_static_base__                         
00000000  interruptVectors                           
000000e5  EUSCIA2_IRQHandler                         
000000e5  EUSCIA2_IRQHandler                         
00000200  __STACK_SIZE                               
00000445  esp8266StartUp                             
00000691  GET                                        
0000088d  sendSuccess                                
00000a49  ESP8266Terminal                            
00000e65  UART_initModule                            
0000118d  POST                                       
00001289  CS_getDCOFrequency                         
00001381  instruction                                
00001475  EUSCIA0_IRQHandler                         
00001475  EUSCIA0_IRQHandler                         
00001541  main                                       
0000160d  UARTStartUp                                
000016d5  setDirection                               
00001785  getHCSR04Distance                          
00001829  __aeabi_memcpy                             
00001829  __aeabi_memcpy4                            
00001829  __aeabi_memcpy8                            
00001829  memcpy                                     
000018c5  SysCtl_A_getTLVInfo                        
00001959  GPIO_setAsPeripheralModuleFunctionOutputPin
000019e1  Interrupt_enableInterrupt                  
00001add  __aeabi_memclr                             
00001add  __aeabi_memclr4                            
00001add  __aeabi_memclr8                            
00001adf  __aeabi_memset                             
00001adf  __aeabi_memset4                            
00001adf  __aeabi_memset8                            
00001ae5  memset                                     
00001b57  ADC14_IRQHandler                           
00001b57  AES256_IRQHandler                          
00001b57  BusFault_Handler                           
00001b57  COMP_E0_IRQHandler                         
00001b57  COMP_E1_IRQHandler                         
00001b57  CS_IRQHandler                              
00001b57  DMA_ERR_IRQHandler                         
00001b57  DMA_INT0_IRQHandler                        
00001b57  DMA_INT1_IRQHandler                        
00001b57  DMA_INT2_IRQHandler                        
00001b57  DMA_INT3_IRQHandler                        
00001b57  DebugMon_Handler                           
00001b57  Default_Handler                            
00001b57  EUSCIA1_IRQHandler                         
00001b57  EUSCIA3_IRQHandler                         
00001b57  EUSCIB0_IRQHandler                         
00001b57  EUSCIB1_IRQHandler                         
00001b57  EUSCIB2_IRQHandler                         
00001b57  EUSCIB3_IRQHandler                         
00001b57  FLCTL_IRQHandler                           
00001b57  FPU_IRQHandler                             
00001b57  HardFault_Handler                          
00001b57  MemManage_Handler                          
00001b57  NMI_Handler                                
00001b57  PCM_IRQHandler                             
00001b57  PORT1_IRQHandler                           
00001b57  PORT2_IRQHandler                           
00001b57  PORT3_IRQHandler                           
00001b57  PORT4_IRQHandler                           
00001b57  PORT5_IRQHandler                           
00001b57  PORT6_IRQHandler                           
00001b57  PSS_IRQHandler                             
00001b57  PendSV_Handler                             
00001b57  RTC_C_IRQHandler                           
00001b57  SVC_Handler                                
00001b57  SysTick_Handler                            
00001b57  T32_INT1_IRQHandler                        
00001b57  T32_INT2_IRQHandler                        
00001b57  T32_INTC_IRQHandler                        
00001b57  TA0_0_IRQHandler                           
00001b57  TA0_N_IRQHandler                           
00001b57  TA1_N_IRQHandler                           
00001b57  TA2_0_IRQHandler                           
00001b57  TA2_N_IRQHandler                           
00001b57  TA3_0_IRQHandler                           
00001b57  TA3_N_IRQHandler                           
00001b57  UsageFault_Handler                         
00001b57  WDT_A_IRQHandler                           
00001b59  SystemInit                                 
00001bd1  Timer_A_generatePWM                        
00001c45  setToken                                   
00001cb1  Timer_A_configureUpMode                    
00001d19  __TI_decompress_lzss                       
00001d81  UART_getEnabledInterruptStatus             
00001e47  PCM_getCoreVoltageLevel                    
00001ea5  PCM_getPowerMode                           
00001f01  GPIO_setAsInputPinWithPullDownResistor     
00001f59  HCSR04Setup                                
00001fad  Timer_A_getCounterValue                    
00001ff9  FlashCtl_setWaitState                      
00002041  __TI_auto_init_nobinit_nopinit             
00002085  GPIO_setAsOutputPin                        
000020c5  MotorSetup                                 
00002105  SetForwardDirection                        
00002141  SetLeftDirection                           
0000217d  SetReverseDirection                        
000021b9  SetRightDirection                          
000021f5  SetStop                                    
0000222d  UART_Write                                 
00002265  CS_setDCOCenteredFrequency                 
00002299  UART_transmitData                          
000022cd  _c_int00_noargs                            
00002301  CS_clearInterruptFlag                      
00002331  GPIO_getInputPinValue                      
00002361  Timer_A_clearCaptureCompareInterrupt       
0000238d  CS_getSMCLK                                
000023b5  GPIO_setOutputHighOnPin                    
000023dd  GPIO_setOutputLowOnPin                     
00002405  TA1_0_IRQHandler                           
00002405  TA1_0_IRQHandler                           
00002421  Timer_A_clearTimer                         
00002439  UART_getInterruptStatus                    
00002451  Timer_A_startCounter                       
00002469  PCM_getPowerState                          
0000247d  Timer_A_stopTimer                          
00002491  strcpy                                     
000024a5  PCM_setCoreVoltageLevel                    
000024b5  PCM_setPowerMode                           
000024c5  __TI_decompress_none                       
000024d3  Reset_Handler                              
000024df  __TI_zero_init                             
000024eb  _system_pre_init                           
000024ef  C$$EXIT                                    
000024ef  abort                                      
000025c0  __TI_Handler_Table_Base                    
000025cc  __TI_Handler_Table_Limit                   
000025d8  __TI_CINIT_Base                            
000025e8  __TI_CINIT_Limit                           
20000000  ESP8266Data                                
20000000  __start___llvm_prf_cnts                    
20000000  __stop___llvm_prf_cnts                     
20000800  UARTA0Data                                 
20001000  UARTA2Data                                 
20001808  SR04IntTimes                               
2000180c  Token                                      
20001840  UARTA2ReceiveIndex                         
20001844  index                                      
20001848  ESP8266DataIndex                           
2000184c  tokIndex                                   
20001850  UARTA2Receive                              
20001851  ESPStartUp                                 
20001852  connFlag                                   
20001854  UARTA0ReceiveIndex                         
20001858  UARTA0Receive                              
20001859  instructionFlag                            
2000185c  pwmConfig2                                 
20001874  pwmConfig                                  
2000fe00  __stack                                    
20010000  __STACK_END                                
4000480c  WDTCTL_SYM                                 
ffffffff  __TI_pprof_out_hndl                        
ffffffff  __TI_prof_data_size                        
ffffffff  __TI_prof_data_start                       
ffffffff  __binit__                                  
ffffffff  __c_args__                                 
ffffffff  binit                                      
UNDEFED   __mpu_init                                 
UNDEFED   _system_post_cinit                         

[161 symbols]
