******************************************************************************
                  TI ARM Linker PC v20.2.4                     
******************************************************************************
>> Linked Thu Dec  2 10:55:27 2021

OUTPUT FILE NAME:   <Project (WIP Integrate).out>
ENTRY POINT SYMBOL: "_c_int00_noargs"  address: 00001fc9


MEMORY CONFIGURATION

         name            origin    length      used     unused   attr    fill
----------------------  --------  ---------  --------  --------  ----  --------
  MAIN                  00000000   00040000  000022de  0003dd22  R  X
  INFO                  00200000   00004000  00000000  00004000  R  X
  SRAM_CODE             01000000   00010000  00001a8c  0000e574  RW X
  SRAM_DATA             20000000   00010000  00001a8c  0000e574  RW  


SEGMENT ALLOCATION MAP

run origin  load origin   length   init length attrs members
----------  ----------- ---------- ----------- ----- -------
00000000    00000000    000022e0   000022e0    r-x
  00000000    00000000    000000e4   000000e4    r-- .intvecs
  000000e4    000000e4    0000210a   0000210a    r-x .text
  000021f0    000021f0    000000a0   000000a0    r-- .const
  00002290    00002290    00000050   00000050    r-- .cinit
20000000    20000000    0000188c   00000000    rw-
  20000000    20000000    0000180c   00000000    rw- .bss
  2000180c    2000180c    00000080   00000000    rw- .data
2000fe00    2000fe00    00000200   00000000    rw-
  2000fe00    2000fe00    00000200   00000000    rw- .stack


SECTION ALLOCATION MAP

 output                                  attributes/
section   page    origin      length       input sections
--------  ----  ----------  ----------   ----------------
.intvecs   0    00000000    000000e4     
                  00000000    000000e4     startup_msp432p401r_ccs.obj (.intvecs:retain)

.text      0    000000e4    0000210a     
                  000000e4    0000024c     ESP8266_UART.obj (.text:EUSCIA2_IRQHandler)
                  00000330    000001e4     ESP8266_UART.obj (.text:esp8266StartUp)
                  00000514    00000170     ESP8266_UART.obj (.text:ESP8266Terminal)
                  00000684    0000015c     msp432p4xx_driverlib.lib : pcm.o (.text:__PCM_setPowerModeAdvanced)
                  000007e0    00000154     ESP8266_UART.obj (.text:GET)
                  00000934    00000144     msp432p4xx_driverlib.lib : timer_a.o (.text:privateTimer_AProcessClockSourceDivider)
                  00000a78    00000128     ESP8266_UART.obj (.text:sendSuccess)
                  00000ba0    0000011c     msp432p4xx_driverlib.lib : uart.o (.text:UART_initModule)
                  00000cbc    00000108                              : pcm.o (.text:__PCM_setCoreVoltageLevelAdvanced)
                  00000dc4    00000104                              : cs.o (.text:_CSComputeCLKFrequency)
                  00000ec8    000000f8                              : cs.o (.text:CS_getDCOFrequency)
                  00000fc0    000000dc     ESP8266_UART.obj (.text:instruction)
                  0000109c    000000d4     ESP8266_UART.obj (.text:POST)
                  00001170    000000cc     ESP8266_UART.obj (.text:EUSCIA0_IRQHandler)
                  0000123c    000000cc     main.obj (.text:main)
                  00001308    000000c8     ESP8266_UART.obj (.text:UARTStartUp)
                  000013d0    000000b0     Motor_Driver.obj (.text:setDirection)
                  00001480    000000a4     HCSR04.obj (.text:getHCSR04Distance)
                  00001524    0000009c     rtsv7M4_T_le_v4SPD16_eabi.lib : memcpy_t2.asm.obj (.text)
                  000015c0    00000094     msp432p4xx_driverlib.lib : sysctl_a.o (.text:SysCtl_A_getTLVInfo)
                  00001654    00000088                              : gpio.o (.text:GPIO_setAsPeripheralModuleFunctionOutputPin)
                  000016dc    00000080                              : interrupt.o (.text:Interrupt_enableInterrupt)
                  0000175c    0000007c                              : cs.o (.text:_CSGetDOCFrequency)
                  000017d8    0000007a     rtsv7M4_T_le_v4SPD16_eabi.lib : memset_t2.asm.obj (.text)
                  00001852    00000002     startup_msp432p401r_ccs.obj (.text:Default_Handler)
                  00001854    00000078     system_msp432p401r.obj (.text:SystemInit)
                  000018cc    00000074     msp432p4xx_driverlib.lib : timer_a.o (.text:Timer_A_generatePWM)
                  00001940    0000006c     ESP8266_UART.obj (.text:setToken)
                  000019ac    00000068     msp432p4xx_driverlib.lib : timer_a.o (.text:Timer_A_configureUpMode)
                  00001a14    00000068     rtsv7M4_T_le_v4SPD16_eabi.lib : copy_decompress_lzss.c.obj (.text:decompress:lzss:__TI_decompress_lzss)
                  00001a7c    00000064     msp432p4xx_driverlib.lib : uart.o (.text:UART_getEnabledInterruptStatus)
                  00001ae0    00000062                              : cs.o (.text:_CSGetDividerValue)
                  00001b42    0000005e                              : pcm.o (.text:PCM_getCoreVoltageLevel)
                  00001ba0    0000005a                              : pcm.o (.text:PCM_getPowerMode)
                  00001bfa    00000002     --HOLE-- [fill = 0]
                  00001bfc    00000058                              : gpio.o (.text:GPIO_setAsInputPinWithPullDownResistor)
                  00001c54    00000054     HCSR04.obj (.text:HCSR04Setup)
                  00001ca8    0000004c     msp432p4xx_driverlib.lib : timer_a.o (.text:Timer_A_getCounterValue)
                  00001cf4    00000048                              : flash.o (.text:FlashCtl_setWaitState)
                  00001d3c    00000044     rtsv7M4_T_le_v4SPD16_eabi.lib : autoinit.c.obj (.text:__TI_auto_init_nobinit_nopinit:__TI_auto_init_nobinit_nopinit)
                  00001d80    00000040     msp432p4xx_driverlib.lib : gpio.o (.text:GPIO_setAsOutputPin)
                  00001dc0    0000003e     Motor_Driver.obj (.text:MotorSetup)
                  00001dfe    00000002     --HOLE-- [fill = 0]
                  00001e00    0000003c     Motor_Driver.obj (.text:SetForwardDirection)
                  00001e3c    0000003c     Motor_Driver.obj (.text:SetLeftDirection)
                  00001e78    0000003c     Motor_Driver.obj (.text:SetReverseDirection)
                  00001eb4    0000003c     Motor_Driver.obj (.text:SetRightDirection)
                  00001ef0    00000038     Motor_Driver.obj (.text:SetStop)
                  00001f28    00000038     ESP8266_UART.obj (.text:UART_Write)
                  00001f60    00000034     msp432p4xx_driverlib.lib : cs.o (.text:CS_setDCOCenteredFrequency)
                  00001f94    00000034                              : uart.o (.text:UART_transmitData)
                  00001fc8    00000034     rtsv7M4_T_le_v4SPD16_eabi.lib : boot_cortex_m.c.obj (.text:_c_int00_noargs:_c_int00_noargs)
                  00001ffc    00000030     msp432p4xx_driverlib.lib : cs.o (.text:CS_clearInterruptFlag)
                  0000202c    00000030                              : gpio.o (.text:GPIO_getInputPinValue)
                  0000205c    0000002c                              : timer_a.o (.text:Timer_A_clearCaptureCompareInterrupt)
                  00002088    00000028                              : cs.o (.text:CS_getSMCLK)
                  000020b0    00000028                              : gpio.o (.text:GPIO_setOutputHighOnPin)
                  000020d8    00000028                              : gpio.o (.text:GPIO_setOutputLowOnPin)
                  00002100    0000001c     HCSR04.obj (.text:TA1_0_IRQHandler)
                  0000211c    00000018     msp432p4xx_driverlib.lib : timer_a.o (.text:Timer_A_clearTimer)
                  00002134    00000018                              : uart.o (.text:UART_getInterruptStatus)
                  0000214c    00000016                              : timer_a.o (.text:Timer_A_startCounter)
                  00002162    00000002     --HOLE-- [fill = 0]
                  00002164    00000014                              : pcm.o (.text:PCM_getPowerState)
                  00002178    00000014                              : timer_a.o (.text:Timer_A_stopTimer)
                  0000218c    00000014     rtsv7M4_T_le_v4SPD16_eabi.lib : strcpy.c.obj (.text:strcpy)
                  000021a0    00000010     msp432p4xx_driverlib.lib : pcm.o (.text:PCM_setCoreVoltageLevel)
                  000021b0    00000010                              : pcm.o (.text:PCM_setPowerMode)
                  000021c0    0000000e     rtsv7M4_T_le_v4SPD16_eabi.lib : copy_decompress_none.c.obj (.text:decompress:none:__TI_decompress_none)
                  000021ce    0000000c     startup_msp432p401r_ccs.obj (.text:Reset_Handler)
                  000021da    0000000c     rtsv7M4_T_le_v4SPD16_eabi.lib : copy_zero_init.c.obj (.text:decompress:ZI:__TI_zero_init)
                  000021e6    00000004                                   : pre_init.c.obj (.text:_system_pre_init)
                  000021ea    00000004                                   : exit.c.obj (.text:abort:abort)

.const     0    000021f0    000000a0     
                  000021f0    00000030     msp432p4xx_driverlib.lib : gpio.o (.const:GPIO_PORT_TO_BASE)
                  00002220    00000028     ESP8266_UART.obj (.const:$P$T0$1)
                  00002248    00000028     ESP8266_UART.obj (.const:$P$T1$2)
                  00002270    00000018     HCSR04.obj (.const:$P$T0$1)
                  00002288    00000008     msp432p4xx_driverlib.lib : interrupt.o (.const:g_pulEnRegs)

.cinit     0    00002290    00000050     
                  00002290    00000028     (.cinit..data.load) [load image, compression = lzss]
                  000022b8    0000000c     (__TI_handler_table)
                  000022c4    00000004     --HOLE-- [fill = 0]
                  000022c8    00000008     (.cinit..bss.load) [load image, compression = zero_init]
                  000022d0    00000010     (__TI_cinit_table)

.init_array 
*          0    00000000    00000000     UNINITIALIZED

.binit     0    00000000    00000000     

.bss       0    20000000    0000180c     UNINITIALIZED
                  20000000    00000800     (.common:ESP8266Data)
                  20000800    00000800     (.common:UARTA0Data)
                  20001000    00000800     (.common:UARTA2Data)
                  20001800    00000008     msp432p4xx_driverlib.lib : cs.o (.bss)
                  20001808    00000004     (.common:SR04IntTimes)

.data      0    2000180c    00000080     UNINITIALIZED
                  2000180c    00000032     ESP8266_UART.obj (.data:Token)
                  2000183e    00000002     --HOLE--
                  20001840    0000001a     ESP8266_UART.obj (.data)
                  2000185a    00000002     --HOLE--
                  2000185c    00000018     Motor_Driver.obj (.data:pwmConfig2)
                  20001874    00000018     Motor_Driver.obj (.data:pwmConfig)

.stack     0    2000fe00    00000200     UNINITIALIZED
                  2000fe00    00000004     rtsv7M4_T_le_v4SPD16_eabi.lib : boot_cortex_m.c.obj (.stack)
                  2000fe04    000001fc     --HOLE--

__llvm_prf_cnts 
*          0    20000000    00000000     UNINITIALIZED

MODULE SUMMARY

       Module                        code   ro data   rw data
       ------                        ----   -------   -------
    .\
       ESP8266_UART.obj              3076   80        12440  
       Motor_Driver.obj              534    0         96     
       HCSR04.obj                    276    24        8      
       main.obj                      204    0         0      
       system_msp432p401r.obj        120    0         0      
    +--+-----------------------------+------+---------+---------+
       Total:                        4210   104       12544  
                                                             
    .\ccs\
       startup_msp432p401r_ccs.obj   14     228       0      
    +--+-----------------------------+------+---------+---------+
       Total:                        14     228       0      
                                                             
    C:\ti\ti-cgt-arm_20.2.4.LTS\lib\rtsv7M4_T_le_v4SPD16_eabi.lib
       memcpy_t2.asm.obj             156    0         0      
       memset_t2.asm.obj             122    0         0      
       copy_decompress_lzss.c.obj    104    0         0      
       autoinit.c.obj                68     0         0      
       boot_cortex_m.c.obj           52     0         0      
       strcpy.c.obj                  20     0         0      
       copy_decompress_none.c.obj    14     0         0      
       copy_zero_init.c.obj          12     0         0      
       exit.c.obj                    4      0         0      
       pre_init.c.obj                4      0         0      
    +--+-----------------------------+------+---------+---------+
       Total:                        556    0         0      
                                                             
    D:/ti/simplelink_msp432p4_sdk_3_40_01_02/source/ti/devices/msp432p4xx/driverlib/ccs/msp432p4xx_driverlib.lib
       cs.o                          870    0         16     
       pcm.o                         848    0         0      
       timer_a.o                     730    0         0      
       gpio.o                        416    48        0      
       uart.o                        460    0         0      
       sysctl_a.o                    148    0         0      
       interrupt.o                   128    8         0      
       flash.o                       72     0         0      
    +--+-----------------------------+------+---------+---------+
       Total:                        3672   56        16     
                                                             
       Stack:                        0      0         1024   
       Linker Generated:             0      76        0      
    +--+-----------------------------+------+---------+---------+
       Grand Total:                  8452   464       13584  


LINKER GENERATED COPY TABLES

__TI_cinit_table @ 000022d0 records: 2, size/record: 8, table size: 16
	.data: load addr=00002290, load size=00000028 bytes, run addr=2000180c, run size=00000080 bytes, compression=lzss
	.bss: load addr=000022c8, load size=00000008 bytes, run addr=20000000, run size=0000180c bytes, compression=zero_init


LINKER GENERATED HANDLER TABLE

__TI_handler_table @ 000022b8 records: 3, size/record: 4, table size: 12
	index: 0, handler: __TI_decompress_lzss
	index: 1, handler: __TI_decompress_none
	index: 2, handler: __TI_zero_init


GLOBAL SYMBOLS: SORTED ALPHABETICALLY BY Name 

address   name                                       
-------   ----                                       
00001853  ADC14_IRQHandler                           
00001853  AES256_IRQHandler                          
00001853  BusFault_Handler                           
000021eb  C$$EXIT                                    
00001853  COMP_E0_IRQHandler                         
00001853  COMP_E1_IRQHandler                         
00001853  CS_IRQHandler                              
00001ffd  CS_clearInterruptFlag                      
00000ec9  CS_getDCOFrequency                         
00002089  CS_getSMCLK                                
00001f61  CS_setDCOCenteredFrequency                 
00001853  DMA_ERR_IRQHandler                         
00001853  DMA_INT0_IRQHandler                        
00001853  DMA_INT1_IRQHandler                        
00001853  DMA_INT2_IRQHandler                        
00001853  DMA_INT3_IRQHandler                        
00001853  DebugMon_Handler                           
00001853  Default_Handler                            
20000000  ESP8266Data                                
20001848  ESP8266DataIndex                           
00000515  ESP8266Terminal                            
20001851  ESPStartUp                                 
00001171  EUSCIA0_IRQHandler                         
00001171  EUSCIA0_IRQHandler                         
00001853  EUSCIA1_IRQHandler                         
000000e5  EUSCIA2_IRQHandler                         
000000e5  EUSCIA2_IRQHandler                         
00001853  EUSCIA3_IRQHandler                         
00001853  EUSCIB0_IRQHandler                         
00001853  EUSCIB1_IRQHandler                         
00001853  EUSCIB2_IRQHandler                         
00001853  EUSCIB3_IRQHandler                         
00001853  FLCTL_IRQHandler                           
00001853  FPU_IRQHandler                             
00001cf5  FlashCtl_setWaitState                      
000007e1  GET                                        
0000202d  GPIO_getInputPinValue                      
00001bfd  GPIO_setAsInputPinWithPullDownResistor     
00001d81  GPIO_setAsOutputPin                        
00001655  GPIO_setAsPeripheralModuleFunctionOutputPin
000020b1  GPIO_setOutputHighOnPin                    
000020d9  GPIO_setOutputLowOnPin                     
00001c55  HCSR04Setup                                
00001853  HardFault_Handler                          
000016dd  Interrupt_enableInterrupt                  
00001853  MemManage_Handler                          
00001dc1  MotorSetup                                 
00001853  NMI_Handler                                
00001853  PCM_IRQHandler                             
00001b43  PCM_getCoreVoltageLevel                    
00001ba1  PCM_getPowerMode                           
00002165  PCM_getPowerState                          
000021a1  PCM_setCoreVoltageLevel                    
000021b1  PCM_setPowerMode                           
00001853  PORT1_IRQHandler                           
00001853  PORT2_IRQHandler                           
00001853  PORT3_IRQHandler                           
00001853  PORT4_IRQHandler                           
00001853  PORT5_IRQHandler                           
00001853  PORT6_IRQHandler                           
0000109d  POST                                       
00001853  PSS_IRQHandler                             
00001853  PendSV_Handler                             
00001853  RTC_C_IRQHandler                           
000021cf  Reset_Handler                              
20001808  SR04IntTimes                               
00001853  SVC_Handler                                
00001e01  SetForwardDirection                        
00001e3d  SetLeftDirection                           
00001e79  SetReverseDirection                        
00001eb5  SetRightDirection                          
00001ef1  SetStop                                    
000015c1  SysCtl_A_getTLVInfo                        
00001853  SysTick_Handler                            
00001855  SystemInit                                 
00001853  T32_INT1_IRQHandler                        
00001853  T32_INT2_IRQHandler                        
00001853  T32_INTC_IRQHandler                        
00001853  TA0_0_IRQHandler                           
00001853  TA0_N_IRQHandler                           
00002101  TA1_0_IRQHandler                           
00002101  TA1_0_IRQHandler                           
00001853  TA1_N_IRQHandler                           
00001853  TA2_0_IRQHandler                           
00001853  TA2_N_IRQHandler                           
00001853  TA3_0_IRQHandler                           
00001853  TA3_N_IRQHandler                           
0000205d  Timer_A_clearCaptureCompareInterrupt       
0000211d  Timer_A_clearTimer                         
000019ad  Timer_A_configureUpMode                    
000018cd  Timer_A_generatePWM                        
00001ca9  Timer_A_getCounterValue                    
0000214d  Timer_A_startCounter                       
00002179  Timer_A_stopTimer                          
2000180c  Token                                      
20000800  UARTA0Data                                 
20001858  UARTA0Receive                              
20001854  UARTA0ReceiveIndex                         
20001000  UARTA2Data                                 
20001850  UARTA2Receive                              
20001840  UARTA2ReceiveIndex                         
00001309  UARTStartUp                                
00001f29  UART_Write                                 
00001a7d  UART_getEnabledInterruptStatus             
00002135  UART_getInterruptStatus                    
00000ba1  UART_initModule                            
00001f95  UART_transmitData                          
00001853  UsageFault_Handler                         
4000480c  WDTCTL_SYM                                 
00001853  WDT_A_IRQHandler                           
20010000  __STACK_END                                
00000200  __STACK_SIZE                               
000022d0  __TI_CINIT_Base                            
000022e0  __TI_CINIT_Limit                           
000022b8  __TI_Handler_Table_Base                    
000022c4  __TI_Handler_Table_Limit                   
00001d3d  __TI_auto_init_nobinit_nopinit             
00001a15  __TI_decompress_lzss                       
000021c1  __TI_decompress_none                       
ffffffff  __TI_pprof_out_hndl                        
ffffffff  __TI_prof_data_size                        
ffffffff  __TI_prof_data_start                       
00000000  __TI_static_base__                         
000021db  __TI_zero_init                             
000017d9  __aeabi_memclr                             
000017d9  __aeabi_memclr4                            
000017d9  __aeabi_memclr8                            
00001525  __aeabi_memcpy                             
00001525  __aeabi_memcpy4                            
00001525  __aeabi_memcpy8                            
000017db  __aeabi_memset                             
000017db  __aeabi_memset4                            
000017db  __aeabi_memset8                            
ffffffff  __binit__                                  
ffffffff  __c_args__                                 
UNDEFED   __mpu_init                                 
2000fe00  __stack                                    
20000000  __start___llvm_prf_cnts                    
20000000  __stop___llvm_prf_cnts                     
00001fc9  _c_int00_noargs                            
UNDEFED   _system_post_cinit                         
000021e7  _system_pre_init                           
000021eb  abort                                      
ffffffff  binit                                      
20001852  connFlag                                   
20001853  dir                                        
00000331  esp8266StartUp                             
00001481  getHCSR04Distance                          
20001844  index                                      
00000fc1  instruction                                
20001859  instructionFlag                            
00000000  interruptVectors                           
0000123d  main                                       
00001525  memcpy                                     
000017e1  memset                                     
20001874  pwmConfig                                  
2000185c  pwmConfig2                                 
00000a79  sendSuccess                                
000013d1  setDirection                               
00001941  setToken                                   
0000218d  strcpy                                     
2000184c  tokIndex                                   


GLOBAL SYMBOLS: SORTED BY Symbol Address 

address   name                                       
-------   ----                                       
00000000  __TI_static_base__                         
00000000  interruptVectors                           
000000e5  EUSCIA2_IRQHandler                         
000000e5  EUSCIA2_IRQHandler                         
00000200  __STACK_SIZE                               
00000331  esp8266StartUp                             
00000515  ESP8266Terminal                            
000007e1  GET                                        
00000a79  sendSuccess                                
00000ba1  UART_initModule                            
00000ec9  CS_getDCOFrequency                         
00000fc1  instruction                                
0000109d  POST                                       
00001171  EUSCIA0_IRQHandler                         
00001171  EUSCIA0_IRQHandler                         
0000123d  main                                       
00001309  UARTStartUp                                
000013d1  setDirection                               
00001481  getHCSR04Distance                          
00001525  __aeabi_memcpy                             
00001525  __aeabi_memcpy4                            
00001525  __aeabi_memcpy8                            
00001525  memcpy                                     
000015c1  SysCtl_A_getTLVInfo                        
00001655  GPIO_setAsPeripheralModuleFunctionOutputPin
000016dd  Interrupt_enableInterrupt                  
000017d9  __aeabi_memclr                             
000017d9  __aeabi_memclr4                            
000017d9  __aeabi_memclr8                            
000017db  __aeabi_memset                             
000017db  __aeabi_memset4                            
000017db  __aeabi_memset8                            
000017e1  memset                                     
00001853  ADC14_IRQHandler                           
00001853  AES256_IRQHandler                          
00001853  BusFault_Handler                           
00001853  COMP_E0_IRQHandler                         
00001853  COMP_E1_IRQHandler                         
00001853  CS_IRQHandler                              
00001853  DMA_ERR_IRQHandler                         
00001853  DMA_INT0_IRQHandler                        
00001853  DMA_INT1_IRQHandler                        
00001853  DMA_INT2_IRQHandler                        
00001853  DMA_INT3_IRQHandler                        
00001853  DebugMon_Handler                           
00001853  Default_Handler                            
00001853  EUSCIA1_IRQHandler                         
00001853  EUSCIA3_IRQHandler                         
00001853  EUSCIB0_IRQHandler                         
00001853  EUSCIB1_IRQHandler                         
00001853  EUSCIB2_IRQHandler                         
00001853  EUSCIB3_IRQHandler                         
00001853  FLCTL_IRQHandler                           
00001853  FPU_IRQHandler                             
00001853  HardFault_Handler                          
00001853  MemManage_Handler                          
00001853  NMI_Handler                                
00001853  PCM_IRQHandler                             
00001853  PORT1_IRQHandler                           
00001853  PORT2_IRQHandler                           
00001853  PORT3_IRQHandler                           
00001853  PORT4_IRQHandler                           
00001853  PORT5_IRQHandler                           
00001853  PORT6_IRQHandler                           
00001853  PSS_IRQHandler                             
00001853  PendSV_Handler                             
00001853  RTC_C_IRQHandler                           
00001853  SVC_Handler                                
00001853  SysTick_Handler                            
00001853  T32_INT1_IRQHandler                        
00001853  T32_INT2_IRQHandler                        
00001853  T32_INTC_IRQHandler                        
00001853  TA0_0_IRQHandler                           
00001853  TA0_N_IRQHandler                           
00001853  TA1_N_IRQHandler                           
00001853  TA2_0_IRQHandler                           
00001853  TA2_N_IRQHandler                           
00001853  TA3_0_IRQHandler                           
00001853  TA3_N_IRQHandler                           
00001853  UsageFault_Handler                         
00001853  WDT_A_IRQHandler                           
00001855  SystemInit                                 
000018cd  Timer_A_generatePWM                        
00001941  setToken                                   
000019ad  Timer_A_configureUpMode                    
00001a15  __TI_decompress_lzss                       
00001a7d  UART_getEnabledInterruptStatus             
00001b43  PCM_getCoreVoltageLevel                    
00001ba1  PCM_getPowerMode                           
00001bfd  GPIO_setAsInputPinWithPullDownResistor     
00001c55  HCSR04Setup                                
00001ca9  Timer_A_getCounterValue                    
00001cf5  FlashCtl_setWaitState                      
00001d3d  __TI_auto_init_nobinit_nopinit             
00001d81  GPIO_setAsOutputPin                        
00001dc1  MotorSetup                                 
00001e01  SetForwardDirection                        
00001e3d  SetLeftDirection                           
00001e79  SetReverseDirection                        
00001eb5  SetRightDirection                          
00001ef1  SetStop                                    
00001f29  UART_Write                                 
00001f61  CS_setDCOCenteredFrequency                 
00001f95  UART_transmitData                          
00001fc9  _c_int00_noargs                            
00001ffd  CS_clearInterruptFlag                      
0000202d  GPIO_getInputPinValue                      
0000205d  Timer_A_clearCaptureCompareInterrupt       
00002089  CS_getSMCLK                                
000020b1  GPIO_setOutputHighOnPin                    
000020d9  GPIO_setOutputLowOnPin                     
00002101  TA1_0_IRQHandler                           
00002101  TA1_0_IRQHandler                           
0000211d  Timer_A_clearTimer                         
00002135  UART_getInterruptStatus                    
0000214d  Timer_A_startCounter                       
00002165  PCM_getPowerState                          
00002179  Timer_A_stopTimer                          
0000218d  strcpy                                     
000021a1  PCM_setCoreVoltageLevel                    
000021b1  PCM_setPowerMode                           
000021c1  __TI_decompress_none                       
000021cf  Reset_Handler                              
000021db  __TI_zero_init                             
000021e7  _system_pre_init                           
000021eb  C$$EXIT                                    
000021eb  abort                                      
000022b8  __TI_Handler_Table_Base                    
000022c4  __TI_Handler_Table_Limit                   
000022d0  __TI_CINIT_Base                            
000022e0  __TI_CINIT_Limit                           
20000000  ESP8266Data                                
20000000  __start___llvm_prf_cnts                    
20000000  __stop___llvm_prf_cnts                     
20000800  UARTA0Data                                 
20001000  UARTA2Data                                 
20001808  SR04IntTimes                               
2000180c  Token                                      
20001840  UARTA2ReceiveIndex                         
20001844  index                                      
20001848  ESP8266DataIndex                           
2000184c  tokIndex                                   
20001850  UARTA2Receive                              
20001851  ESPStartUp                                 
20001852  connFlag                                   
20001853  dir                                        
20001854  UARTA0ReceiveIndex                         
20001858  UARTA0Receive                              
20001859  instructionFlag                            
2000185c  pwmConfig2                                 
20001874  pwmConfig                                  
2000fe00  __stack                                    
20010000  __STACK_END                                
4000480c  WDTCTL_SYM                                 
ffffffff  __TI_pprof_out_hndl                        
ffffffff  __TI_prof_data_size                        
ffffffff  __TI_prof_data_start                       
ffffffff  __binit__                                  
ffffffff  __c_args__                                 
ffffffff  binit                                      
UNDEFED   __mpu_init                                 
UNDEFED   _system_post_cinit                         

[162 symbols]
