******************************************************************************
                  TI ARM Linker PC v20.2.4                     
******************************************************************************
>> Linked Fri Dec  3 19:18:08 2021

OUTPUT FILE NAME:   <Project (WIP Integrate).out>
ENTRY POINT SYMBOL: "_c_int00_noargs"  address: 000024d1


MEMORY CONFIGURATION

         name            origin    length      used     unused   attr    fill
----------------------  --------  ---------  --------  --------  ----  --------
  MAIN                  00000000   00040000  00002892  0003d76e  R  X
  INFO                  00200000   00004000  00000000  00004000  R  X
  SRAM_CODE             01000000   00010000  00001a93  0000e56d  RW X
  SRAM_DATA             20000000   00010000  00001a93  0000e56d  RW  


SEGMENT ALLOCATION MAP

run origin  load origin   length   init length attrs members
----------  ----------- ---------- ----------- ----- -------
00000000    00000000    00002898   00002898    r-x
  00000000    00000000    000000e4   000000e4    r-- .intvecs
  000000e4    000000e4    000026a6   000026a6    r-x .text
  0000278c    0000278c    000000b8   000000b8    r-- .const
  00002848    00002848    00000050   00000050    r-- .cinit
20000000    20000000    00001893   00000000    rw-
  20000000    20000000    00001810   00000000    rw- .bss
  20001810    20001810    00000083   00000000    rw- .data
2000fe00    2000fe00    00000200   00000000    rw-
  2000fe00    2000fe00    00000200   00000000    rw- .stack


SECTION ALLOCATION MAP

 output                                  attributes/
section   page    origin      length       input sections
--------  ----  ----------  ----------   ----------------
.intvecs   0    00000000    000000e4     
                  00000000    000000e4     startup_msp432p401r_ccs.obj (.intvecs:retain)

.text      0    000000e4    000026a6     
                  000000e4    00000258     ESP8266_UART.obj (.text:EUSCIA2_IRQHandler)
                  0000033c    00000208     ESP8266_UART.obj (.text:esp8266StartUp)
                  00000544    00000170     ESP8266_UART.obj (.text:ESP8266Terminal)
                  000006b4    0000015c     msp432p4xx_driverlib.lib : pcm.o (.text:__PCM_setPowerModeAdvanced)
                  00000810    00000154     ESP8266_UART.obj (.text:GET)
                  00000964    00000144     msp432p4xx_driverlib.lib : timer_a.o (.text:privateTimer_AProcessClockSourceDivider)
                  00000aa8    00000128     Motor_Driver.obj (.text:SetSpeeds)
                  00000bd0    0000011c     msp432p4xx_driverlib.lib : uart.o (.text:UART_initModule)
                  00000cec    00000108                              : pcm.o (.text:__PCM_setCoreVoltageLevelAdvanced)
                  00000df4    00000104                              : cs.o (.text:_CSComputeCLKFrequency)
                  00000ef8    00000104     ESP8266_UART.obj (.text:sendSuccess)
                  00000ffc    000000fc     HCSR04.obj (.text:getHCSR04Distance)
                  000010f8    000000f8     msp432p4xx_driverlib.lib : cs.o (.text:CS_getDCOFrequency)
                  000011f0    000000dc     ESP8266_UART.obj (.text:instruction)
                  000012cc    000000d4     ESP8266_UART.obj (.text:POST)
                  000013a0    000000d4     main.obj (.text:main)
                  00001474    000000cc     ESP8266_UART.obj (.text:EUSCIA0_IRQHandler)
                  00001540    000000c8     ESP8266_UART.obj (.text:UARTStartUp)
                  00001608    000000bc     Motor_Driver.obj (.text:setDirection)
                  000016c4    000000b0     PID.obj (.text:TA2_0_IRQHandler)
                  00001774    0000009c     rtsv7M4_T_le_v4SPD16_eabi.lib : memcpy_t2.asm.obj (.text)
                  00001810    00000094     msp432p4xx_driverlib.lib : sysctl_a.o (.text:SysCtl_A_getTLVInfo)
                  000018a4    0000008c     Motor_Driver.obj (.text:SetBaseSpeed)
                  00001930    00000088     msp432p4xx_driverlib.lib : gpio.o (.text:GPIO_setAsPeripheralModuleFunctionOutputPin)
                  000019b8    00000084                              : gpio.o (.text:GPIO_getEnabledInterruptStatus)
                  00001a3c    00000080                              : interrupt.o (.text:Interrupt_enableInterrupt)
                  00001abc    0000007c                              : cs.o (.text:_CSGetDOCFrequency)
                  00001b38    0000007a     rtsv7M4_T_le_v4SPD16_eabi.lib : memset_t2.asm.obj (.text)
                  00001bb2    00000002     startup_msp432p401r_ccs.obj (.text:Default_Handler)
                  00001bb4    00000078     system_msp432p401r.obj (.text:SystemInit)
                  00001c2c    00000074     msp432p4xx_driverlib.lib : timer_a.o (.text:Timer_A_generatePWM)
                  00001ca0    0000006c     ESP8266_UART.obj (.text:setToken)
                  00001d0c    00000068     msp432p4xx_driverlib.lib : timer_a.o (.text:Timer_A_configureUpMode)
                  00001d74    00000068     rtsv7M4_T_le_v4SPD16_eabi.lib : copy_decompress_lzss.c.obj (.text:decompress:lzss:__TI_decompress_lzss)
                  00001ddc    00000064     msp432p4xx_driverlib.lib : uart.o (.text:UART_getEnabledInterruptStatus)
                  00001e40    00000062                              : cs.o (.text:_CSGetDividerValue)
                  00001ea2    0000005e                              : pcm.o (.text:PCM_getCoreVoltageLevel)
                  00001f00    0000005a                              : pcm.o (.text:PCM_getPowerMode)
                  00001f5a    00000002     --HOLE-- [fill = 0]
                  00001f5c    00000058                              : gpio.o (.text:GPIO_setAsInputPinWithPullDownResistor)
                  00001fb4    00000058                              : gpio.o (.text:GPIO_setAsInputPinWithPullUpResistor)
                  0000200c    00000054     HCSR04.obj (.text:HCSR04Setup)
                  00002060    00000054     Motor_Driver.obj (.text:SetMotorSpeed)
                  000020b4    0000004c     msp432p4xx_driverlib.lib : timer_a.o (.text:Timer_A_getCounterValue)
                  00002100    00000048                              : flash.o (.text:FlashCtl_setWaitState)
                  00002148    00000044     PID.obj (.text:Initalise_encoderTimer)
                  0000218c    00000044     rtsv7M4_T_le_v4SPD16_eabi.lib : autoinit.c.obj (.text:__TI_auto_init_nobinit_nopinit:__TI_auto_init_nobinit_nopinit)
                  000021d0    00000044                                   : fd_tou_t2.asm.obj (.text)
                  00002214    00000042     PID.obj (.text:WheelEncoderSetup)
                  00002256    00000002     --HOLE-- [fill = 0]
                  00002258    00000040     msp432p4xx_driverlib.lib : gpio.o (.text:GPIO_setAsOutputPin)
                  00002298    0000003c     Motor_Driver.obj (.text:SetForwardDirection)
                  000022d4    0000003c     Motor_Driver.obj (.text:SetLeftDirection)
                  00002310    0000003c     Motor_Driver.obj (.text:SetReverseDirection)
                  0000234c    0000003c     Motor_Driver.obj (.text:SetRightDirection)
                  00002388    00000038     Motor_Driver.obj (.text:MotorSetup)
                  000023c0    00000038     PID.obj (.text:PORT5_IRQHandler)
                  000023f8    00000038     Motor_Driver.obj (.text:SetStop)
                  00002430    00000038     ESP8266_UART.obj (.text:UART_Write)
                  00002468    00000034     msp432p4xx_driverlib.lib : cs.o (.text:CS_setDCOCenteredFrequency)
                  0000249c    00000034                              : uart.o (.text:UART_transmitData)
                  000024d0    00000034     rtsv7M4_T_le_v4SPD16_eabi.lib : boot_cortex_m.c.obj (.text:_c_int00_noargs:_c_int00_noargs)
                  00002504    00000030     msp432p4xx_driverlib.lib : cs.o (.text:CS_clearInterruptFlag)
                  00002534    00000030                              : gpio.o (.text:GPIO_getInputPinValue)
                  00002564    0000002c                              : timer_a.o (.text:Timer_A_clearCaptureCompareInterrupt)
                  00002590    00000028                              : cs.o (.text:CS_getSMCLK)
                  000025b8    00000028                              : gpio.o (.text:GPIO_clearInterruptFlag)
                  000025e0    00000028                              : gpio.o (.text:GPIO_enableInterrupt)
                  00002608    00000028                              : gpio.o (.text:GPIO_setOutputHighOnPin)
                  00002630    00000028                              : gpio.o (.text:GPIO_setOutputLowOnPin)
                  00002658    00000024                              : gpio.o (.text:GPIO_getInterruptStatus)
                  0000267c    00000020     rtsv7M4_T_le_v4SPD16_eabi.lib : u_tofd_t2.asm.obj (.text)
                  0000269c    0000001c     HCSR04.obj (.text:TA1_0_IRQHandler)
                  000026b8    00000018     msp432p4xx_driverlib.lib : timer_a.o (.text:Timer_A_clearTimer)
                  000026d0    00000018                              : uart.o (.text:UART_getInterruptStatus)
                  000026e8    00000016                              : timer_a.o (.text:Timer_A_startCounter)
                  000026fe    00000002     --HOLE-- [fill = 0]
                  00002700    00000014                              : pcm.o (.text:PCM_getPowerState)
                  00002714    00000014                              : timer_a.o (.text:Timer_A_stopTimer)
                  00002728    00000014     rtsv7M4_T_le_v4SPD16_eabi.lib : strcpy.c.obj (.text:strcpy)
                  0000273c    00000010     msp432p4xx_driverlib.lib : pcm.o (.text:PCM_setCoreVoltageLevel)
                  0000274c    00000010                              : pcm.o (.text:PCM_setPowerMode)
                  0000275c    0000000e     rtsv7M4_T_le_v4SPD16_eabi.lib : copy_decompress_none.c.obj (.text:decompress:none:__TI_decompress_none)
                  0000276a    0000000c     startup_msp432p401r_ccs.obj (.text:Reset_Handler)
                  00002776    0000000c     rtsv7M4_T_le_v4SPD16_eabi.lib : copy_zero_init.c.obj (.text:decompress:ZI:__TI_zero_init)
                  00002782    00000004                                   : pre_init.c.obj (.text:_system_pre_init)
                  00002786    00000004                                   : exit.c.obj (.text:abort:abort)

.const     0    0000278c    000000b8     
                  0000278c    00000030     msp432p4xx_driverlib.lib : gpio.o (.const:GPIO_PORT_TO_BASE)
                  000027bc    00000028     ESP8266_UART.obj (.const:$P$T0$1)
                  000027e4    00000028     ESP8266_UART.obj (.const:$P$T1$2)
                  0000280c    00000018     HCSR04.obj (.const:$P$T0$1)
                  00002824    00000018     PID.obj (.const:$P$T0$1)
                  0000283c    00000008     msp432p4xx_driverlib.lib : interrupt.o (.const:g_pulEnRegs)

.cinit     0    00002848    00000050     
                  00002848    0000002b     (.cinit..data.load) [load image, compression = lzss]
                  00002873    00000001     --HOLE-- [fill = 0]
                  00002874    0000000c     (__TI_handler_table)
                  00002880    00000008     (.cinit..bss.load) [load image, compression = zero_init]
                  00002888    00000010     (__TI_cinit_table)

.init_array 
*          0    00000000    00000000     UNINITIALIZED

.binit     0    00000000    00000000     

.bss       0    20000000    00001810     UNINITIALIZED
                  20000000    00000800     (.common:ESP8266Data)
                  20000800    00000800     (.common:UARTA0Data)
                  20001000    00000800     (.common:UARTA2Data)
                  20001800    00000008     msp432p4xx_driverlib.lib : cs.o (.bss)
                  20001808    00000004     (.common:SR04IntTimes)
                  2000180c    00000002     (.common:notchesdetected)
                  2000180e    00000002     (.common:notchesdetected2)

.data      0    20001810    00000083     UNINITIALIZED
                  20001810    00000032     ESP8266_UART.obj (.data:Token)
                  20001842    00000001     Motor_Driver.obj (.data)
                  20001843    00000001     --HOLE--
                  20001844    0000001a     ESP8266_UART.obj (.data)
                  2000185e    00000002     --HOLE--
                  20001860    00000018     Motor_Driver.obj (.data:pwmConfig2)
                  20001878    00000018     Motor_Driver.obj (.data:pwmConfig)
                  20001890    00000003     PID.obj (.data)

.stack     0    2000fe00    00000200     UNINITIALIZED
                  2000fe00    00000004     rtsv7M4_T_le_v4SPD16_eabi.lib : boot_cortex_m.c.obj (.stack)
                  2000fe04    000001fc     --HOLE--

__llvm_prf_cnts 
*          0    20000000    00000000     UNINITIALIZED

MODULE SUMMARY

       Module                        code   ro data   rw data
       ------                        ----   -------   -------
    .\
       ESP8266_UART.obj              3088   80        12440  
       Motor_Driver.obj              1060   0         98     
       PID.obj                       366    24        14     
       HCSR04.obj                    364    24        8      
       main.obj                      212    0         0      
       system_msp432p401r.obj        120    0         0      
    +--+-----------------------------+------+---------+---------+
       Total:                        5210   128       12560  
                                                             
    .\ccs\
       startup_msp432p401r_ccs.obj   14     228       0      
    +--+-----------------------------+------+---------+---------+
       Total:                        14     228       0      
                                                             
    C:/ti/simplelink_msp432p4_sdk_3_40_01_02/source/ti/devices/msp432p4xx/driverlib/ccs/msp432p4xx_driverlib.lib
       cs.o                          870    0         16     
       pcm.o                         848    0         0      
       gpio.o                        752    48        0      
       timer_a.o                     730    0         0      
       uart.o                        460    0         0      
       sysctl_a.o                    148    0         0      
       interrupt.o                   128    8         0      
       flash.o                       72     0         0      
    +--+-----------------------------+------+---------+---------+
       Total:                        4008   56        16     
                                                             
    C:\ti\ti-cgt-arm_20.2.4.LTS\lib\rtsv7M4_T_le_v4SPD16_eabi.lib
       memcpy_t2.asm.obj             156    0         0      
       memset_t2.asm.obj             122    0         0      
       copy_decompress_lzss.c.obj    104    0         0      
       autoinit.c.obj                68     0         0      
       fd_tou_t2.asm.obj             68     0         0      
       boot_cortex_m.c.obj           52     0         0      
       u_tofd_t2.asm.obj             32     0         0      
       strcpy.c.obj                  20     0         0      
       copy_decompress_none.c.obj    14     0         0      
       copy_zero_init.c.obj          12     0         0      
       exit.c.obj                    4      0         0      
       pre_init.c.obj                4      0         0      
    +--+-----------------------------+------+---------+---------+
       Total:                        656    0         0      
                                                             
       Stack:                        0      0         1024   
       Linker Generated:             0      79        0      
    +--+-----------------------------+------+---------+---------+
       Grand Total:                  9888   491       13600  


LINKER GENERATED COPY TABLES

__TI_cinit_table @ 00002888 records: 2, size/record: 8, table size: 16
	.data: load addr=00002848, load size=0000002b bytes, run addr=20001810, run size=00000083 bytes, compression=lzss
	.bss: load addr=00002880, load size=00000008 bytes, run addr=20000000, run size=00001810 bytes, compression=zero_init


LINKER GENERATED HANDLER TABLE

__TI_handler_table @ 00002874 records: 3, size/record: 4, table size: 12
	index: 0, handler: __TI_decompress_lzss
	index: 1, handler: __TI_decompress_none
	index: 2, handler: __TI_zero_init


GLOBAL SYMBOLS: SORTED ALPHABETICALLY BY Name 

address   name                                       
-------   ----                                       
00001bb3  ADC14_IRQHandler                           
00001bb3  AES256_IRQHandler                          
00001bb3  BusFault_Handler                           
00002787  C$$EXIT                                    
00001bb3  COMP_E0_IRQHandler                         
00001bb3  COMP_E1_IRQHandler                         
00001bb3  CS_IRQHandler                              
00002505  CS_clearInterruptFlag                      
000010f9  CS_getDCOFrequency                         
00002591  CS_getSMCLK                                
00002469  CS_setDCOCenteredFrequency                 
00001bb3  DMA_ERR_IRQHandler                         
00001bb3  DMA_INT0_IRQHandler                        
00001bb3  DMA_INT1_IRQHandler                        
00001bb3  DMA_INT2_IRQHandler                        
00001bb3  DMA_INT3_IRQHandler                        
00001bb3  DebugMon_Handler                           
00001bb3  Default_Handler                            
20000000  ESP8266Data                                
2000184c  ESP8266DataIndex                           
00000545  ESP8266Terminal                            
20001855  ESPStartUp                                 
00001475  EUSCIA0_IRQHandler                         
00001475  EUSCIA0_IRQHandler                         
00001bb3  EUSCIA1_IRQHandler                         
000000e5  EUSCIA2_IRQHandler                         
000000e5  EUSCIA2_IRQHandler                         
00001bb3  EUSCIA3_IRQHandler                         
00001bb3  EUSCIB0_IRQHandler                         
00001bb3  EUSCIB1_IRQHandler                         
00001bb3  EUSCIB2_IRQHandler                         
00001bb3  EUSCIB3_IRQHandler                         
00001bb3  FLCTL_IRQHandler                           
00001bb3  FPU_IRQHandler                             
00002101  FlashCtl_setWaitState                      
00000811  GET                                        
000025b9  GPIO_clearInterruptFlag                    
000025e1  GPIO_enableInterrupt                       
000019b9  GPIO_getEnabledInterruptStatus             
00002535  GPIO_getInputPinValue                      
00002659  GPIO_getInterruptStatus                    
00001f5d  GPIO_setAsInputPinWithPullDownResistor     
00001fb5  GPIO_setAsInputPinWithPullUpResistor       
00002259  GPIO_setAsOutputPin                        
00001931  GPIO_setAsPeripheralModuleFunctionOutputPin
00002609  GPIO_setOutputHighOnPin                    
00002631  GPIO_setOutputLowOnPin                     
0000200d  HCSR04Setup                                
00001bb3  HardFault_Handler                          
00002149  Initalise_encoderTimer                     
00001a3d  Interrupt_enableInterrupt                  
00001bb3  MemManage_Handler                          
00002389  MotorSetup                                 
00001bb3  NMI_Handler                                
00001bb3  PCM_IRQHandler                             
00001ea3  PCM_getCoreVoltageLevel                    
00001f01  PCM_getPowerMode                           
00002701  PCM_getPowerState                          
0000273d  PCM_setCoreVoltageLevel                    
0000274d  PCM_setPowerMode                           
00001bb3  PORT1_IRQHandler                           
00001bb3  PORT2_IRQHandler                           
00001bb3  PORT3_IRQHandler                           
00001bb3  PORT4_IRQHandler                           
000023c1  PORT5_IRQHandler                           
000023c1  PORT5_IRQHandler                           
00001bb3  PORT6_IRQHandler                           
000012cd  POST                                       
00001bb3  PSS_IRQHandler                             
00001bb3  PendSV_Handler                             
00001bb3  RTC_C_IRQHandler                           
0000276b  Reset_Handler                              
20001808  SR04IntTimes                               
00001bb3  SVC_Handler                                
000018a5  SetBaseSpeed                               
00002299  SetForwardDirection                        
000022d5  SetLeftDirection                           
00002061  SetMotorSpeed                              
00002311  SetReverseDirection                        
0000234d  SetRightDirection                          
00000aa9  SetSpeeds                                  
000023f9  SetStop                                    
00001811  SysCtl_A_getTLVInfo                        
00001bb3  SysTick_Handler                            
00001bb5  SystemInit                                 
00001bb3  T32_INT1_IRQHandler                        
00001bb3  T32_INT2_IRQHandler                        
00001bb3  T32_INTC_IRQHandler                        
00001bb3  TA0_0_IRQHandler                           
00001bb3  TA0_N_IRQHandler                           
0000269d  TA1_0_IRQHandler                           
0000269d  TA1_0_IRQHandler                           
00001bb3  TA1_N_IRQHandler                           
000016c5  TA2_0_IRQHandler                           
000016c5  TA2_0_IRQHandler                           
00001bb3  TA2_N_IRQHandler                           
00001bb3  TA3_0_IRQHandler                           
00001bb3  TA3_N_IRQHandler                           
00002565  Timer_A_clearCaptureCompareInterrupt       
000026b9  Timer_A_clearTimer                         
00001d0d  Timer_A_configureUpMode                    
00001c2d  Timer_A_generatePWM                        
000020b5  Timer_A_getCounterValue                    
000026e9  Timer_A_startCounter                       
00002715  Timer_A_stopTimer                          
20001810  Token                                      
20000800  UARTA0Data                                 
2000185c  UARTA0Receive                              
20001858  UARTA0ReceiveIndex                         
20001000  UARTA2Data                                 
20001854  UARTA2Receive                              
20001844  UARTA2ReceiveIndex                         
00001541  UARTStartUp                                
00002431  UART_Write                                 
00001ddd  UART_getEnabledInterruptStatus             
000026d1  UART_getInterruptStatus                    
00000bd1  UART_initModule                            
0000249d  UART_transmitData                          
00001bb3  UsageFault_Handler                         
4000480c  WDTCTL_SYM                                 
00001bb3  WDT_A_IRQHandler                           
00002215  WheelEncoderSetup                          
20010000  __STACK_END                                
00000200  __STACK_SIZE                               
00002888  __TI_CINIT_Base                            
00002898  __TI_CINIT_Limit                           
00002874  __TI_Handler_Table_Base                    
00002880  __TI_Handler_Table_Limit                   
0000218d  __TI_auto_init_nobinit_nopinit             
00001d75  __TI_decompress_lzss                       
0000275d  __TI_decompress_none                       
ffffffff  __TI_pprof_out_hndl                        
ffffffff  __TI_prof_data_size                        
ffffffff  __TI_prof_data_start                       
00000000  __TI_static_base__                         
00002777  __TI_zero_init                             
000021d1  __aeabi_d2uiz                              
00001b39  __aeabi_memclr                             
00001b39  __aeabi_memclr4                            
00001b39  __aeabi_memclr8                            
00001775  __aeabi_memcpy                             
00001775  __aeabi_memcpy4                            
00001775  __aeabi_memcpy8                            
00001b3b  __aeabi_memset                             
00001b3b  __aeabi_memset4                            
00001b3b  __aeabi_memset8                            
0000267d  __aeabi_ui2d                               
ffffffff  __binit__                                  
ffffffff  __c_args__                                 
UNDEFED   __mpu_init                                 
2000fe00  __stack                                    
20000000  __start___llvm_prf_cnts                    
20000000  __stop___llvm_prf_cnts                     
000024d1  _c_int00_noargs                            
UNDEFED   _system_post_cinit                         
00002783  _system_pre_init                           
00002787  abort                                      
ffffffff  binit                                      
20001856  connFlag                                   
20001857  dir                                        
0000033d  esp8266StartUp                             
00000ffd  getHCSR04Distance                          
20001848  index                                      
000011f1  instruction                                
2000185d  instructionFlag                            
00000000  interruptVectors                           
000013a1  main                                       
00001775  memcpy                                     
00001b41  memset                                     
2000180c  notchesdetected                            
2000180e  notchesdetected2                           
20001878  pwmConfig                                  
20001860  pwmConfig2                                 
00000ef9  sendSuccess                                
00001609  setDirection                               
00001ca1  setToken                                   
20001842  state                                      
00002729  strcpy                                     
20001892  syncflag                                   
20001890  timer_count                                
20001850  tokIndex                                   


GLOBAL SYMBOLS: SORTED BY Symbol Address 

address   name                                       
-------   ----                                       
00000000  __TI_static_base__                         
00000000  interruptVectors                           
000000e5  EUSCIA2_IRQHandler                         
000000e5  EUSCIA2_IRQHandler                         
00000200  __STACK_SIZE                               
0000033d  esp8266StartUp                             
00000545  ESP8266Terminal                            
00000811  GET                                        
00000aa9  SetSpeeds                                  
00000bd1  UART_initModule                            
00000ef9  sendSuccess                                
00000ffd  getHCSR04Distance                          
000010f9  CS_getDCOFrequency                         
000011f1  instruction                                
000012cd  POST                                       
000013a1  main                                       
00001475  EUSCIA0_IRQHandler                         
00001475  EUSCIA0_IRQHandler                         
00001541  UARTStartUp                                
00001609  setDirection                               
000016c5  TA2_0_IRQHandler                           
000016c5  TA2_0_IRQHandler                           
00001775  __aeabi_memcpy                             
00001775  __aeabi_memcpy4                            
00001775  __aeabi_memcpy8                            
00001775  memcpy                                     
00001811  SysCtl_A_getTLVInfo                        
000018a5  SetBaseSpeed                               
00001931  GPIO_setAsPeripheralModuleFunctionOutputPin
000019b9  GPIO_getEnabledInterruptStatus             
00001a3d  Interrupt_enableInterrupt                  
00001b39  __aeabi_memclr                             
00001b39  __aeabi_memclr4                            
00001b39  __aeabi_memclr8                            
00001b3b  __aeabi_memset                             
00001b3b  __aeabi_memset4                            
00001b3b  __aeabi_memset8                            
00001b41  memset                                     
00001bb3  ADC14_IRQHandler                           
00001bb3  AES256_IRQHandler                          
00001bb3  BusFault_Handler                           
00001bb3  COMP_E0_IRQHandler                         
00001bb3  COMP_E1_IRQHandler                         
00001bb3  CS_IRQHandler                              
00001bb3  DMA_ERR_IRQHandler                         
00001bb3  DMA_INT0_IRQHandler                        
00001bb3  DMA_INT1_IRQHandler                        
00001bb3  DMA_INT2_IRQHandler                        
00001bb3  DMA_INT3_IRQHandler                        
00001bb3  DebugMon_Handler                           
00001bb3  Default_Handler                            
00001bb3  EUSCIA1_IRQHandler                         
00001bb3  EUSCIA3_IRQHandler                         
00001bb3  EUSCIB0_IRQHandler                         
00001bb3  EUSCIB1_IRQHandler                         
00001bb3  EUSCIB2_IRQHandler                         
00001bb3  EUSCIB3_IRQHandler                         
00001bb3  FLCTL_IRQHandler                           
00001bb3  FPU_IRQHandler                             
00001bb3  HardFault_Handler                          
00001bb3  MemManage_Handler                          
00001bb3  NMI_Handler                                
00001bb3  PCM_IRQHandler                             
00001bb3  PORT1_IRQHandler                           
00001bb3  PORT2_IRQHandler                           
00001bb3  PORT3_IRQHandler                           
00001bb3  PORT4_IRQHandler                           
00001bb3  PORT6_IRQHandler                           
00001bb3  PSS_IRQHandler                             
00001bb3  PendSV_Handler                             
00001bb3  RTC_C_IRQHandler                           
00001bb3  SVC_Handler                                
00001bb3  SysTick_Handler                            
00001bb3  T32_INT1_IRQHandler                        
00001bb3  T32_INT2_IRQHandler                        
00001bb3  T32_INTC_IRQHandler                        
00001bb3  TA0_0_IRQHandler                           
00001bb3  TA0_N_IRQHandler                           
00001bb3  TA1_N_IRQHandler                           
00001bb3  TA2_N_IRQHandler                           
00001bb3  TA3_0_IRQHandler                           
00001bb3  TA3_N_IRQHandler                           
00001bb3  UsageFault_Handler                         
00001bb3  WDT_A_IRQHandler                           
00001bb5  SystemInit                                 
00001c2d  Timer_A_generatePWM                        
00001ca1  setToken                                   
00001d0d  Timer_A_configureUpMode                    
00001d75  __TI_decompress_lzss                       
00001ddd  UART_getEnabledInterruptStatus             
00001ea3  PCM_getCoreVoltageLevel                    
00001f01  PCM_getPowerMode                           
00001f5d  GPIO_setAsInputPinWithPullDownResistor     
00001fb5  GPIO_setAsInputPinWithPullUpResistor       
0000200d  HCSR04Setup                                
00002061  SetMotorSpeed                              
000020b5  Timer_A_getCounterValue                    
00002101  FlashCtl_setWaitState                      
00002149  Initalise_encoderTimer                     
0000218d  __TI_auto_init_nobinit_nopinit             
000021d1  __aeabi_d2uiz                              
00002215  WheelEncoderSetup                          
00002259  GPIO_setAsOutputPin                        
00002299  SetForwardDirection                        
000022d5  SetLeftDirection                           
00002311  SetReverseDirection                        
0000234d  SetRightDirection                          
00002389  MotorSetup                                 
000023c1  PORT5_IRQHandler                           
000023c1  PORT5_IRQHandler                           
000023f9  SetStop                                    
00002431  UART_Write                                 
00002469  CS_setDCOCenteredFrequency                 
0000249d  UART_transmitData                          
000024d1  _c_int00_noargs                            
00002505  CS_clearInterruptFlag                      
00002535  GPIO_getInputPinValue                      
00002565  Timer_A_clearCaptureCompareInterrupt       
00002591  CS_getSMCLK                                
000025b9  GPIO_clearInterruptFlag                    
000025e1  GPIO_enableInterrupt                       
00002609  GPIO_setOutputHighOnPin                    
00002631  GPIO_setOutputLowOnPin                     
00002659  GPIO_getInterruptStatus                    
0000267d  __aeabi_ui2d                               
0000269d  TA1_0_IRQHandler                           
0000269d  TA1_0_IRQHandler                           
000026b9  Timer_A_clearTimer                         
000026d1  UART_getInterruptStatus                    
000026e9  Timer_A_startCounter                       
00002701  PCM_getPowerState                          
00002715  Timer_A_stopTimer                          
00002729  strcpy                                     
0000273d  PCM_setCoreVoltageLevel                    
0000274d  PCM_setPowerMode                           
0000275d  __TI_decompress_none                       
0000276b  Reset_Handler                              
00002777  __TI_zero_init                             
00002783  _system_pre_init                           
00002787  C$$EXIT                                    
00002787  abort                                      
00002874  __TI_Handler_Table_Base                    
00002880  __TI_Handler_Table_Limit                   
00002888  __TI_CINIT_Base                            
00002898  __TI_CINIT_Limit                           
20000000  ESP8266Data                                
20000000  __start___llvm_prf_cnts                    
20000000  __stop___llvm_prf_cnts                     
20000800  UARTA0Data                                 
20001000  UARTA2Data                                 
20001808  SR04IntTimes                               
2000180c  notchesdetected                            
2000180e  notchesdetected2                           
20001810  Token                                      
20001842  state                                      
20001844  UARTA2ReceiveIndex                         
20001848  index                                      
2000184c  ESP8266DataIndex                           
20001850  tokIndex                                   
20001854  UARTA2Receive                              
20001855  ESPStartUp                                 
20001856  connFlag                                   
20001857  dir                                        
20001858  UARTA0ReceiveIndex                         
2000185c  UARTA0Receive                              
2000185d  instructionFlag                            
20001860  pwmConfig2                                 
20001878  pwmConfig                                  
20001890  timer_count                                
20001892  syncflag                                   
2000fe00  __stack                                    
20010000  __STACK_END                                
4000480c  WDTCTL_SYM                                 
ffffffff  __TI_pprof_out_hndl                        
ffffffff  __TI_prof_data_size                        
ffffffff  __TI_prof_data_start                       
ffffffff  __binit__                                  
ffffffff  __c_args__                                 
ffffffff  binit                                      
UNDEFED   __mpu_init                                 
UNDEFED   _system_post_cinit                         

[181 symbols]
