******************************************************************************
                  TI ARM Linker PC v20.2.4                     
******************************************************************************
>> Linked Thu Dec  2 14:32:52 2021

OUTPUT FILE NAME:   <Project (WIP Integrate).out>
ENTRY POINT SYMBOL: "_c_int00_noargs"  address: 00001ffd


MEMORY CONFIGURATION

         name            origin    length      used     unused   attr    fill
----------------------  --------  ---------  --------  --------  ----  --------
  MAIN                  00000000   00040000  00002312  0003dcee  R  X
  INFO                  00200000   00004000  00000000  00004000  R  X
  SRAM_CODE             01000000   00010000  00001a8c  0000e574  RW X
  SRAM_DATA             20000000   00010000  00001a8c  0000e574  RW  


SEGMENT ALLOCATION MAP

run origin  load origin   length   init length attrs members
----------  ----------- ---------- ----------- ----- -------
00000000    00000000    00002318   00002318    r-x
  00000000    00000000    000000e4   000000e4    r-- .intvecs
  000000e4    000000e4    0000213e   0000213e    r-x .text
  00002224    00002224    000000a0   000000a0    r-- .const
  000022c8    000022c8    00000050   00000050    r-- .cinit
20000000    20000000    0000188c   00000000    rw-
  20000000    20000000    0000180c   00000000    rw- .bss
  2000180c    2000180c    00000080   00000000    rw- .data
2000fe00    2000fe00    00000200   00000000    rw-
  2000fe00    2000fe00    00000200   00000000    rw- .stack


SECTION ALLOCATION MAP

 output                                  attributes/
section   page    origin      length       input sections
--------  ----  ----------  ----------   ----------------
.intvecs   0    00000000    000000e4     
                  00000000    000000e4     startup_msp432p401r_ccs.obj (.intvecs:retain)

.text      0    000000e4    0000213e     
                  000000e4    00000258     ESP8266_UART.obj (.text:EUSCIA2_IRQHandler)
                  0000033c    00000208     ESP8266_UART.obj (.text:esp8266StartUp)
                  00000544    00000170     ESP8266_UART.obj (.text:ESP8266Terminal)
                  000006b4    0000015c     msp432p4xx_driverlib.lib : pcm.o (.text:__PCM_setPowerModeAdvanced)
                  00000810    00000154     ESP8266_UART.obj (.text:GET)
                  00000964    00000144     msp432p4xx_driverlib.lib : timer_a.o (.text:privateTimer_AProcessClockSourceDivider)
                  00000aa8    0000012c     ESP8266_UART.obj (.text:sendSuccess)
                  00000bd4    0000011c     msp432p4xx_driverlib.lib : uart.o (.text:UART_initModule)
                  00000cf0    00000108                              : pcm.o (.text:__PCM_setCoreVoltageLevelAdvanced)
                  00000df8    00000104                              : cs.o (.text:_CSComputeCLKFrequency)
                  00000efc    000000f8                              : cs.o (.text:CS_getDCOFrequency)
                  00000ff4    000000dc     ESP8266_UART.obj (.text:instruction)
                  000010d0    000000d4     ESP8266_UART.obj (.text:POST)
                  000011a4    000000cc     ESP8266_UART.obj (.text:EUSCIA0_IRQHandler)
                  00001270    000000cc     main.obj (.text:main)
                  0000133c    000000c8     ESP8266_UART.obj (.text:UARTStartUp)
                  00001404    000000b0     Motor_Driver.obj (.text:setDirection)
                  000014b4    000000a4     HCSR04.obj (.text:getHCSR04Distance)
                  00001558    0000009c     rtsv7M4_T_le_v4SPD16_eabi.lib : memcpy_t2.asm.obj (.text)
                  000015f4    00000094     msp432p4xx_driverlib.lib : sysctl_a.o (.text:SysCtl_A_getTLVInfo)
                  00001688    00000088                              : gpio.o (.text:GPIO_setAsPeripheralModuleFunctionOutputPin)
                  00001710    00000080                              : interrupt.o (.text:Interrupt_enableInterrupt)
                  00001790    0000007c                              : cs.o (.text:_CSGetDOCFrequency)
                  0000180c    0000007a     rtsv7M4_T_le_v4SPD16_eabi.lib : memset_t2.asm.obj (.text)
                  00001886    00000002     startup_msp432p401r_ccs.obj (.text:Default_Handler)
                  00001888    00000078     system_msp432p401r.obj (.text:SystemInit)
                  00001900    00000074     msp432p4xx_driverlib.lib : timer_a.o (.text:Timer_A_generatePWM)
                  00001974    0000006c     ESP8266_UART.obj (.text:setToken)
                  000019e0    00000068     msp432p4xx_driverlib.lib : timer_a.o (.text:Timer_A_configureUpMode)
                  00001a48    00000068     rtsv7M4_T_le_v4SPD16_eabi.lib : copy_decompress_lzss.c.obj (.text:decompress:lzss:__TI_decompress_lzss)
                  00001ab0    00000064     msp432p4xx_driverlib.lib : uart.o (.text:UART_getEnabledInterruptStatus)
                  00001b14    00000062                              : cs.o (.text:_CSGetDividerValue)
                  00001b76    0000005e                              : pcm.o (.text:PCM_getCoreVoltageLevel)
                  00001bd4    0000005a                              : pcm.o (.text:PCM_getPowerMode)
                  00001c2e    00000002     --HOLE-- [fill = 0]
                  00001c30    00000058                              : gpio.o (.text:GPIO_setAsInputPinWithPullDownResistor)
                  00001c88    00000054     HCSR04.obj (.text:HCSR04Setup)
                  00001cdc    0000004c     msp432p4xx_driverlib.lib : timer_a.o (.text:Timer_A_getCounterValue)
                  00001d28    00000048                              : flash.o (.text:FlashCtl_setWaitState)
                  00001d70    00000044     rtsv7M4_T_le_v4SPD16_eabi.lib : autoinit.c.obj (.text:__TI_auto_init_nobinit_nopinit:__TI_auto_init_nobinit_nopinit)
                  00001db4    00000040     msp432p4xx_driverlib.lib : gpio.o (.text:GPIO_setAsOutputPin)
                  00001df4    0000003e     Motor_Driver.obj (.text:MotorSetup)
                  00001e32    00000002     --HOLE-- [fill = 0]
                  00001e34    0000003c     Motor_Driver.obj (.text:SetForwardDirection)
                  00001e70    0000003c     Motor_Driver.obj (.text:SetLeftDirection)
                  00001eac    0000003c     Motor_Driver.obj (.text:SetReverseDirection)
                  00001ee8    0000003c     Motor_Driver.obj (.text:SetRightDirection)
                  00001f24    00000038     Motor_Driver.obj (.text:SetStop)
                  00001f5c    00000038     ESP8266_UART.obj (.text:UART_Write)
                  00001f94    00000034     msp432p4xx_driverlib.lib : cs.o (.text:CS_setDCOCenteredFrequency)
                  00001fc8    00000034                              : uart.o (.text:UART_transmitData)
                  00001ffc    00000034     rtsv7M4_T_le_v4SPD16_eabi.lib : boot_cortex_m.c.obj (.text:_c_int00_noargs:_c_int00_noargs)
                  00002030    00000030     msp432p4xx_driverlib.lib : cs.o (.text:CS_clearInterruptFlag)
                  00002060    00000030                              : gpio.o (.text:GPIO_getInputPinValue)
                  00002090    0000002c                              : timer_a.o (.text:Timer_A_clearCaptureCompareInterrupt)
                  000020bc    00000028                              : cs.o (.text:CS_getSMCLK)
                  000020e4    00000028                              : gpio.o (.text:GPIO_setOutputHighOnPin)
                  0000210c    00000028                              : gpio.o (.text:GPIO_setOutputLowOnPin)
                  00002134    0000001c     HCSR04.obj (.text:TA1_0_IRQHandler)
                  00002150    00000018     msp432p4xx_driverlib.lib : timer_a.o (.text:Timer_A_clearTimer)
                  00002168    00000018                              : uart.o (.text:UART_getInterruptStatus)
                  00002180    00000016                              : timer_a.o (.text:Timer_A_startCounter)
                  00002196    00000002     --HOLE-- [fill = 0]
                  00002198    00000014                              : pcm.o (.text:PCM_getPowerState)
                  000021ac    00000014                              : timer_a.o (.text:Timer_A_stopTimer)
                  000021c0    00000014     rtsv7M4_T_le_v4SPD16_eabi.lib : strcpy.c.obj (.text:strcpy)
                  000021d4    00000010     msp432p4xx_driverlib.lib : pcm.o (.text:PCM_setCoreVoltageLevel)
                  000021e4    00000010                              : pcm.o (.text:PCM_setPowerMode)
                  000021f4    0000000e     rtsv7M4_T_le_v4SPD16_eabi.lib : copy_decompress_none.c.obj (.text:decompress:none:__TI_decompress_none)
                  00002202    0000000c     startup_msp432p401r_ccs.obj (.text:Reset_Handler)
                  0000220e    0000000c     rtsv7M4_T_le_v4SPD16_eabi.lib : copy_zero_init.c.obj (.text:decompress:ZI:__TI_zero_init)
                  0000221a    00000004                                   : pre_init.c.obj (.text:_system_pre_init)
                  0000221e    00000004                                   : exit.c.obj (.text:abort:abort)

.const     0    00002224    000000a0     
                  00002224    00000030     msp432p4xx_driverlib.lib : gpio.o (.const:GPIO_PORT_TO_BASE)
                  00002254    00000028     ESP8266_UART.obj (.const:$P$T0$1)
                  0000227c    00000028     ESP8266_UART.obj (.const:$P$T1$2)
                  000022a4    00000018     HCSR04.obj (.const:$P$T0$1)
                  000022bc    00000008     msp432p4xx_driverlib.lib : interrupt.o (.const:g_pulEnRegs)

.cinit     0    000022c8    00000050     
                  000022c8    00000028     (.cinit..data.load) [load image, compression = lzss]
                  000022f0    0000000c     (__TI_handler_table)
                  000022fc    00000004     --HOLE-- [fill = 0]
                  00002300    00000008     (.cinit..bss.load) [load image, compression = zero_init]
                  00002308    00000010     (__TI_cinit_table)

.init_array 
*          0    00000000    00000000     UNINITIALIZED

.binit     0    00000000    00000000     

.bss       0    20000000    0000180c     UNINITIALIZED
                  20000000    00000800     (.common:ESP8266Data)
                  20000800    00000800     (.common:UARTA0Data)
                  20001000    00000800     (.common:UARTA2Data)
                  20001800    00000008     msp432p4xx_driverlib.lib : cs.o (.bss)
                  20001808    00000004     (.common:SR04IntTimes)

.data      0    2000180c    00000080     UNINITIALIZED
                  2000180c    00000032     ESP8266_UART.obj (.data:Token)
                  2000183e    00000002     --HOLE--
                  20001840    0000001a     ESP8266_UART.obj (.data)
                  2000185a    00000002     --HOLE--
                  2000185c    00000018     Motor_Driver.obj (.data:pwmConfig2)
                  20001874    00000018     Motor_Driver.obj (.data:pwmConfig)

.stack     0    2000fe00    00000200     UNINITIALIZED
                  2000fe00    00000004     rtsv7M4_T_le_v4SPD16_eabi.lib : boot_cortex_m.c.obj (.stack)
                  2000fe04    000001fc     --HOLE--

__llvm_prf_cnts 
*          0    20000000    00000000     UNINITIALIZED

MODULE SUMMARY

       Module                        code   ro data   rw data
       ------                        ----   -------   -------
    .\
       ESP8266_UART.obj              3128   80        12440  
       Motor_Driver.obj              534    0         96     
       HCSR04.obj                    276    24        8      
       main.obj                      204    0         0      
       system_msp432p401r.obj        120    0         0      
    +--+-----------------------------+------+---------+---------+
       Total:                        4262   104       12544  
                                                             
    .\ccs\
       startup_msp432p401r_ccs.obj   14     228       0      
    +--+-----------------------------+------+---------+---------+
       Total:                        14     228       0      
                                                             
    C:\ti\ti-cgt-arm_20.2.4.LTS\lib\rtsv7M4_T_le_v4SPD16_eabi.lib
       memcpy_t2.asm.obj             156    0         0      
       memset_t2.asm.obj             122    0         0      
       copy_decompress_lzss.c.obj    104    0         0      
       autoinit.c.obj                68     0         0      
       boot_cortex_m.c.obj           52     0         0      
       strcpy.c.obj                  20     0         0      
       copy_decompress_none.c.obj    14     0         0      
       copy_zero_init.c.obj          12     0         0      
       exit.c.obj                    4      0         0      
       pre_init.c.obj                4      0         0      
    +--+-----------------------------+------+---------+---------+
       Total:                        556    0         0      
                                                             
    D:/ti/simplelink_msp432p4_sdk_3_40_01_02/source/ti/devices/msp432p4xx/driverlib/ccs/msp432p4xx_driverlib.lib
       cs.o                          870    0         16     
       pcm.o                         848    0         0      
       timer_a.o                     730    0         0      
       gpio.o                        416    48        0      
       uart.o                        460    0         0      
       sysctl_a.o                    148    0         0      
       interrupt.o                   128    8         0      
       flash.o                       72     0         0      
    +--+-----------------------------+------+---------+---------+
       Total:                        3672   56        16     
                                                             
       Stack:                        0      0         1024   
       Linker Generated:             0      76        0      
    +--+-----------------------------+------+---------+---------+
       Grand Total:                  8504   464       13584  


LINKER GENERATED COPY TABLES

__TI_cinit_table @ 00002308 records: 2, size/record: 8, table size: 16
	.data: load addr=000022c8, load size=00000028 bytes, run addr=2000180c, run size=00000080 bytes, compression=lzss
	.bss: load addr=00002300, load size=00000008 bytes, run addr=20000000, run size=0000180c bytes, compression=zero_init


LINKER GENERATED HANDLER TABLE

__TI_handler_table @ 000022f0 records: 3, size/record: 4, table size: 12
	index: 0, handler: __TI_decompress_lzss
	index: 1, handler: __TI_decompress_none
	index: 2, handler: __TI_zero_init


GLOBAL SYMBOLS: SORTED ALPHABETICALLY BY Name 

address   name                                       
-------   ----                                       
00001887  ADC14_IRQHandler                           
00001887  AES256_IRQHandler                          
00001887  BusFault_Handler                           
0000221f  C$$EXIT                                    
00001887  COMP_E0_IRQHandler                         
00001887  COMP_E1_IRQHandler                         
00001887  CS_IRQHandler                              
00002031  CS_clearInterruptFlag                      
00000efd  CS_getDCOFrequency                         
000020bd  CS_getSMCLK                                
00001f95  CS_setDCOCenteredFrequency                 
00001887  DMA_ERR_IRQHandler                         
00001887  DMA_INT0_IRQHandler                        
00001887  DMA_INT1_IRQHandler                        
00001887  DMA_INT2_IRQHandler                        
00001887  DMA_INT3_IRQHandler                        
00001887  DebugMon_Handler                           
00001887  Default_Handler                            
20000000  ESP8266Data                                
20001848  ESP8266DataIndex                           
00000545  ESP8266Terminal                            
20001851  ESPStartUp                                 
000011a5  EUSCIA0_IRQHandler                         
000011a5  EUSCIA0_IRQHandler                         
00001887  EUSCIA1_IRQHandler                         
000000e5  EUSCIA2_IRQHandler                         
000000e5  EUSCIA2_IRQHandler                         
00001887  EUSCIA3_IRQHandler                         
00001887  EUSCIB0_IRQHandler                         
00001887  EUSCIB1_IRQHandler                         
00001887  EUSCIB2_IRQHandler                         
00001887  EUSCIB3_IRQHandler                         
00001887  FLCTL_IRQHandler                           
00001887  FPU_IRQHandler                             
00001d29  FlashCtl_setWaitState                      
00000811  GET                                        
00002061  GPIO_getInputPinValue                      
00001c31  GPIO_setAsInputPinWithPullDownResistor     
00001db5  GPIO_setAsOutputPin                        
00001689  GPIO_setAsPeripheralModuleFunctionOutputPin
000020e5  GPIO_setOutputHighOnPin                    
0000210d  GPIO_setOutputLowOnPin                     
00001c89  HCSR04Setup                                
00001887  HardFault_Handler                          
00001711  Interrupt_enableInterrupt                  
00001887  MemManage_Handler                          
00001df5  MotorSetup                                 
00001887  NMI_Handler                                
00001887  PCM_IRQHandler                             
00001b77  PCM_getCoreVoltageLevel                    
00001bd5  PCM_getPowerMode                           
00002199  PCM_getPowerState                          
000021d5  PCM_setCoreVoltageLevel                    
000021e5  PCM_setPowerMode                           
00001887  PORT1_IRQHandler                           
00001887  PORT2_IRQHandler                           
00001887  PORT3_IRQHandler                           
00001887  PORT4_IRQHandler                           
00001887  PORT5_IRQHandler                           
00001887  PORT6_IRQHandler                           
000010d1  POST                                       
00001887  PSS_IRQHandler                             
00001887  PendSV_Handler                             
00001887  RTC_C_IRQHandler                           
00002203  Reset_Handler                              
20001808  SR04IntTimes                               
00001887  SVC_Handler                                
00001e35  SetForwardDirection                        
00001e71  SetLeftDirection                           
00001ead  SetReverseDirection                        
00001ee9  SetRightDirection                          
00001f25  SetStop                                    
000015f5  SysCtl_A_getTLVInfo                        
00001887  SysTick_Handler                            
00001889  SystemInit                                 
00001887  T32_INT1_IRQHandler                        
00001887  T32_INT2_IRQHandler                        
00001887  T32_INTC_IRQHandler                        
00001887  TA0_0_IRQHandler                           
00001887  TA0_N_IRQHandler                           
00002135  TA1_0_IRQHandler                           
00002135  TA1_0_IRQHandler                           
00001887  TA1_N_IRQHandler                           
00001887  TA2_0_IRQHandler                           
00001887  TA2_N_IRQHandler                           
00001887  TA3_0_IRQHandler                           
00001887  TA3_N_IRQHandler                           
00002091  Timer_A_clearCaptureCompareInterrupt       
00002151  Timer_A_clearTimer                         
000019e1  Timer_A_configureUpMode                    
00001901  Timer_A_generatePWM                        
00001cdd  Timer_A_getCounterValue                    
00002181  Timer_A_startCounter                       
000021ad  Timer_A_stopTimer                          
2000180c  Token                                      
20000800  UARTA0Data                                 
20001858  UARTA0Receive                              
20001854  UARTA0ReceiveIndex                         
20001000  UARTA2Data                                 
20001850  UARTA2Receive                              
20001840  UARTA2ReceiveIndex                         
0000133d  UARTStartUp                                
00001f5d  UART_Write                                 
00001ab1  UART_getEnabledInterruptStatus             
00002169  UART_getInterruptStatus                    
00000bd5  UART_initModule                            
00001fc9  UART_transmitData                          
00001887  UsageFault_Handler                         
4000480c  WDTCTL_SYM                                 
00001887  WDT_A_IRQHandler                           
20010000  __STACK_END                                
00000200  __STACK_SIZE                               
00002308  __TI_CINIT_Base                            
00002318  __TI_CINIT_Limit                           
000022f0  __TI_Handler_Table_Base                    
000022fc  __TI_Handler_Table_Limit                   
00001d71  __TI_auto_init_nobinit_nopinit             
00001a49  __TI_decompress_lzss                       
000021f5  __TI_decompress_none                       
ffffffff  __TI_pprof_out_hndl                        
ffffffff  __TI_prof_data_size                        
ffffffff  __TI_prof_data_start                       
00000000  __TI_static_base__                         
0000220f  __TI_zero_init                             
0000180d  __aeabi_memclr                             
0000180d  __aeabi_memclr4                            
0000180d  __aeabi_memclr8                            
00001559  __aeabi_memcpy                             
00001559  __aeabi_memcpy4                            
00001559  __aeabi_memcpy8                            
0000180f  __aeabi_memset                             
0000180f  __aeabi_memset4                            
0000180f  __aeabi_memset8                            
ffffffff  __binit__                                  
ffffffff  __c_args__                                 
UNDEFED   __mpu_init                                 
2000fe00  __stack                                    
20000000  __start___llvm_prf_cnts                    
20000000  __stop___llvm_prf_cnts                     
00001ffd  _c_int00_noargs                            
UNDEFED   _system_post_cinit                         
0000221b  _system_pre_init                           
0000221f  abort                                      
ffffffff  binit                                      
20001852  connFlag                                   
20001853  dir                                        
0000033d  esp8266StartUp                             
000014b5  getHCSR04Distance                          
20001844  index                                      
00000ff5  instruction                                
20001859  instructionFlag                            
00000000  interruptVectors                           
00001271  main                                       
00001559  memcpy                                     
00001815  memset                                     
20001874  pwmConfig                                  
2000185c  pwmConfig2                                 
00000aa9  sendSuccess                                
00001405  setDirection                               
00001975  setToken                                   
000021c1  strcpy                                     
2000184c  tokIndex                                   


GLOBAL SYMBOLS: SORTED BY Symbol Address 

address   name                                       
-------   ----                                       
00000000  __TI_static_base__                         
00000000  interruptVectors                           
000000e5  EUSCIA2_IRQHandler                         
000000e5  EUSCIA2_IRQHandler                         
00000200  __STACK_SIZE                               
0000033d  esp8266StartUp                             
00000545  ESP8266Terminal                            
00000811  GET                                        
00000aa9  sendSuccess                                
00000bd5  UART_initModule                            
00000efd  CS_getDCOFrequency                         
00000ff5  instruction                                
000010d1  POST                                       
000011a5  EUSCIA0_IRQHandler                         
000011a5  EUSCIA0_IRQHandler                         
00001271  main                                       
0000133d  UARTStartUp                                
00001405  setDirection                               
000014b5  getHCSR04Distance                          
00001559  __aeabi_memcpy                             
00001559  __aeabi_memcpy4                            
00001559  __aeabi_memcpy8                            
00001559  memcpy                                     
000015f5  SysCtl_A_getTLVInfo                        
00001689  GPIO_setAsPeripheralModuleFunctionOutputPin
00001711  Interrupt_enableInterrupt                  
0000180d  __aeabi_memclr                             
0000180d  __aeabi_memclr4                            
0000180d  __aeabi_memclr8                            
0000180f  __aeabi_memset                             
0000180f  __aeabi_memset4                            
0000180f  __aeabi_memset8                            
00001815  memset                                     
00001887  ADC14_IRQHandler                           
00001887  AES256_IRQHandler                          
00001887  BusFault_Handler                           
00001887  COMP_E0_IRQHandler                         
00001887  COMP_E1_IRQHandler                         
00001887  CS_IRQHandler                              
00001887  DMA_ERR_IRQHandler                         
00001887  DMA_INT0_IRQHandler                        
00001887  DMA_INT1_IRQHandler                        
00001887  DMA_INT2_IRQHandler                        
00001887  DMA_INT3_IRQHandler                        
00001887  DebugMon_Handler                           
00001887  Default_Handler                            
00001887  EUSCIA1_IRQHandler                         
00001887  EUSCIA3_IRQHandler                         
00001887  EUSCIB0_IRQHandler                         
00001887  EUSCIB1_IRQHandler                         
00001887  EUSCIB2_IRQHandler                         
00001887  EUSCIB3_IRQHandler                         
00001887  FLCTL_IRQHandler                           
00001887  FPU_IRQHandler                             
00001887  HardFault_Handler                          
00001887  MemManage_Handler                          
00001887  NMI_Handler                                
00001887  PCM_IRQHandler                             
00001887  PORT1_IRQHandler                           
00001887  PORT2_IRQHandler                           
00001887  PORT3_IRQHandler                           
00001887  PORT4_IRQHandler                           
00001887  PORT5_IRQHandler                           
00001887  PORT6_IRQHandler                           
00001887  PSS_IRQHandler                             
00001887  PendSV_Handler                             
00001887  RTC_C_IRQHandler                           
00001887  SVC_Handler                                
00001887  SysTick_Handler                            
00001887  T32_INT1_IRQHandler                        
00001887  T32_INT2_IRQHandler                        
00001887  T32_INTC_IRQHandler                        
00001887  TA0_0_IRQHandler                           
00001887  TA0_N_IRQHandler                           
00001887  TA1_N_IRQHandler                           
00001887  TA2_0_IRQHandler                           
00001887  TA2_N_IRQHandler                           
00001887  TA3_0_IRQHandler                           
00001887  TA3_N_IRQHandler                           
00001887  UsageFault_Handler                         
00001887  WDT_A_IRQHandler                           
00001889  SystemInit                                 
00001901  Timer_A_generatePWM                        
00001975  setToken                                   
000019e1  Timer_A_configureUpMode                    
00001a49  __TI_decompress_lzss                       
00001ab1  UART_getEnabledInterruptStatus             
00001b77  PCM_getCoreVoltageLevel                    
00001bd5  PCM_getPowerMode                           
00001c31  GPIO_setAsInputPinWithPullDownResistor     
00001c89  HCSR04Setup                                
00001cdd  Timer_A_getCounterValue                    
00001d29  FlashCtl_setWaitState                      
00001d71  __TI_auto_init_nobinit_nopinit             
00001db5  GPIO_setAsOutputPin                        
00001df5  MotorSetup                                 
00001e35  SetForwardDirection                        
00001e71  SetLeftDirection                           
00001ead  SetReverseDirection                        
00001ee9  SetRightDirection                          
00001f25  SetStop                                    
00001f5d  UART_Write                                 
00001f95  CS_setDCOCenteredFrequency                 
00001fc9  UART_transmitData                          
00001ffd  _c_int00_noargs                            
00002031  CS_clearInterruptFlag                      
00002061  GPIO_getInputPinValue                      
00002091  Timer_A_clearCaptureCompareInterrupt       
000020bd  CS_getSMCLK                                
000020e5  GPIO_setOutputHighOnPin                    
0000210d  GPIO_setOutputLowOnPin                     
00002135  TA1_0_IRQHandler                           
00002135  TA1_0_IRQHandler                           
00002151  Timer_A_clearTimer                         
00002169  UART_getInterruptStatus                    
00002181  Timer_A_startCounter                       
00002199  PCM_getPowerState                          
000021ad  Timer_A_stopTimer                          
000021c1  strcpy                                     
000021d5  PCM_setCoreVoltageLevel                    
000021e5  PCM_setPowerMode                           
000021f5  __TI_decompress_none                       
00002203  Reset_Handler                              
0000220f  __TI_zero_init                             
0000221b  _system_pre_init                           
0000221f  C$$EXIT                                    
0000221f  abort                                      
000022f0  __TI_Handler_Table_Base                    
000022fc  __TI_Handler_Table_Limit                   
00002308  __TI_CINIT_Base                            
00002318  __TI_CINIT_Limit                           
20000000  ESP8266Data                                
20000000  __start___llvm_prf_cnts                    
20000000  __stop___llvm_prf_cnts                     
20000800  UARTA0Data                                 
20001000  UARTA2Data                                 
20001808  SR04IntTimes                               
2000180c  Token                                      
20001840  UARTA2ReceiveIndex                         
20001844  index                                      
20001848  ESP8266DataIndex                           
2000184c  tokIndex                                   
20001850  UARTA2Receive                              
20001851  ESPStartUp                                 
20001852  connFlag                                   
20001853  dir                                        
20001854  UARTA0ReceiveIndex                         
20001858  UARTA0Receive                              
20001859  instructionFlag                            
2000185c  pwmConfig2                                 
20001874  pwmConfig                                  
2000fe00  __stack                                    
20010000  __STACK_END                                
4000480c  WDTCTL_SYM                                 
ffffffff  __TI_pprof_out_hndl                        
ffffffff  __TI_prof_data_size                        
ffffffff  __TI_prof_data_start                       
ffffffff  __binit__                                  
ffffffff  __c_args__                                 
ffffffff  binit                                      
UNDEFED   __mpu_init                                 
UNDEFED   _system_post_cinit                         

[162 symbols]
