******************************************************************************
                  TI ARM Linker PC v20.2.4                     
******************************************************************************
>> Linked Sat Nov 27 15:27:01 2021

OUTPUT FILE NAME:   <Project (WIP Integrate).out>
ENTRY POINT SYMBOL: "_c_int00_noargs"  address: 00001e1d


MEMORY CONFIGURATION

         name            origin    length      used     unused   attr    fill
----------------------  --------  ---------  --------  --------  ----  --------
  MAIN                  00000000   00040000  00002082  0003df7e  R  X
  INFO                  00200000   00004000  00000000  00004000  R  X
  SRAM_CODE             01000000   00010000  00001a28  0000e5d8  RW X
  SRAM_DATA             20000000   00010000  00001a28  0000e5d8  RW  


SEGMENT ALLOCATION MAP

run origin  load origin   length   init length attrs members
----------  ----------- ---------- ----------- ----- -------
00000000    00000000    00002088   00002088    r-x
  00000000    00000000    000000e4   000000e4    r-- .intvecs
  000000e4    000000e4    00001ec6   00001ec6    r-x .text
  00001fac    00001fac    000000a0   000000a0    r-- .const
  00002050    00002050    00000038   00000038    r-- .cinit
20000000    20000000    00001828   00000000    rw-
  20000000    20000000    0000180c   00000000    rw- .bss
  2000180c    2000180c    0000001c   00000000    rw- .data
2000fe00    2000fe00    00000200   00000000    rw-
  2000fe00    2000fe00    00000200   00000000    rw- .stack


SECTION ALLOCATION MAP

 output                                  attributes/
section   page    origin      length       input sections
--------  ----  ----------  ----------   ----------------
.intvecs   0    00000000    000000e4     
                  00000000    000000e4     startup_msp432p401r_ccs.obj (.intvecs:retain)

.text      0    000000e4    00001ec6     
                  000000e4    000002a8     ESP8266_UART.obj (.text:POST)
                  0000038c    0000026c     ESP8266_UART.obj (.text:EUSCIA2_IRQHandler)
                  000005f8    0000024c     ESP8266_UART.obj (.text:esp8266StartUp)
                  00000844    000001d0     ESP8266_UART.obj (.text:sendSuccess)
                  00000a14    0000015c     msp432p4xx_driverlib.lib : pcm.o (.text:__PCM_setPowerModeAdvanced)
                  00000b70    00000144                              : timer_a.o (.text:privateTimer_AProcessClockSourceDivider)
                  00000cb4    00000128     ESP8266_UART.obj (.text:ESP8266Terminal)
                  00000ddc    0000011c     msp432p4xx_driverlib.lib : uart.o (.text:UART_initModule)
                  00000ef8    0000010c     ESP8266_UART.obj (.text:GET)
                  00001004    00000108     msp432p4xx_driverlib.lib : pcm.o (.text:__PCM_setCoreVoltageLevelAdvanced)
                  0000110c    00000104                              : cs.o (.text:_CSComputeCLKFrequency)
                  00001210    000000f8                              : cs.o (.text:CS_getDCOFrequency)
                  00001308    000000cc     ESP8266_UART.obj (.text:EUSCIA0_IRQHandler)
                  000013d4    000000cc     main.obj (.text:main)
                  000014a0    000000c8     ESP8266_UART.obj (.text:UARTStartUp)
                  00001568    0000009c     rtsv7M4_T_le_v4SPD16_eabi.lib : memcpy_t2.asm.obj (.text)
                  00001604    00000094     msp432p4xx_driverlib.lib : sysctl_a.o (.text:SysCtl_A_getTLVInfo)
                  00001698    00000088                              : gpio.o (.text:GPIO_setAsPeripheralModuleFunctionOutputPin)
                  00001720    00000080                              : interrupt.o (.text:Interrupt_enableInterrupt)
                  000017a0    0000007c                              : cs.o (.text:_CSGetDOCFrequency)
                  0000181c    0000007a     rtsv7M4_T_le_v4SPD16_eabi.lib : memset_t2.asm.obj (.text)
                  00001896    00000002     startup_msp432p401r_ccs.obj (.text:Default_Handler)
                  00001898    00000078     system_msp432p401r.obj (.text:SystemInit)
                  00001910    0000006c     ESP8266_UART.obj (.text:setToken)
                  0000197c    00000068     msp432p4xx_driverlib.lib : timer_a.o (.text:Timer_A_configureUpMode)
                  000019e4    00000068     rtsv7M4_T_le_v4SPD16_eabi.lib : copy_decompress_lzss.c.obj (.text:decompress:lzss:__TI_decompress_lzss)
                  00001a4c    00000064     msp432p4xx_driverlib.lib : uart.o (.text:UART_getEnabledInterruptStatus)
                  00001ab0    00000062                              : cs.o (.text:_CSGetDividerValue)
                  00001b12    0000005e                              : pcm.o (.text:PCM_getCoreVoltageLevel)
                  00001b70    0000005a                              : pcm.o (.text:PCM_getPowerMode)
                  00001bca    00000002     --HOLE-- [fill = 0]
                  00001bcc    00000058                              : gpio.o (.text:GPIO_setAsInputPinWithPullDownResistor)
                  00001c24    00000054     HCSR04.obj (.text:HCSR04Setup)
                  00001c78    00000048     msp432p4xx_driverlib.lib : flash.o (.text:FlashCtl_setWaitState)
                  00001cc0    00000044     rtsv7M4_T_le_v4SPD16_eabi.lib : autoinit.c.obj (.text:__TI_auto_init_nobinit_nopinit:__TI_auto_init_nobinit_nopinit)
                  00001d04    00000040     msp432p4xx_driverlib.lib : gpio.o (.text:GPIO_setAsOutputPin)
                  00001d44    00000038     Motor_Driver.obj (.text:MotorSetup)
                  00001d7c    00000038     ESP8266_UART.obj (.text:UART_Write)
                  00001db4    00000034     msp432p4xx_driverlib.lib : cs.o (.text:CS_setDCOCenteredFrequency)
                  00001de8    00000034                              : uart.o (.text:UART_transmitData)
                  00001e1c    00000034     rtsv7M4_T_le_v4SPD16_eabi.lib : boot_cortex_m.c.obj (.text:_c_int00_noargs:_c_int00_noargs)
                  00001e50    00000030     msp432p4xx_driverlib.lib : cs.o (.text:CS_clearInterruptFlag)
                  00001e80    0000002c                              : timer_a.o (.text:Timer_A_clearCaptureCompareInterrupt)
                  00001eac    00000028                              : cs.o (.text:CS_getSMCLK)
                  00001ed4    00000028                              : gpio.o (.text:GPIO_setOutputLowOnPin)
                  00001efc    0000001c     HCSR04.obj (.text:TA1_0_IRQHandler)
                  00001f18    00000018     msp432p4xx_driverlib.lib : timer_a.o (.text:Timer_A_clearTimer)
                  00001f30    00000018                              : uart.o (.text:UART_getInterruptStatus)
                  00001f48    00000014                              : pcm.o (.text:PCM_getPowerState)
                  00001f5c    00000010                              : pcm.o (.text:PCM_setCoreVoltageLevel)
                  00001f6c    00000010                              : pcm.o (.text:PCM_setPowerMode)
                  00001f7c    0000000e     rtsv7M4_T_le_v4SPD16_eabi.lib : copy_decompress_none.c.obj (.text:decompress:none:__TI_decompress_none)
                  00001f8a    0000000c     startup_msp432p401r_ccs.obj (.text:Reset_Handler)
                  00001f96    0000000c     rtsv7M4_T_le_v4SPD16_eabi.lib : copy_zero_init.c.obj (.text:decompress:ZI:__TI_zero_init)
                  00001fa2    00000004                                   : pre_init.c.obj (.text:_system_pre_init)
                  00001fa6    00000004                                   : exit.c.obj (.text:abort:abort)

.const     0    00001fac    000000a0     
                  00001fac    00000030     msp432p4xx_driverlib.lib : gpio.o (.const:GPIO_PORT_TO_BASE)
                  00001fdc    00000028     ESP8266_UART.obj (.const:$P$T0$1)
                  00002004    00000028     ESP8266_UART.obj (.const:$P$T1$2)
                  0000202c    00000018     HCSR04.obj (.const:$P$T0$1)
                  00002044    00000008     msp432p4xx_driverlib.lib : interrupt.o (.const:g_pulEnRegs)

.cinit     0    00002050    00000038     
                  00002050    00000011     (.cinit..data.load) [load image, compression = lzss]
                  00002061    00000003     --HOLE-- [fill = 0]
                  00002064    0000000c     (__TI_handler_table)
                  00002070    00000008     (.cinit..bss.load) [load image, compression = zero_init]
                  00002078    00000010     (__TI_cinit_table)

.init_array 
*          0    00000000    00000000     UNINITIALIZED

.binit     0    00000000    00000000     

.bss       0    20000000    0000180c     UNINITIALIZED
                  20000000    00000800     (.common:ESP8266Data)
                  20000800    00000800     (.common:UARTA0Data)
                  20001000    00000800     (.common:UARTA2Data)
                  20001800    00000008     msp432p4xx_driverlib.lib : cs.o (.bss)
                  20001808    00000004     (.common:SR04IntTimes)

.data      0    2000180c    0000001c     UNINITIALIZED
                  2000180c    00000016     ESP8266_UART.obj (.data)
                  20001822    00000006     ESP8266_UART.obj (.data:Token)

.stack     0    2000fe00    00000200     UNINITIALIZED
                  2000fe00    00000004     rtsv7M4_T_le_v4SPD16_eabi.lib : boot_cortex_m.c.obj (.stack)
                  2000fe04    000001fc     --HOLE--

__llvm_prf_cnts 
*          0    20000000    00000000     UNINITIALIZED

MODULE SUMMARY

       Module                        code   ro data   rw data
       ------                        ----   -------   -------
    .\
       ESP8266_UART.obj              3484   80        12344  
       main.obj                      204    0         0      
       HCSR04.obj                    112    24        8      
       system_msp432p401r.obj        120    0         0      
       Motor_Driver.obj              56     0         0      
    +--+-----------------------------+------+---------+---------+
       Total:                        3976   104       12352  
                                                             
    .\ccs\
       startup_msp432p401r_ccs.obj   14     228       0      
    +--+-----------------------------+------+---------+---------+
       Total:                        14     228       0      
                                                             
    C:/ti/simplelink_msp432p4_sdk_3_40_01_02/source/ti/devices/msp432p4xx/driverlib/ccs/msp432p4xx_driverlib.lib
       cs.o                          870    0         16     
       pcm.o                         848    0         0      
       timer_a.o                     496    0         0      
       uart.o                        460    0         0      
       gpio.o                        328    48        0      
       sysctl_a.o                    148    0         0      
       interrupt.o                   128    8         0      
       flash.o                       72     0         0      
    +--+-----------------------------+------+---------+---------+
       Total:                        3350   56        16     
                                                             
    C:\ti\simplelink_msp432p4_sdk_3_40_01_02\ti-cgt-arm_20.2.4.LTS\lib\rtsv7M4_T_le_v4SPD16_eabi.lib
       memcpy_t2.asm.obj             156    0         0      
       memset_t2.asm.obj             122    0         0      
       copy_decompress_lzss.c.obj    104    0         0      
       autoinit.c.obj                68     0         0      
       boot_cortex_m.c.obj           52     0         0      
       copy_decompress_none.c.obj    14     0         0      
       copy_zero_init.c.obj          12     0         0      
       exit.c.obj                    4      0         0      
       pre_init.c.obj                4      0         0      
    +--+-----------------------------+------+---------+---------+
       Total:                        536    0         0      
                                                             
       Stack:                        0      0         1024   
       Linker Generated:             0      53        0      
    +--+-----------------------------+------+---------+---------+
       Grand Total:                  7876   441       13392  


LINKER GENERATED COPY TABLES

__TI_cinit_table @ 00002078 records: 2, size/record: 8, table size: 16
	.data: load addr=00002050, load size=00000011 bytes, run addr=2000180c, run size=0000001c bytes, compression=lzss
	.bss: load addr=00002070, load size=00000008 bytes, run addr=20000000, run size=0000180c bytes, compression=zero_init


LINKER GENERATED HANDLER TABLE

__TI_handler_table @ 00002064 records: 3, size/record: 4, table size: 12
	index: 0, handler: __TI_decompress_lzss
	index: 1, handler: __TI_decompress_none
	index: 2, handler: __TI_zero_init


GLOBAL SYMBOLS: SORTED ALPHABETICALLY BY Name 

address   name                                       
-------   ----                                       
00001897  ADC14_IRQHandler                           
00001897  AES256_IRQHandler                          
00001897  BusFault_Handler                           
00001fa7  C$$EXIT                                    
00001897  COMP_E0_IRQHandler                         
00001897  COMP_E1_IRQHandler                         
00001897  CS_IRQHandler                              
00001e51  CS_clearInterruptFlag                      
00001211  CS_getDCOFrequency                         
00001ead  CS_getSMCLK                                
00001db5  CS_setDCOCenteredFrequency                 
00001897  DMA_ERR_IRQHandler                         
00001897  DMA_INT0_IRQHandler                        
00001897  DMA_INT1_IRQHandler                        
00001897  DMA_INT2_IRQHandler                        
00001897  DMA_INT3_IRQHandler                        
00001897  DebugMon_Handler                           
00001897  Default_Handler                            
20000000  ESP8266Data                                
20001814  ESP8266DataIndex                           
00000cb5  ESP8266Terminal                            
20001819  ESPStartUp                                 
00001309  EUSCIA0_IRQHandler                         
00001309  EUSCIA0_IRQHandler                         
00001897  EUSCIA1_IRQHandler                         
0000038d  EUSCIA2_IRQHandler                         
0000038d  EUSCIA2_IRQHandler                         
00001897  EUSCIA3_IRQHandler                         
00001897  EUSCIB0_IRQHandler                         
00001897  EUSCIB1_IRQHandler                         
00001897  EUSCIB2_IRQHandler                         
00001897  EUSCIB3_IRQHandler                         
00001897  FLCTL_IRQHandler                           
00001897  FPU_IRQHandler                             
00001c79  FlashCtl_setWaitState                      
00000ef9  GET                                        
00001bcd  GPIO_setAsInputPinWithPullDownResistor     
00001d05  GPIO_setAsOutputPin                        
00001699  GPIO_setAsPeripheralModuleFunctionOutputPin
00001ed5  GPIO_setOutputLowOnPin                     
00001c25  HCSR04Setup                                
00001897  HardFault_Handler                          
00001721  Interrupt_enableInterrupt                  
00001897  MemManage_Handler                          
00001d45  MotorSetup                                 
00001897  NMI_Handler                                
00001897  PCM_IRQHandler                             
00001b13  PCM_getCoreVoltageLevel                    
00001b71  PCM_getPowerMode                           
00001f49  PCM_getPowerState                          
00001f5d  PCM_setCoreVoltageLevel                    
00001f6d  PCM_setPowerMode                           
00001897  PORT1_IRQHandler                           
00001897  PORT2_IRQHandler                           
00001897  PORT3_IRQHandler                           
00001897  PORT4_IRQHandler                           
00001897  PORT5_IRQHandler                           
00001897  PORT6_IRQHandler                           
000000e5  POST                                       
00001897  PSS_IRQHandler                             
00001897  PendSV_Handler                             
00001897  RTC_C_IRQHandler                           
00001f8b  Reset_Handler                              
20001808  SR04IntTimes                               
00001897  SVC_Handler                                
00001605  SysCtl_A_getTLVInfo                        
00001897  SysTick_Handler                            
00001899  SystemInit                                 
00001897  T32_INT1_IRQHandler                        
00001897  T32_INT2_IRQHandler                        
00001897  T32_INTC_IRQHandler                        
00001897  TA0_0_IRQHandler                           
00001897  TA0_N_IRQHandler                           
00001efd  TA1_0_IRQHandler                           
00001efd  TA1_0_IRQHandler                           
00001897  TA1_N_IRQHandler                           
00001897  TA2_0_IRQHandler                           
00001897  TA2_N_IRQHandler                           
00001897  TA3_0_IRQHandler                           
00001897  TA3_N_IRQHandler                           
00001e81  Timer_A_clearCaptureCompareInterrupt       
00001f19  Timer_A_clearTimer                         
0000197d  Timer_A_configureUpMode                    
20001822  Token                                      
20000800  UARTA0Data                                 
20001820  UARTA0Receive                              
2000181c  UARTA0ReceiveIndex                         
20001000  UARTA2Data                                 
20001818  UARTA2Receive                              
2000180c  UARTA2ReceiveIndex                         
000014a1  UARTStartUp                                
00001d7d  UART_Write                                 
00001a4d  UART_getEnabledInterruptStatus             
00001f31  UART_getInterruptStatus                    
00000ddd  UART_initModule                            
00001de9  UART_transmitData                          
00001897  UsageFault_Handler                         
4000480c  WDTCTL_SYM                                 
00001897  WDT_A_IRQHandler                           
20010000  __STACK_END                                
00000200  __STACK_SIZE                               
00002078  __TI_CINIT_Base                            
00002088  __TI_CINIT_Limit                           
00002064  __TI_Handler_Table_Base                    
00002070  __TI_Handler_Table_Limit                   
00001cc1  __TI_auto_init_nobinit_nopinit             
000019e5  __TI_decompress_lzss                       
00001f7d  __TI_decompress_none                       
ffffffff  __TI_pprof_out_hndl                        
ffffffff  __TI_prof_data_size                        
ffffffff  __TI_prof_data_start                       
00000000  __TI_static_base__                         
00001f97  __TI_zero_init                             
0000181d  __aeabi_memclr                             
0000181d  __aeabi_memclr4                            
0000181d  __aeabi_memclr8                            
00001569  __aeabi_memcpy                             
00001569  __aeabi_memcpy4                            
00001569  __aeabi_memcpy8                            
0000181f  __aeabi_memset                             
0000181f  __aeabi_memset4                            
0000181f  __aeabi_memset8                            
ffffffff  __binit__                                  
ffffffff  __c_args__                                 
UNDEFED   __mpu_init                                 
2000fe00  __stack                                    
20000000  __start___llvm_prf_cnts                    
20000000  __stop___llvm_prf_cnts                     
00001e1d  _c_int00_noargs                            
UNDEFED   _system_post_cinit                         
00001fa3  _system_pre_init                           
00001fa7  abort                                      
ffffffff  binit                                      
2000181a  connFlag                                   
000005f9  esp8266StartUp                             
20001810  index                                      
20001821  instructionFlag                            
00000000  interruptVectors                           
000013d5  main                                       
00001569  memcpy                                     
00001825  memset                                     
00000845  sendSuccess                                
00001911  setToken                                   


GLOBAL SYMBOLS: SORTED BY Symbol Address 

address   name                                       
-------   ----                                       
00000000  __TI_static_base__                         
00000000  interruptVectors                           
000000e5  POST                                       
00000200  __STACK_SIZE                               
0000038d  EUSCIA2_IRQHandler                         
0000038d  EUSCIA2_IRQHandler                         
000005f9  esp8266StartUp                             
00000845  sendSuccess                                
00000cb5  ESP8266Terminal                            
00000ddd  UART_initModule                            
00000ef9  GET                                        
00001211  CS_getDCOFrequency                         
00001309  EUSCIA0_IRQHandler                         
00001309  EUSCIA0_IRQHandler                         
000013d5  main                                       
000014a1  UARTStartUp                                
00001569  __aeabi_memcpy                             
00001569  __aeabi_memcpy4                            
00001569  __aeabi_memcpy8                            
00001569  memcpy                                     
00001605  SysCtl_A_getTLVInfo                        
00001699  GPIO_setAsPeripheralModuleFunctionOutputPin
00001721  Interrupt_enableInterrupt                  
0000181d  __aeabi_memclr                             
0000181d  __aeabi_memclr4                            
0000181d  __aeabi_memclr8                            
0000181f  __aeabi_memset                             
0000181f  __aeabi_memset4                            
0000181f  __aeabi_memset8                            
00001825  memset                                     
00001897  ADC14_IRQHandler                           
00001897  AES256_IRQHandler                          
00001897  BusFault_Handler                           
00001897  COMP_E0_IRQHandler                         
00001897  COMP_E1_IRQHandler                         
00001897  CS_IRQHandler                              
00001897  DMA_ERR_IRQHandler                         
00001897  DMA_INT0_IRQHandler                        
00001897  DMA_INT1_IRQHandler                        
00001897  DMA_INT2_IRQHandler                        
00001897  DMA_INT3_IRQHandler                        
00001897  DebugMon_Handler                           
00001897  Default_Handler                            
00001897  EUSCIA1_IRQHandler                         
00001897  EUSCIA3_IRQHandler                         
00001897  EUSCIB0_IRQHandler                         
00001897  EUSCIB1_IRQHandler                         
00001897  EUSCIB2_IRQHandler                         
00001897  EUSCIB3_IRQHandler                         
00001897  FLCTL_IRQHandler                           
00001897  FPU_IRQHandler                             
00001897  HardFault_Handler                          
00001897  MemManage_Handler                          
00001897  NMI_Handler                                
00001897  PCM_IRQHandler                             
00001897  PORT1_IRQHandler                           
00001897  PORT2_IRQHandler                           
00001897  PORT3_IRQHandler                           
00001897  PORT4_IRQHandler                           
00001897  PORT5_IRQHandler                           
00001897  PORT6_IRQHandler                           
00001897  PSS_IRQHandler                             
00001897  PendSV_Handler                             
00001897  RTC_C_IRQHandler                           
00001897  SVC_Handler                                
00001897  SysTick_Handler                            
00001897  T32_INT1_IRQHandler                        
00001897  T32_INT2_IRQHandler                        
00001897  T32_INTC_IRQHandler                        
00001897  TA0_0_IRQHandler                           
00001897  TA0_N_IRQHandler                           
00001897  TA1_N_IRQHandler                           
00001897  TA2_0_IRQHandler                           
00001897  TA2_N_IRQHandler                           
00001897  TA3_0_IRQHandler                           
00001897  TA3_N_IRQHandler                           
00001897  UsageFault_Handler                         
00001897  WDT_A_IRQHandler                           
00001899  SystemInit                                 
00001911  setToken                                   
0000197d  Timer_A_configureUpMode                    
000019e5  __TI_decompress_lzss                       
00001a4d  UART_getEnabledInterruptStatus             
00001b13  PCM_getCoreVoltageLevel                    
00001b71  PCM_getPowerMode                           
00001bcd  GPIO_setAsInputPinWithPullDownResistor     
00001c25  HCSR04Setup                                
00001c79  FlashCtl_setWaitState                      
00001cc1  __TI_auto_init_nobinit_nopinit             
00001d05  GPIO_setAsOutputPin                        
00001d45  MotorSetup                                 
00001d7d  UART_Write                                 
00001db5  CS_setDCOCenteredFrequency                 
00001de9  UART_transmitData                          
00001e1d  _c_int00_noargs                            
00001e51  CS_clearInterruptFlag                      
00001e81  Timer_A_clearCaptureCompareInterrupt       
00001ead  CS_getSMCLK                                
00001ed5  GPIO_setOutputLowOnPin                     
00001efd  TA1_0_IRQHandler                           
00001efd  TA1_0_IRQHandler                           
00001f19  Timer_A_clearTimer                         
00001f31  UART_getInterruptStatus                    
00001f49  PCM_getPowerState                          
00001f5d  PCM_setCoreVoltageLevel                    
00001f6d  PCM_setPowerMode                           
00001f7d  __TI_decompress_none                       
00001f8b  Reset_Handler                              
00001f97  __TI_zero_init                             
00001fa3  _system_pre_init                           
00001fa7  C$$EXIT                                    
00001fa7  abort                                      
00002064  __TI_Handler_Table_Base                    
00002070  __TI_Handler_Table_Limit                   
00002078  __TI_CINIT_Base                            
00002088  __TI_CINIT_Limit                           
20000000  ESP8266Data                                
20000000  __start___llvm_prf_cnts                    
20000000  __stop___llvm_prf_cnts                     
20000800  UARTA0Data                                 
20001000  UARTA2Data                                 
20001808  SR04IntTimes                               
2000180c  UARTA2ReceiveIndex                         
20001810  index                                      
20001814  ESP8266DataIndex                           
20001818  UARTA2Receive                              
20001819  ESPStartUp                                 
2000181a  connFlag                                   
2000181c  UARTA0ReceiveIndex                         
20001820  UARTA0Receive                              
20001821  instructionFlag                            
20001822  Token                                      
2000fe00  __stack                                    
20010000  __STACK_END                                
4000480c  WDTCTL_SYM                                 
ffffffff  __TI_pprof_out_hndl                        
ffffffff  __TI_prof_data_size                        
ffffffff  __TI_prof_data_start                       
ffffffff  __binit__                                  
ffffffff  __c_args__                                 
ffffffff  binit                                      
UNDEFED   __mpu_init                                 
UNDEFED   _system_post_cinit                         

[143 symbols]
