******************************************************************************
                  TI ARM Linker PC v20.2.4                     
******************************************************************************
>> Linked Mon Nov 29 01:30:04 2021

OUTPUT FILE NAME:   <Project (WIP Integrate).out>
ENTRY POINT SYMBOL: "_c_int00_noargs"  address: 00001f81


MEMORY CONFIGURATION

         name            origin    length      used     unused   attr    fill
----------------------  --------  ---------  --------  --------  ----  --------
  MAIN                  00000000   00040000  000021f2  0003de0e  R  X
  INFO                  00200000   00004000  00000000  00004000  R  X
  SRAM_CODE             01000000   00010000  00001a5a  0000e5a6  RW X
  SRAM_DATA             20000000   00010000  00001a5a  0000e5a6  RW  


SEGMENT ALLOCATION MAP

run origin  load origin   length   init length attrs members
----------  ----------- ---------- ----------- ----- -------
00000000    00000000    000021f8   000021f8    r-x
  00000000    00000000    000000e4   000000e4    r-- .intvecs
  000000e4    000000e4    0000203e   0000203e    r-x .text
  00002124    00002124    000000a0   000000a0    r-- .const
  000021c8    000021c8    00000030   00000030    r-- .cinit
20000000    20000000    0000185a   00000000    rw-
  20000000    20000000    0000180c   00000000    rw- .bss
  2000180c    2000180c    0000004e   00000000    rw- .data
2000fe00    2000fe00    00000200   00000000    rw-
  2000fe00    2000fe00    00000200   00000000    rw- .stack


SECTION ALLOCATION MAP

 output                                  attributes/
section   page    origin      length       input sections
--------  ----  ----------  ----------   ----------------
.intvecs   0    00000000    000000e4     
                  00000000    000000e4     startup_msp432p401r_ccs.obj (.intvecs:retain)

.text      0    000000e4    0000203e     
                  000000e4    000002b4     ESP8266_UART.obj (.text:POST)
                  00000398    0000026c     ESP8266_UART.obj (.text:EUSCIA2_IRQHandler)
                  00000604    0000024c     ESP8266_UART.obj (.text:esp8266StartUp)
                  00000850    00000230     ESP8266_UART.obj (.text:sendSuccess)
                  00000a80    000001fc     ESP8266_UART.obj (.text:GET)
                  00000c7c    0000015c     msp432p4xx_driverlib.lib : pcm.o (.text:__PCM_setPowerModeAdvanced)
                  00000dd8    00000144                              : timer_a.o (.text:privateTimer_AProcessClockSourceDivider)
                  00000f1c    00000128     ESP8266_UART.obj (.text:ESP8266Terminal)
                  00001044    0000011c     msp432p4xx_driverlib.lib : uart.o (.text:UART_initModule)
                  00001160    00000108                              : pcm.o (.text:__PCM_setCoreVoltageLevelAdvanced)
                  00001268    00000104                              : cs.o (.text:_CSComputeCLKFrequency)
                  0000136c    000000f8                              : cs.o (.text:CS_getDCOFrequency)
                  00001464    000000cc     ESP8266_UART.obj (.text:EUSCIA0_IRQHandler)
                  00001530    000000cc     main.obj (.text:main)
                  000015fc    000000c8     ESP8266_UART.obj (.text:UARTStartUp)
                  000016c4    0000009c     rtsv7M4_T_le_v4SPD16_eabi.lib : memcpy_t2.asm.obj (.text)
                  00001760    00000094     msp432p4xx_driverlib.lib : sysctl_a.o (.text:SysCtl_A_getTLVInfo)
                  000017f4    00000088                              : gpio.o (.text:GPIO_setAsPeripheralModuleFunctionOutputPin)
                  0000187c    00000080                              : interrupt.o (.text:Interrupt_enableInterrupt)
                  000018fc    0000007c                              : cs.o (.text:_CSGetDOCFrequency)
                  00001978    0000007a     rtsv7M4_T_le_v4SPD16_eabi.lib : memset_t2.asm.obj (.text)
                  000019f2    00000002     startup_msp432p401r_ccs.obj (.text:Default_Handler)
                  000019f4    00000078     system_msp432p401r.obj (.text:SystemInit)
                  00001a6c    00000074     ESP8266_UART.obj (.text:setToken)
                  00001ae0    00000068     msp432p4xx_driverlib.lib : timer_a.o (.text:Timer_A_configureUpMode)
                  00001b48    00000068     rtsv7M4_T_le_v4SPD16_eabi.lib : copy_decompress_lzss.c.obj (.text:decompress:lzss:__TI_decompress_lzss)
                  00001bb0    00000064     msp432p4xx_driverlib.lib : uart.o (.text:UART_getEnabledInterruptStatus)
                  00001c14    00000062                              : cs.o (.text:_CSGetDividerValue)
                  00001c76    0000005e                              : pcm.o (.text:PCM_getCoreVoltageLevel)
                  00001cd4    0000005a                              : pcm.o (.text:PCM_getPowerMode)
                  00001d2e    00000002     --HOLE-- [fill = 0]
                  00001d30    00000058                              : gpio.o (.text:GPIO_setAsInputPinWithPullDownResistor)
                  00001d88    00000054     HCSR04.obj (.text:HCSR04Setup)
                  00001ddc    00000048     msp432p4xx_driverlib.lib : flash.o (.text:FlashCtl_setWaitState)
                  00001e24    00000044     rtsv7M4_T_le_v4SPD16_eabi.lib : autoinit.c.obj (.text:__TI_auto_init_nobinit_nopinit:__TI_auto_init_nobinit_nopinit)
                  00001e68    00000040     msp432p4xx_driverlib.lib : gpio.o (.text:GPIO_setAsOutputPin)
                  00001ea8    00000038     Motor_Driver.obj (.text:MotorSetup)
                  00001ee0    00000038     ESP8266_UART.obj (.text:UART_Write)
                  00001f18    00000034     msp432p4xx_driverlib.lib : cs.o (.text:CS_setDCOCenteredFrequency)
                  00001f4c    00000034                              : uart.o (.text:UART_transmitData)
                  00001f80    00000034     rtsv7M4_T_le_v4SPD16_eabi.lib : boot_cortex_m.c.obj (.text:_c_int00_noargs:_c_int00_noargs)
                  00001fb4    00000030     msp432p4xx_driverlib.lib : cs.o (.text:CS_clearInterruptFlag)
                  00001fe4    0000002c                              : timer_a.o (.text:Timer_A_clearCaptureCompareInterrupt)
                  00002010    00000028                              : cs.o (.text:CS_getSMCLK)
                  00002038    00000028                              : gpio.o (.text:GPIO_setOutputLowOnPin)
                  00002060    0000001c     HCSR04.obj (.text:TA1_0_IRQHandler)
                  0000207c    00000018     msp432p4xx_driverlib.lib : timer_a.o (.text:Timer_A_clearTimer)
                  00002094    00000018                              : uart.o (.text:UART_getInterruptStatus)
                  000020ac    00000014                              : pcm.o (.text:PCM_getPowerState)
                  000020c0    00000014     rtsv7M4_T_le_v4SPD16_eabi.lib : strcpy.c.obj (.text:strcpy)
                  000020d4    00000010     msp432p4xx_driverlib.lib : pcm.o (.text:PCM_setCoreVoltageLevel)
                  000020e4    00000010                              : pcm.o (.text:PCM_setPowerMode)
                  000020f4    0000000e     rtsv7M4_T_le_v4SPD16_eabi.lib : copy_decompress_none.c.obj (.text:decompress:none:__TI_decompress_none)
                  00002102    0000000c     startup_msp432p401r_ccs.obj (.text:Reset_Handler)
                  0000210e    0000000c     rtsv7M4_T_le_v4SPD16_eabi.lib : copy_zero_init.c.obj (.text:decompress:ZI:__TI_zero_init)
                  0000211a    00000004                                   : pre_init.c.obj (.text:_system_pre_init)
                  0000211e    00000004                                   : exit.c.obj (.text:abort:abort)

.const     0    00002124    000000a0     
                  00002124    00000030     msp432p4xx_driverlib.lib : gpio.o (.const:GPIO_PORT_TO_BASE)
                  00002154    00000028     ESP8266_UART.obj (.const:$P$T0$1)
                  0000217c    00000028     ESP8266_UART.obj (.const:$P$T1$2)
                  000021a4    00000018     HCSR04.obj (.const:$P$T0$1)
                  000021bc    00000008     msp432p4xx_driverlib.lib : interrupt.o (.const:g_pulEnRegs)

.cinit     0    000021c8    00000030     
                  000021c8    0000000c     (__TI_handler_table)
                  000021d4    0000000b     (.cinit..data.load) [load image, compression = lzss]
                  000021df    00000001     --HOLE-- [fill = 0]
                  000021e0    00000008     (.cinit..bss.load) [load image, compression = zero_init]
                  000021e8    00000010     (__TI_cinit_table)

.init_array 
*          0    00000000    00000000     UNINITIALIZED

.binit     0    00000000    00000000     

.bss       0    20000000    0000180c     UNINITIALIZED
                  20000000    00000800     (.common:ESP8266Data)
                  20000800    00000800     (.common:UARTA0Data)
                  20001000    00000800     (.common:UARTA2Data)
                  20001800    00000008     msp432p4xx_driverlib.lib : cs.o (.bss)
                  20001808    00000004     (.common:SR04IntTimes)

.data      0    2000180c    0000004e     UNINITIALIZED
                  2000180c    00000032     ESP8266_UART.obj (.data:Token)
                  2000183e    00000002     --HOLE--
                  20001840    0000001a     ESP8266_UART.obj (.data)

.stack     0    2000fe00    00000200     UNINITIALIZED
                  2000fe00    00000004     rtsv7M4_T_le_v4SPD16_eabi.lib : boot_cortex_m.c.obj (.stack)
                  2000fe04    000001fc     --HOLE--

__llvm_prf_cnts 
*          0    20000000    00000000     UNINITIALIZED

MODULE SUMMARY

       Module                        code   ro data   rw data
       ------                        ----   -------   -------
    .\
       ESP8266_UART.obj              3840   80        12440  
       main.obj                      204    0         0      
       HCSR04.obj                    112    24        8      
       system_msp432p401r.obj        120    0         0      
       Motor_Driver.obj              56     0         0      
    +--+-----------------------------+------+---------+---------+
       Total:                        4332   104       12448  
                                                             
    .\ccs\
       startup_msp432p401r_ccs.obj   14     228       0      
    +--+-----------------------------+------+---------+---------+
       Total:                        14     228       0      
                                                             
    C:/ti/simplelink_msp432p4_sdk_3_40_01_02/source/ti/devices/msp432p4xx/driverlib/ccs/msp432p4xx_driverlib.lib
       cs.o                          870    0         16     
       pcm.o                         848    0         0      
       timer_a.o                     496    0         0      
       uart.o                        460    0         0      
       gpio.o                        328    48        0      
       sysctl_a.o                    148    0         0      
       interrupt.o                   128    8         0      
       flash.o                       72     0         0      
    +--+-----------------------------+------+---------+---------+
       Total:                        3350   56        16     
                                                             
    C:\ti\simplelink_msp432p4_sdk_3_40_01_02\ti-cgt-arm_20.2.4.LTS\lib\rtsv7M4_T_le_v4SPD16_eabi.lib
       memcpy_t2.asm.obj             156    0         0      
       memset_t2.asm.obj             122    0         0      
       copy_decompress_lzss.c.obj    104    0         0      
       autoinit.c.obj                68     0         0      
       boot_cortex_m.c.obj           52     0         0      
       strcpy.c.obj                  20     0         0      
       copy_decompress_none.c.obj    14     0         0      
       copy_zero_init.c.obj          12     0         0      
       exit.c.obj                    4      0         0      
       pre_init.c.obj                4      0         0      
    +--+-----------------------------+------+---------+---------+
       Total:                        556    0         0      
                                                             
       Stack:                        0      0         1024   
       Linker Generated:             0      47        0      
    +--+-----------------------------+------+---------+---------+
       Grand Total:                  8252   435       13488  


LINKER GENERATED COPY TABLES

__TI_cinit_table @ 000021e8 records: 2, size/record: 8, table size: 16
	.data: load addr=000021d4, load size=0000000b bytes, run addr=2000180c, run size=0000004e bytes, compression=lzss
	.bss: load addr=000021e0, load size=00000008 bytes, run addr=20000000, run size=0000180c bytes, compression=zero_init


LINKER GENERATED HANDLER TABLE

__TI_handler_table @ 000021c8 records: 3, size/record: 4, table size: 12
	index: 0, handler: __TI_decompress_lzss
	index: 1, handler: __TI_decompress_none
	index: 2, handler: __TI_zero_init


GLOBAL SYMBOLS: SORTED ALPHABETICALLY BY Name 

address   name                                       
-------   ----                                       
000019f3  ADC14_IRQHandler                           
000019f3  AES256_IRQHandler                          
000019f3  BusFault_Handler                           
0000211f  C$$EXIT                                    
000019f3  COMP_E0_IRQHandler                         
000019f3  COMP_E1_IRQHandler                         
000019f3  CS_IRQHandler                              
00001fb5  CS_clearInterruptFlag                      
0000136d  CS_getDCOFrequency                         
00002011  CS_getSMCLK                                
00001f19  CS_setDCOCenteredFrequency                 
000019f3  DMA_ERR_IRQHandler                         
000019f3  DMA_INT0_IRQHandler                        
000019f3  DMA_INT1_IRQHandler                        
000019f3  DMA_INT2_IRQHandler                        
000019f3  DMA_INT3_IRQHandler                        
000019f3  DebugMon_Handler                           
000019f3  Default_Handler                            
20000000  ESP8266Data                                
20001848  ESP8266DataIndex                           
00000f1d  ESP8266Terminal                            
20001851  ESPStartUp                                 
00001465  EUSCIA0_IRQHandler                         
00001465  EUSCIA0_IRQHandler                         
000019f3  EUSCIA1_IRQHandler                         
00000399  EUSCIA2_IRQHandler                         
00000399  EUSCIA2_IRQHandler                         
000019f3  EUSCIA3_IRQHandler                         
000019f3  EUSCIB0_IRQHandler                         
000019f3  EUSCIB1_IRQHandler                         
000019f3  EUSCIB2_IRQHandler                         
000019f3  EUSCIB3_IRQHandler                         
000019f3  FLCTL_IRQHandler                           
000019f3  FPU_IRQHandler                             
00001ddd  FlashCtl_setWaitState                      
00000a81  GET                                        
00001d31  GPIO_setAsInputPinWithPullDownResistor     
00001e69  GPIO_setAsOutputPin                        
000017f5  GPIO_setAsPeripheralModuleFunctionOutputPin
00002039  GPIO_setOutputLowOnPin                     
00001d89  HCSR04Setup                                
000019f3  HardFault_Handler                          
0000187d  Interrupt_enableInterrupt                  
000019f3  MemManage_Handler                          
00001ea9  MotorSetup                                 
000019f3  NMI_Handler                                
000019f3  PCM_IRQHandler                             
00001c77  PCM_getCoreVoltageLevel                    
00001cd5  PCM_getPowerMode                           
000020ad  PCM_getPowerState                          
000020d5  PCM_setCoreVoltageLevel                    
000020e5  PCM_setPowerMode                           
000019f3  PORT1_IRQHandler                           
000019f3  PORT2_IRQHandler                           
000019f3  PORT3_IRQHandler                           
000019f3  PORT4_IRQHandler                           
000019f3  PORT5_IRQHandler                           
000019f3  PORT6_IRQHandler                           
000000e5  POST                                       
000019f3  PSS_IRQHandler                             
000019f3  PendSV_Handler                             
000019f3  RTC_C_IRQHandler                           
00002103  Reset_Handler                              
20001808  SR04IntTimes                               
000019f3  SVC_Handler                                
00001761  SysCtl_A_getTLVInfo                        
000019f3  SysTick_Handler                            
000019f5  SystemInit                                 
000019f3  T32_INT1_IRQHandler                        
000019f3  T32_INT2_IRQHandler                        
000019f3  T32_INTC_IRQHandler                        
000019f3  TA0_0_IRQHandler                           
000019f3  TA0_N_IRQHandler                           
00002061  TA1_0_IRQHandler                           
00002061  TA1_0_IRQHandler                           
000019f3  TA1_N_IRQHandler                           
000019f3  TA2_0_IRQHandler                           
000019f3  TA2_N_IRQHandler                           
000019f3  TA3_0_IRQHandler                           
000019f3  TA3_N_IRQHandler                           
00001fe5  Timer_A_clearCaptureCompareInterrupt       
0000207d  Timer_A_clearTimer                         
00001ae1  Timer_A_configureUpMode                    
2000180c  Token                                      
20000800  UARTA0Data                                 
20001858  UARTA0Receive                              
20001854  UARTA0ReceiveIndex                         
20001000  UARTA2Data                                 
20001850  UARTA2Receive                              
20001840  UARTA2ReceiveIndex                         
000015fd  UARTStartUp                                
00001ee1  UART_Write                                 
00001bb1  UART_getEnabledInterruptStatus             
00002095  UART_getInterruptStatus                    
00001045  UART_initModule                            
00001f4d  UART_transmitData                          
000019f3  UsageFault_Handler                         
4000480c  WDTCTL_SYM                                 
000019f3  WDT_A_IRQHandler                           
20010000  __STACK_END                                
00000200  __STACK_SIZE                               
000021e8  __TI_CINIT_Base                            
000021f8  __TI_CINIT_Limit                           
000021c8  __TI_Handler_Table_Base                    
000021d4  __TI_Handler_Table_Limit                   
00001e25  __TI_auto_init_nobinit_nopinit             
00001b49  __TI_decompress_lzss                       
000020f5  __TI_decompress_none                       
ffffffff  __TI_pprof_out_hndl                        
ffffffff  __TI_prof_data_size                        
ffffffff  __TI_prof_data_start                       
00000000  __TI_static_base__                         
0000210f  __TI_zero_init                             
00001979  __aeabi_memclr                             
00001979  __aeabi_memclr4                            
00001979  __aeabi_memclr8                            
000016c5  __aeabi_memcpy                             
000016c5  __aeabi_memcpy4                            
000016c5  __aeabi_memcpy8                            
0000197b  __aeabi_memset                             
0000197b  __aeabi_memset4                            
0000197b  __aeabi_memset8                            
ffffffff  __binit__                                  
ffffffff  __c_args__                                 
UNDEFED   __mpu_init                                 
2000fe00  __stack                                    
20000000  __start___llvm_prf_cnts                    
20000000  __stop___llvm_prf_cnts                     
00001f81  _c_int00_noargs                            
UNDEFED   _system_post_cinit                         
0000211b  _system_pre_init                           
0000211f  abort                                      
ffffffff  binit                                      
20001852  connFlag                                   
00000605  esp8266StartUp                             
20001844  index                                      
20001859  instructionFlag                            
00000000  interruptVectors                           
00001531  main                                       
000016c5  memcpy                                     
00001981  memset                                     
00000851  sendSuccess                                
00001a6d  setToken                                   
000020c1  strcpy                                     
2000184c  tokIndex                                   


GLOBAL SYMBOLS: SORTED BY Symbol Address 

address   name                                       
-------   ----                                       
00000000  __TI_static_base__                         
00000000  interruptVectors                           
000000e5  POST                                       
00000200  __STACK_SIZE                               
00000399  EUSCIA2_IRQHandler                         
00000399  EUSCIA2_IRQHandler                         
00000605  esp8266StartUp                             
00000851  sendSuccess                                
00000a81  GET                                        
00000f1d  ESP8266Terminal                            
00001045  UART_initModule                            
0000136d  CS_getDCOFrequency                         
00001465  EUSCIA0_IRQHandler                         
00001465  EUSCIA0_IRQHandler                         
00001531  main                                       
000015fd  UARTStartUp                                
000016c5  __aeabi_memcpy                             
000016c5  __aeabi_memcpy4                            
000016c5  __aeabi_memcpy8                            
000016c5  memcpy                                     
00001761  SysCtl_A_getTLVInfo                        
000017f5  GPIO_setAsPeripheralModuleFunctionOutputPin
0000187d  Interrupt_enableInterrupt                  
00001979  __aeabi_memclr                             
00001979  __aeabi_memclr4                            
00001979  __aeabi_memclr8                            
0000197b  __aeabi_memset                             
0000197b  __aeabi_memset4                            
0000197b  __aeabi_memset8                            
00001981  memset                                     
000019f3  ADC14_IRQHandler                           
000019f3  AES256_IRQHandler                          
000019f3  BusFault_Handler                           
000019f3  COMP_E0_IRQHandler                         
000019f3  COMP_E1_IRQHandler                         
000019f3  CS_IRQHandler                              
000019f3  DMA_ERR_IRQHandler                         
000019f3  DMA_INT0_IRQHandler                        
000019f3  DMA_INT1_IRQHandler                        
000019f3  DMA_INT2_IRQHandler                        
000019f3  DMA_INT3_IRQHandler                        
000019f3  DebugMon_Handler                           
000019f3  Default_Handler                            
000019f3  EUSCIA1_IRQHandler                         
000019f3  EUSCIA3_IRQHandler                         
000019f3  EUSCIB0_IRQHandler                         
000019f3  EUSCIB1_IRQHandler                         
000019f3  EUSCIB2_IRQHandler                         
000019f3  EUSCIB3_IRQHandler                         
000019f3  FLCTL_IRQHandler                           
000019f3  FPU_IRQHandler                             
000019f3  HardFault_Handler                          
000019f3  MemManage_Handler                          
000019f3  NMI_Handler                                
000019f3  PCM_IRQHandler                             
000019f3  PORT1_IRQHandler                           
000019f3  PORT2_IRQHandler                           
000019f3  PORT3_IRQHandler                           
000019f3  PORT4_IRQHandler                           
000019f3  PORT5_IRQHandler                           
000019f3  PORT6_IRQHandler                           
000019f3  PSS_IRQHandler                             
000019f3  PendSV_Handler                             
000019f3  RTC_C_IRQHandler                           
000019f3  SVC_Handler                                
000019f3  SysTick_Handler                            
000019f3  T32_INT1_IRQHandler                        
000019f3  T32_INT2_IRQHandler                        
000019f3  T32_INTC_IRQHandler                        
000019f3  TA0_0_IRQHandler                           
000019f3  TA0_N_IRQHandler                           
000019f3  TA1_N_IRQHandler                           
000019f3  TA2_0_IRQHandler                           
000019f3  TA2_N_IRQHandler                           
000019f3  TA3_0_IRQHandler                           
000019f3  TA3_N_IRQHandler                           
000019f3  UsageFault_Handler                         
000019f3  WDT_A_IRQHandler                           
000019f5  SystemInit                                 
00001a6d  setToken                                   
00001ae1  Timer_A_configureUpMode                    
00001b49  __TI_decompress_lzss                       
00001bb1  UART_getEnabledInterruptStatus             
00001c77  PCM_getCoreVoltageLevel                    
00001cd5  PCM_getPowerMode                           
00001d31  GPIO_setAsInputPinWithPullDownResistor     
00001d89  HCSR04Setup                                
00001ddd  FlashCtl_setWaitState                      
00001e25  __TI_auto_init_nobinit_nopinit             
00001e69  GPIO_setAsOutputPin                        
00001ea9  MotorSetup                                 
00001ee1  UART_Write                                 
00001f19  CS_setDCOCenteredFrequency                 
00001f4d  UART_transmitData                          
00001f81  _c_int00_noargs                            
00001fb5  CS_clearInterruptFlag                      
00001fe5  Timer_A_clearCaptureCompareInterrupt       
00002011  CS_getSMCLK                                
00002039  GPIO_setOutputLowOnPin                     
00002061  TA1_0_IRQHandler                           
00002061  TA1_0_IRQHandler                           
0000207d  Timer_A_clearTimer                         
00002095  UART_getInterruptStatus                    
000020ad  PCM_getPowerState                          
000020c1  strcpy                                     
000020d5  PCM_setCoreVoltageLevel                    
000020e5  PCM_setPowerMode                           
000020f5  __TI_decompress_none                       
00002103  Reset_Handler                              
0000210f  __TI_zero_init                             
0000211b  _system_pre_init                           
0000211f  C$$EXIT                                    
0000211f  abort                                      
000021c8  __TI_Handler_Table_Base                    
000021d4  __TI_Handler_Table_Limit                   
000021e8  __TI_CINIT_Base                            
000021f8  __TI_CINIT_Limit                           
20000000  ESP8266Data                                
20000000  __start___llvm_prf_cnts                    
20000000  __stop___llvm_prf_cnts                     
20000800  UARTA0Data                                 
20001000  UARTA2Data                                 
20001808  SR04IntTimes                               
2000180c  Token                                      
20001840  UARTA2ReceiveIndex                         
20001844  index                                      
20001848  ESP8266DataIndex                           
2000184c  tokIndex                                   
20001850  UARTA2Receive                              
20001851  ESPStartUp                                 
20001852  connFlag                                   
20001854  UARTA0ReceiveIndex                         
20001858  UARTA0Receive                              
20001859  instructionFlag                            
2000fe00  __stack                                    
20010000  __STACK_END                                
4000480c  WDTCTL_SYM                                 
ffffffff  __TI_pprof_out_hndl                        
ffffffff  __TI_prof_data_size                        
ffffffff  __TI_prof_data_start                       
ffffffff  __binit__                                  
ffffffff  __c_args__                                 
ffffffff  binit                                      
UNDEFED   __mpu_init                                 
UNDEFED   _system_post_cinit                         

[145 symbols]
