******************************************************************************
                  TI ARM Linker PC v20.2.4                     
******************************************************************************
>> Linked Fri Nov 26 03:54:17 2021

OUTPUT FILE NAME:   <Project (WIP Integrate).out>
ENTRY POINT SYMBOL: "_c_int00_noargs"  address: 00001a49


MEMORY CONFIGURATION

         name            origin    length      used     unused   attr    fill
----------------------  --------  ---------  --------  --------  ----  --------
  MAIN                  00000000   00040000  00001d4a  0003e2b6  R  X
  INFO                  00200000   00004000  00000000  00004000  R  X
  SRAM_CODE             01000000   00010000  00001a51  0000e5af  RW X
  SRAM_DATA             20000000   00010000  00001a51  0000e5af  RW  


SEGMENT ALLOCATION MAP

run origin  load origin   length   init length attrs members
----------  ----------- ---------- ----------- ----- -------
00000000    00000000    00001d50   00001d50    r-x
  00000000    00000000    000000e4   000000e4    r-- .intvecs
  000000e4    000000e4    00001b76   00001b76    r-x .text
  00001c5c    00001c5c    000000a0   000000a0    r-- .const
  00001d00    00001d00    00000050   00000050    r-- .cinit
20000000    20000000    00001851   00000000    rw-
  20000000    20000000    0000180c   00000000    rw- .bss
  2000180c    2000180c    00000045   00000000    rw- .data
2000fe00    2000fe00    00000200   00000000    rw-
  2000fe00    2000fe00    00000200   00000000    rw- .stack


SECTION ALLOCATION MAP

 output                                  attributes/
section   page    origin      length       input sections
--------  ----  ----------  ----------   ----------------
.intvecs   0    00000000    000000e4     
                  00000000    000000e4     startup_msp432p401r_ccs.obj (.intvecs:retain)

.text      0    000000e4    00001b76     
                  000000e4    00000258     ESP8266_UART.obj (.text:esp8266StartUp)
                  0000033c    00000214     ESP8266_UART.obj (.text:EUSCIA2_IRQHandler)
                  00000550    0000015c     msp432p4xx_driverlib.lib : pcm.o (.text:__PCM_setPowerModeAdvanced)
                  000006ac    00000144                              : timer_a.o (.text:privateTimer_AProcessClockSourceDivider)
                  000007f0    0000011c                              : uart.o (.text:UART_initModule)
                  0000090c    00000108                              : pcm.o (.text:__PCM_setCoreVoltageLevelAdvanced)
                  00000a14    00000104                              : cs.o (.text:_CSComputeCLKFrequency)
                  00000b18    000000f8                              : cs.o (.text:CS_getDCOFrequency)
                  00000c10    000000cc     ESP8266_UART.obj (.text:EUSCIA0_IRQHandler)
                  00000cdc    000000cc     main.obj (.text:main)
                  00000da8    000000c8     ESP8266_UART.obj (.text:UARTStartUp)
                  00000e70    000000b0     Motor_Driver.obj (.text:setDirection)
                  00000f20    000000a4     HCSR04.obj (.text:getHCSR04Distance)
                  00000fc4    0000009c     rtsv7M4_T_le_v4SPD16_eabi.lib : memcpy_t2.asm.obj (.text)
                  00001060    00000094     msp432p4xx_driverlib.lib : sysctl_a.o (.text:SysCtl_A_getTLVInfo)
                  000010f4    00000088                              : gpio.o (.text:GPIO_setAsPeripheralModuleFunctionOutputPin)
                  0000117c    00000080                              : interrupt.o (.text:Interrupt_enableInterrupt)
                  000011fc    0000007c                              : cs.o (.text:_CSGetDOCFrequency)
                  00001278    0000007a     rtsv7M4_T_le_v4SPD16_eabi.lib : memset_t2.asm.obj (.text)
                  000012f2    00000002     startup_msp432p401r_ccs.obj (.text:Default_Handler)
                  000012f4    00000078     system_msp432p401r.obj (.text:SystemInit)
                  0000136c    00000074     msp432p4xx_driverlib.lib : timer_a.o (.text:Timer_A_generatePWM)
                  000013e0    00000068                              : timer_a.o (.text:Timer_A_configureUpMode)
                  00001448    00000068     rtsv7M4_T_le_v4SPD16_eabi.lib : copy_decompress_lzss.c.obj (.text:decompress:lzss:__TI_decompress_lzss)
                  000014b0    00000064     msp432p4xx_driverlib.lib : uart.o (.text:UART_getEnabledInterruptStatus)
                  00001514    00000062                              : cs.o (.text:_CSGetDividerValue)
                  00001576    0000005e                              : pcm.o (.text:PCM_getCoreVoltageLevel)
                  000015d4    0000005a                              : pcm.o (.text:PCM_getPowerMode)
                  0000162e    00000002     --HOLE-- [fill = 0]
                  00001630    00000058                              : gpio.o (.text:GPIO_setAsInputPinWithPullDownResistor)
                  00001688    00000054     HCSR04.obj (.text:HCSR04Setup)
                  000016dc    00000052     ESP8266_UART.obj (.text:ESP8266Terminal)
                  0000172e    0000004c     msp432p4xx_driverlib.lib : timer_a.o (.text:Timer_A_getCounterValue)
                  0000177a    00000002     --HOLE-- [fill = 0]
                  0000177c    00000048                              : flash.o (.text:FlashCtl_setWaitState)
                  000017c4    00000044     rtsv7M4_T_le_v4SPD16_eabi.lib : autoinit.c.obj (.text:__TI_auto_init_nobinit_nopinit:__TI_auto_init_nobinit_nopinit)
                  00001808    00000040     msp432p4xx_driverlib.lib : gpio.o (.text:GPIO_setAsOutputPin)
                  00001848    0000003c     Motor_Driver.obj (.text:SetForwardDirection)
                  00001884    0000003c     Motor_Driver.obj (.text:SetLeftDirection)
                  000018c0    0000003c     Motor_Driver.obj (.text:SetReverseDirection)
                  000018fc    0000003c     Motor_Driver.obj (.text:SetRightDirection)
                  00001938    00000038     Motor_Driver.obj (.text:MotorSetup)
                  00001970    00000038     Motor_Driver.obj (.text:SetStop)
                  000019a8    00000038     ESP8266_UART.obj (.text:UART_Write)
                  000019e0    00000034     msp432p4xx_driverlib.lib : cs.o (.text:CS_setDCOCenteredFrequency)
                  00001a14    00000034                              : uart.o (.text:UART_transmitData)
                  00001a48    00000034     rtsv7M4_T_le_v4SPD16_eabi.lib : boot_cortex_m.c.obj (.text:_c_int00_noargs:_c_int00_noargs)
                  00001a7c    00000030     msp432p4xx_driverlib.lib : cs.o (.text:CS_clearInterruptFlag)
                  00001aac    00000030                              : gpio.o (.text:GPIO_getInputPinValue)
                  00001adc    0000002c                              : timer_a.o (.text:Timer_A_clearCaptureCompareInterrupt)
                  00001b08    00000028                              : cs.o (.text:CS_getSMCLK)
                  00001b30    00000028                              : gpio.o (.text:GPIO_setOutputHighOnPin)
                  00001b58    00000028                              : gpio.o (.text:GPIO_setOutputLowOnPin)
                  00001b80    0000001c     HCSR04.obj (.text:TA1_0_IRQHandler)
                  00001b9c    00000018     msp432p4xx_driverlib.lib : timer_a.o (.text:Timer_A_clearTimer)
                  00001bb4    00000018                              : uart.o (.text:UART_getInterruptStatus)
                  00001bcc    00000016                              : timer_a.o (.text:Timer_A_startCounter)
                  00001be2    00000002     --HOLE-- [fill = 0]
                  00001be4    00000014                              : pcm.o (.text:PCM_getPowerState)
                  00001bf8    00000014                              : timer_a.o (.text:Timer_A_stopTimer)
                  00001c0c    00000010                              : pcm.o (.text:PCM_setCoreVoltageLevel)
                  00001c1c    00000010                              : pcm.o (.text:PCM_setPowerMode)
                  00001c2c    0000000e     rtsv7M4_T_le_v4SPD16_eabi.lib : copy_decompress_none.c.obj (.text:decompress:none:__TI_decompress_none)
                  00001c3a    0000000c     startup_msp432p401r_ccs.obj (.text:Reset_Handler)
                  00001c46    0000000c     rtsv7M4_T_le_v4SPD16_eabi.lib : copy_zero_init.c.obj (.text:decompress:ZI:__TI_zero_init)
                  00001c52    00000004                                   : pre_init.c.obj (.text:_system_pre_init)
                  00001c56    00000004                                   : exit.c.obj (.text:abort:abort)

.const     0    00001c5c    000000a0     
                  00001c5c    00000030     msp432p4xx_driverlib.lib : gpio.o (.const:GPIO_PORT_TO_BASE)
                  00001c8c    00000028     ESP8266_UART.obj (.const:$P$T0$1)
                  00001cb4    00000028     ESP8266_UART.obj (.const:$P$T1$2)
                  00001cdc    00000018     HCSR04.obj (.const:$P$T0$1)
                  00001cf4    00000008     msp432p4xx_driverlib.lib : interrupt.o (.const:g_pulEnRegs)

.cinit     0    00001d00    00000050     
                  00001d00    0000002b     (.cinit..data.load) [load image, compression = lzss]
                  00001d2b    00000001     --HOLE-- [fill = 0]
                  00001d2c    0000000c     (__TI_handler_table)
                  00001d38    00000008     (.cinit..bss.load) [load image, compression = zero_init]
                  00001d40    00000010     (__TI_cinit_table)

.init_array 
*          0    00000000    00000000     UNINITIALIZED

.binit     0    00000000    00000000     

.bss       0    20000000    0000180c     UNINITIALIZED
                  20000000    00000800     (.common:ESP8266Data)
                  20000800    00000800     (.common:UARTA0Data)
                  20001000    00000800     (.common:UARTA2Data)
                  20001800    00000008     msp432p4xx_driverlib.lib : cs.o (.bss)
                  20001808    00000004     (.common:SR04IntTimes)

.data      0    2000180c    00000045     UNINITIALIZED
                  2000180c    00000018     Motor_Driver.obj (.data:pwmConfig2)
                  20001824    00000018     Motor_Driver.obj (.data:pwmConfig)
                  2000183c    00000015     ESP8266_UART.obj (.data)

.stack     0    2000fe00    00000200     UNINITIALIZED
                  2000fe00    00000004     rtsv7M4_T_le_v4SPD16_eabi.lib : boot_cortex_m.c.obj (.stack)
                  2000fe04    000001fc     --HOLE--

__llvm_prf_cnts 
*          0    20000000    00000000     UNINITIALIZED

MODULE SUMMARY

       Module                        code   ro data   rw data
       ------                        ----   -------   -------
    .\
       ESP8266_UART.obj              1674   80        12330  
       Motor_Driver.obj              528    0         96     
       HCSR04.obj                    276    24        8      
       main.obj                      204    0         0      
       system_msp432p401r.obj        120    0         0      
    +--+-----------------------------+------+---------+---------+
       Total:                        2802   104       12434  
                                                             
    .\ccs\
       startup_msp432p401r_ccs.obj   14     228       0      
    +--+-----------------------------+------+---------+---------+
       Total:                        14     228       0      
                                                             
    C:/ti/simplelink_msp432p4_sdk_3_40_01_02/source/ti/devices/msp432p4xx/driverlib/ccs/msp432p4xx_driverlib.lib
       cs.o                          870    0         16     
       pcm.o                         848    0         0      
       timer_a.o                     730    0         0      
       gpio.o                        416    48        0      
       uart.o                        460    0         0      
       sysctl_a.o                    148    0         0      
       interrupt.o                   128    8         0      
       flash.o                       72     0         0      
    +--+-----------------------------+------+---------+---------+
       Total:                        3672   56        16     
                                                             
    C:\ti\simplelink_msp432p4_sdk_3_40_01_02\ti-cgt-arm_20.2.4.LTS\lib\rtsv7M4_T_le_v4SPD16_eabi.lib
       memcpy_t2.asm.obj             156    0         0      
       memset_t2.asm.obj             122    0         0      
       copy_decompress_lzss.c.obj    104    0         0      
       autoinit.c.obj                68     0         0      
       boot_cortex_m.c.obj           52     0         0      
       copy_decompress_none.c.obj    14     0         0      
       copy_zero_init.c.obj          12     0         0      
       exit.c.obj                    4      0         0      
       pre_init.c.obj                4      0         0      
    +--+-----------------------------+------+---------+---------+
       Total:                        536    0         0      
                                                             
       Stack:                        0      0         1024   
       Linker Generated:             0      79        0      
    +--+-----------------------------+------+---------+---------+
       Grand Total:                  7024   467       13474  


LINKER GENERATED COPY TABLES

__TI_cinit_table @ 00001d40 records: 2, size/record: 8, table size: 16
	.data: load addr=00001d00, load size=0000002b bytes, run addr=2000180c, run size=00000045 bytes, compression=lzss
	.bss: load addr=00001d38, load size=00000008 bytes, run addr=20000000, run size=0000180c bytes, compression=zero_init


LINKER GENERATED HANDLER TABLE

__TI_handler_table @ 00001d2c records: 3, size/record: 4, table size: 12
	index: 0, handler: __TI_decompress_lzss
	index: 1, handler: __TI_decompress_none
	index: 2, handler: __TI_zero_init


GLOBAL SYMBOLS: SORTED ALPHABETICALLY BY Name 

address   name                                       
-------   ----                                       
000012f3  ADC14_IRQHandler                           
000012f3  AES256_IRQHandler                          
000012f3  BusFault_Handler                           
00001c57  C$$EXIT                                    
000012f3  COMP_E0_IRQHandler                         
000012f3  COMP_E1_IRQHandler                         
000012f3  CS_IRQHandler                              
00001a7d  CS_clearInterruptFlag                      
00000b19  CS_getDCOFrequency                         
00001b09  CS_getSMCLK                                
000019e1  CS_setDCOCenteredFrequency                 
000012f3  DMA_ERR_IRQHandler                         
000012f3  DMA_INT0_IRQHandler                        
000012f3  DMA_INT1_IRQHandler                        
000012f3  DMA_INT2_IRQHandler                        
000012f3  DMA_INT3_IRQHandler                        
000012f3  DebugMon_Handler                           
000012f3  Default_Handler                            
20000000  ESP8266Data                                
20001844  ESP8266DataIndex                           
000016dd  ESP8266Terminal                            
20001849  ESPStartUp                                 
00000c11  EUSCIA0_IRQHandler                         
00000c11  EUSCIA0_IRQHandler                         
000012f3  EUSCIA1_IRQHandler                         
0000033d  EUSCIA2_IRQHandler                         
0000033d  EUSCIA2_IRQHandler                         
000012f3  EUSCIA3_IRQHandler                         
000012f3  EUSCIB0_IRQHandler                         
000012f3  EUSCIB1_IRQHandler                         
000012f3  EUSCIB2_IRQHandler                         
000012f3  EUSCIB3_IRQHandler                         
000012f3  FLCTL_IRQHandler                           
000012f3  FPU_IRQHandler                             
0000177d  FlashCtl_setWaitState                      
00001aad  GPIO_getInputPinValue                      
00001631  GPIO_setAsInputPinWithPullDownResistor     
00001809  GPIO_setAsOutputPin                        
000010f5  GPIO_setAsPeripheralModuleFunctionOutputPin
00001b31  GPIO_setOutputHighOnPin                    
00001b59  GPIO_setOutputLowOnPin                     
00001689  HCSR04Setup                                
000012f3  HardFault_Handler                          
0000117d  Interrupt_enableInterrupt                  
000012f3  MemManage_Handler                          
00001939  MotorSetup                                 
000012f3  NMI_Handler                                
000012f3  PCM_IRQHandler                             
00001577  PCM_getCoreVoltageLevel                    
000015d5  PCM_getPowerMode                           
00001be5  PCM_getPowerState                          
00001c0d  PCM_setCoreVoltageLevel                    
00001c1d  PCM_setPowerMode                           
000012f3  PORT1_IRQHandler                           
000012f3  PORT2_IRQHandler                           
000012f3  PORT3_IRQHandler                           
000012f3  PORT4_IRQHandler                           
000012f3  PORT5_IRQHandler                           
000012f3  PORT6_IRQHandler                           
000012f3  PSS_IRQHandler                             
000012f3  PendSV_Handler                             
000012f3  RTC_C_IRQHandler                           
00001c3b  Reset_Handler                              
20001808  SR04IntTimes                               
000012f3  SVC_Handler                                
00001849  SetForwardDirection                        
00001885  SetLeftDirection                           
000018c1  SetReverseDirection                        
000018fd  SetRightDirection                          
00001971  SetStop                                    
00001061  SysCtl_A_getTLVInfo                        
000012f3  SysTick_Handler                            
000012f5  SystemInit                                 
000012f3  T32_INT1_IRQHandler                        
000012f3  T32_INT2_IRQHandler                        
000012f3  T32_INTC_IRQHandler                        
000012f3  TA0_0_IRQHandler                           
000012f3  TA0_N_IRQHandler                           
00001b81  TA1_0_IRQHandler                           
00001b81  TA1_0_IRQHandler                           
000012f3  TA1_N_IRQHandler                           
000012f3  TA2_0_IRQHandler                           
000012f3  TA2_N_IRQHandler                           
000012f3  TA3_0_IRQHandler                           
000012f3  TA3_N_IRQHandler                           
00001add  Timer_A_clearCaptureCompareInterrupt       
00001b9d  Timer_A_clearTimer                         
000013e1  Timer_A_configureUpMode                    
0000136d  Timer_A_generatePWM                        
0000172f  Timer_A_getCounterValue                    
00001bcd  Timer_A_startCounter                       
00001bf9  Timer_A_stopTimer                          
20000800  UARTA0Data                                 
20001850  UARTA0Receive                              
2000184c  UARTA0ReceiveIndex                         
20001000  UARTA2Data                                 
20001848  UARTA2Receive                              
2000183c  UARTA2ReceiveIndex                         
00000da9  UARTStartUp                                
000019a9  UART_Write                                 
000014b1  UART_getEnabledInterruptStatus             
00001bb5  UART_getInterruptStatus                    
000007f1  UART_initModule                            
00001a15  UART_transmitData                          
000012f3  UsageFault_Handler                         
4000480c  WDTCTL_SYM                                 
000012f3  WDT_A_IRQHandler                           
20010000  __STACK_END                                
00000200  __STACK_SIZE                               
00001d40  __TI_CINIT_Base                            
00001d50  __TI_CINIT_Limit                           
00001d2c  __TI_Handler_Table_Base                    
00001d38  __TI_Handler_Table_Limit                   
000017c5  __TI_auto_init_nobinit_nopinit             
00001449  __TI_decompress_lzss                       
00001c2d  __TI_decompress_none                       
ffffffff  __TI_pprof_out_hndl                        
ffffffff  __TI_prof_data_size                        
ffffffff  __TI_prof_data_start                       
00000000  __TI_static_base__                         
00001c47  __TI_zero_init                             
00001279  __aeabi_memclr                             
00001279  __aeabi_memclr4                            
00001279  __aeabi_memclr8                            
00000fc5  __aeabi_memcpy                             
00000fc5  __aeabi_memcpy4                            
00000fc5  __aeabi_memcpy8                            
0000127b  __aeabi_memset                             
0000127b  __aeabi_memset4                            
0000127b  __aeabi_memset8                            
ffffffff  __binit__                                  
ffffffff  __c_args__                                 
UNDEFED   __mpu_init                                 
2000fe00  __stack                                    
20000000  __start___llvm_prf_cnts                    
20000000  __stop___llvm_prf_cnts                     
00001a49  _c_int00_noargs                            
UNDEFED   _system_post_cinit                         
00001c53  _system_pre_init                           
00001c57  abort                                      
ffffffff  binit                                      
000000e5  esp8266StartUp                             
00000f21  getHCSR04Distance                          
20001840  index                                      
00000000  interruptVectors                           
00000cdd  main                                       
00000fc5  memcpy                                     
00001281  memset                                     
20001824  pwmConfig                                  
2000180c  pwmConfig2                                 
00000e71  setDirection                               


GLOBAL SYMBOLS: SORTED BY Symbol Address 

address   name                                       
-------   ----                                       
00000000  __TI_static_base__                         
00000000  interruptVectors                           
000000e5  esp8266StartUp                             
00000200  __STACK_SIZE                               
0000033d  EUSCIA2_IRQHandler                         
0000033d  EUSCIA2_IRQHandler                         
000007f1  UART_initModule                            
00000b19  CS_getDCOFrequency                         
00000c11  EUSCIA0_IRQHandler                         
00000c11  EUSCIA0_IRQHandler                         
00000cdd  main                                       
00000da9  UARTStartUp                                
00000e71  setDirection                               
00000f21  getHCSR04Distance                          
00000fc5  __aeabi_memcpy                             
00000fc5  __aeabi_memcpy4                            
00000fc5  __aeabi_memcpy8                            
00000fc5  memcpy                                     
00001061  SysCtl_A_getTLVInfo                        
000010f5  GPIO_setAsPeripheralModuleFunctionOutputPin
0000117d  Interrupt_enableInterrupt                  
00001279  __aeabi_memclr                             
00001279  __aeabi_memclr4                            
00001279  __aeabi_memclr8                            
0000127b  __aeabi_memset                             
0000127b  __aeabi_memset4                            
0000127b  __aeabi_memset8                            
00001281  memset                                     
000012f3  ADC14_IRQHandler                           
000012f3  AES256_IRQHandler                          
000012f3  BusFault_Handler                           
000012f3  COMP_E0_IRQHandler                         
000012f3  COMP_E1_IRQHandler                         
000012f3  CS_IRQHandler                              
000012f3  DMA_ERR_IRQHandler                         
000012f3  DMA_INT0_IRQHandler                        
000012f3  DMA_INT1_IRQHandler                        
000012f3  DMA_INT2_IRQHandler                        
000012f3  DMA_INT3_IRQHandler                        
000012f3  DebugMon_Handler                           
000012f3  Default_Handler                            
000012f3  EUSCIA1_IRQHandler                         
000012f3  EUSCIA3_IRQHandler                         
000012f3  EUSCIB0_IRQHandler                         
000012f3  EUSCIB1_IRQHandler                         
000012f3  EUSCIB2_IRQHandler                         
000012f3  EUSCIB3_IRQHandler                         
000012f3  FLCTL_IRQHandler                           
000012f3  FPU_IRQHandler                             
000012f3  HardFault_Handler                          
000012f3  MemManage_Handler                          
000012f3  NMI_Handler                                
000012f3  PCM_IRQHandler                             
000012f3  PORT1_IRQHandler                           
000012f3  PORT2_IRQHandler                           
000012f3  PORT3_IRQHandler                           
000012f3  PORT4_IRQHandler                           
000012f3  PORT5_IRQHandler                           
000012f3  PORT6_IRQHandler                           
000012f3  PSS_IRQHandler                             
000012f3  PendSV_Handler                             
000012f3  RTC_C_IRQHandler                           
000012f3  SVC_Handler                                
000012f3  SysTick_Handler                            
000012f3  T32_INT1_IRQHandler                        
000012f3  T32_INT2_IRQHandler                        
000012f3  T32_INTC_IRQHandler                        
000012f3  TA0_0_IRQHandler                           
000012f3  TA0_N_IRQHandler                           
000012f3  TA1_N_IRQHandler                           
000012f3  TA2_0_IRQHandler                           
000012f3  TA2_N_IRQHandler                           
000012f3  TA3_0_IRQHandler                           
000012f3  TA3_N_IRQHandler                           
000012f3  UsageFault_Handler                         
000012f3  WDT_A_IRQHandler                           
000012f5  SystemInit                                 
0000136d  Timer_A_generatePWM                        
000013e1  Timer_A_configureUpMode                    
00001449  __TI_decompress_lzss                       
000014b1  UART_getEnabledInterruptStatus             
00001577  PCM_getCoreVoltageLevel                    
000015d5  PCM_getPowerMode                           
00001631  GPIO_setAsInputPinWithPullDownResistor     
00001689  HCSR04Setup                                
000016dd  ESP8266Terminal                            
0000172f  Timer_A_getCounterValue                    
0000177d  FlashCtl_setWaitState                      
000017c5  __TI_auto_init_nobinit_nopinit             
00001809  GPIO_setAsOutputPin                        
00001849  SetForwardDirection                        
00001885  SetLeftDirection                           
000018c1  SetReverseDirection                        
000018fd  SetRightDirection                          
00001939  MotorSetup                                 
00001971  SetStop                                    
000019a9  UART_Write                                 
000019e1  CS_setDCOCenteredFrequency                 
00001a15  UART_transmitData                          
00001a49  _c_int00_noargs                            
00001a7d  CS_clearInterruptFlag                      
00001aad  GPIO_getInputPinValue                      
00001add  Timer_A_clearCaptureCompareInterrupt       
00001b09  CS_getSMCLK                                
00001b31  GPIO_setOutputHighOnPin                    
00001b59  GPIO_setOutputLowOnPin                     
00001b81  TA1_0_IRQHandler                           
00001b81  TA1_0_IRQHandler                           
00001b9d  Timer_A_clearTimer                         
00001bb5  UART_getInterruptStatus                    
00001bcd  Timer_A_startCounter                       
00001be5  PCM_getPowerState                          
00001bf9  Timer_A_stopTimer                          
00001c0d  PCM_setCoreVoltageLevel                    
00001c1d  PCM_setPowerMode                           
00001c2d  __TI_decompress_none                       
00001c3b  Reset_Handler                              
00001c47  __TI_zero_init                             
00001c53  _system_pre_init                           
00001c57  C$$EXIT                                    
00001c57  abort                                      
00001d2c  __TI_Handler_Table_Base                    
00001d38  __TI_Handler_Table_Limit                   
00001d40  __TI_CINIT_Base                            
00001d50  __TI_CINIT_Limit                           
20000000  ESP8266Data                                
20000000  __start___llvm_prf_cnts                    
20000000  __stop___llvm_prf_cnts                     
20000800  UARTA0Data                                 
20001000  UARTA2Data                                 
20001808  SR04IntTimes                               
2000180c  pwmConfig2                                 
20001824  pwmConfig                                  
2000183c  UARTA2ReceiveIndex                         
20001840  index                                      
20001844  ESP8266DataIndex                           
20001848  UARTA2Receive                              
20001849  ESPStartUp                                 
2000184c  UARTA0ReceiveIndex                         
20001850  UARTA0Receive                              
2000fe00  __stack                                    
20010000  __STACK_END                                
4000480c  WDTCTL_SYM                                 
ffffffff  __TI_pprof_out_hndl                        
ffffffff  __TI_prof_data_size                        
ffffffff  __TI_prof_data_start                       
ffffffff  __binit__                                  
ffffffff  __c_args__                                 
ffffffff  binit                                      
UNDEFED   __mpu_init                                 
UNDEFED   _system_post_cinit                         

[151 symbols]
