******************************************************************************
                  TI ARM Linker PC v20.2.4                     
******************************************************************************
>> Linked Mon Dec  6 18:25:22 2021

OUTPUT FILE NAME:   <Project (WIP Integrate).out>
ENTRY POINT SYMBOL: "_c_int00_noargs"  address: 000026fd


MEMORY CONFIGURATION

         name            origin    length      used     unused   attr    fill
----------------------  --------  ---------  --------  --------  ----  --------
  MAIN                  00000000   00040000  00002ac6  0003d53a  R  X
  INFO                  00200000   00004000  00000000  00004000  R  X
  SRAM_CODE             01000000   00010000  000022aa  0000dd56  RW X
  SRAM_DATA             20000000   00010000  000022aa  0000dd56  RW  


SEGMENT ALLOCATION MAP

run origin  load origin   length   init length attrs members
----------  ----------- ---------- ----------- ----- -------
00000000    00000000    00002ac8   00002ac8    r-x
  00000000    00000000    000000e4   000000e4    r-- .intvecs
  000000e4    000000e4    000028d2   000028d2    r-x .text
  000029b8    000029b8    000000b8   000000b8    r-- .const
  00002a70    00002a70    00000058   00000058    r-- .cinit
20000000    20000000    000020aa   00000000    rw-
  20000000    20000000    00001810   00000000    rw- .bss
  20001810    20001810    0000089a   00000000    rw- .data
2000fe00    2000fe00    00000200   00000000    rw-
  2000fe00    2000fe00    00000200   00000000    rw- .stack


SECTION ALLOCATION MAP

 output                                  attributes/
section   page    origin      length       input sections
--------  ----  ----------  ----------   ----------------
.intvecs   0    00000000    000000e4     
                  00000000    000000e4     startup_msp432p401r_ccs.obj (.intvecs:retain)

.text      0    000000e4    000028d2     
                  000000e4    00000258     ESP8266_UART.obj (.text:EUSCIA2_IRQHandler)
                  0000033c    00000208     ESP8266_UART.obj (.text:esp8266StartUp)
                  00000544    00000200     ESP8266_UART.obj (.text:ESP8266Terminal)
                  00000744    000001a8     ESP8266_UART.obj (.text:instruction)
                  000008ec    0000017c     ESP8266_UART.obj (.text:GET)
                  00000a68    0000015c     Motor_Driver.obj (.text:SetBaseSpeed)
                  00000bc4    0000015c     msp432p4xx_driverlib.lib : pcm.o (.text:__PCM_setPowerModeAdvanced)
                  00000d20    00000144                              : timer_a.o (.text:privateTimer_AProcessClockSourceDivider)
                  00000e64    0000011c                              : uart.o (.text:UART_initModule)
                  00000f80    0000011c     ESP8266_UART.obj (.text:sendSuccess)
                  0000109c    00000110     Motor_Driver.obj (.text:setDirection)
                  000011ac    00000108     msp432p4xx_driverlib.lib : pcm.o (.text:__PCM_setCoreVoltageLevelAdvanced)
                  000012b4    00000104                              : cs.o (.text:_CSComputeCLKFrequency)
                  000013b8    000000fc     HCSR04.obj (.text:getHCSR04Distance)
                  000014b4    000000f8     msp432p4xx_driverlib.lib : cs.o (.text:CS_getDCOFrequency)
                  000015ac    000000d4     ESP8266_UART.obj (.text:POST)
                  00001680    000000d4     PID.obj (.text:TA2_0_IRQHandler)
                  00001754    000000d4     main.obj (.text:main)
                  00001828    000000cc     ESP8266_UART.obj (.text:EUSCIA0_IRQHandler)
                  000018f4    000000c8     ESP8266_UART.obj (.text:UARTStartUp)
                  000019bc    0000009c     rtsv7M4_T_le_v4SPD16_eabi.lib : memcpy_t2.asm.obj (.text)
                  00001a58    00000094     msp432p4xx_driverlib.lib : sysctl_a.o (.text:SysCtl_A_getTLVInfo)
                  00001aec    00000088                              : gpio.o (.text:GPIO_setAsPeripheralModuleFunctionOutputPin)
                  00001b74    00000084                              : gpio.o (.text:GPIO_getEnabledInterruptStatus)
                  00001bf8    00000080                              : interrupt.o (.text:Interrupt_enableInterrupt)
                  00001c78    0000007c                              : cs.o (.text:_CSGetDOCFrequency)
                  00001cf4    0000007a     rtsv7M4_T_le_v4SPD16_eabi.lib : memset_t2.asm.obj (.text)
                  00001d6e    00000002     startup_msp432p401r_ccs.obj (.text:Default_Handler)
                  00001d70    00000078     system_msp432p401r.obj (.text:SystemInit)
                  00001de8    00000074     msp432p4xx_driverlib.lib : timer_a.o (.text:Timer_A_generatePWM)
                  00001e5c    0000006c     ESP8266_UART.obj (.text:setToken)
                  00001ec8    00000068     msp432p4xx_driverlib.lib : timer_a.o (.text:Timer_A_configureUpMode)
                  00001f30    00000068     rtsv7M4_T_le_v4SPD16_eabi.lib : copy_decompress_lzss.c.obj (.text:decompress:lzss:__TI_decompress_lzss)
                  00001f98    00000064     msp432p4xx_driverlib.lib : uart.o (.text:UART_getEnabledInterruptStatus)
                  00001ffc    00000062                              : cs.o (.text:_CSGetDividerValue)
                  0000205e    0000005e                              : pcm.o (.text:PCM_getCoreVoltageLevel)
                  000020bc    0000005a                              : pcm.o (.text:PCM_getPowerMode)
                  00002116    00000002     --HOLE-- [fill = 0]
                  00002118    00000058                              : gpio.o (.text:GPIO_setAsInputPinWithPullDownResistor)
                  00002170    00000058                              : gpio.o (.text:GPIO_setAsInputPinWithPullUpResistor)
                  000021c8    00000054     HCSR04.obj (.text:HCSR04Setup)
                  0000221c    00000054     Motor_Driver.obj (.text:SetMotorSpeed)
                  00002270    0000004c     msp432p4xx_driverlib.lib : timer_a.o (.text:Timer_A_getCounterValue)
                  000022bc    00000048                              : flash.o (.text:FlashCtl_setWaitState)
                  00002304    00000044     rtsv7M4_T_le_v4SPD16_eabi.lib : autoinit.c.obj (.text:__TI_auto_init_nobinit_nopinit:__TI_auto_init_nobinit_nopinit)
                  00002348    00000044                                   : fd_tou_t2.asm.obj (.text)
                  0000238c    00000042     PID.obj (.text:WheelEncoderSetup)
                  000023ce    00000002     --HOLE-- [fill = 0]
                  000023d0    00000040     msp432p4xx_driverlib.lib : gpio.o (.text:GPIO_setAsOutputPin)
                  00002410    00000040     Motor_Driver.obj (.text:SetLeftDirection)
                  00002450    00000040     Motor_Driver.obj (.text:SetRightDirection)
                  00002490    0000003c     Motor_Driver.obj (.text:SetForwardDirection)
                  000024cc    0000003c     Motor_Driver.obj (.text:SetReverseDirection)
                  00002508    0000003c     Motor_Driver.obj (.text:SetTurnLeftDirection)
                  00002544    0000003c     Motor_Driver.obj (.text:SetTurnRightDirection)
                  00002580    00000038     Motor_Driver.obj (.text:MotorSetup)
                  000025b8    00000038     PID.obj (.text:PORT5_IRQHandler)
                  000025f0    00000038     Motor_Driver.obj (.text:SetStop)
                  00002628    00000038     ESP8266_UART.obj (.text:UART_Write)
                  00002660    00000034     msp432p4xx_driverlib.lib : cs.o (.text:CS_setDCOCenteredFrequency)
                  00002694    00000034     PID.obj (.text:Initalise_encoderTimer)
                  000026c8    00000034     msp432p4xx_driverlib.lib : uart.o (.text:UART_transmitData)
                  000026fc    00000034     rtsv7M4_T_le_v4SPD16_eabi.lib : boot_cortex_m.c.obj (.text:_c_int00_noargs:_c_int00_noargs)
                  00002730    00000030     msp432p4xx_driverlib.lib : cs.o (.text:CS_clearInterruptFlag)
                  00002760    00000030                              : gpio.o (.text:GPIO_getInputPinValue)
                  00002790    0000002c                              : timer_a.o (.text:Timer_A_clearCaptureCompareInterrupt)
                  000027bc    00000028                              : cs.o (.text:CS_getSMCLK)
                  000027e4    00000028                              : gpio.o (.text:GPIO_clearInterruptFlag)
                  0000280c    00000028                              : gpio.o (.text:GPIO_enableInterrupt)
                  00002834    00000028                              : gpio.o (.text:GPIO_setOutputHighOnPin)
                  0000285c    00000028                              : gpio.o (.text:GPIO_setOutputLowOnPin)
                  00002884    00000024                              : gpio.o (.text:GPIO_getInterruptStatus)
                  000028a8    00000020     rtsv7M4_T_le_v4SPD16_eabi.lib : u_tofd_t2.asm.obj (.text)
                  000028c8    0000001c     HCSR04.obj (.text:TA1_0_IRQHandler)
                  000028e4    00000018     msp432p4xx_driverlib.lib : timer_a.o (.text:Timer_A_clearTimer)
                  000028fc    00000018                              : uart.o (.text:UART_getInterruptStatus)
                  00002914    00000016                              : timer_a.o (.text:Timer_A_startCounter)
                  0000292a    00000002     --HOLE-- [fill = 0]
                  0000292c    00000014                              : pcm.o (.text:PCM_getPowerState)
                  00002940    00000014                              : timer_a.o (.text:Timer_A_stopTimer)
                  00002954    00000014     rtsv7M4_T_le_v4SPD16_eabi.lib : strcpy.c.obj (.text:strcpy)
                  00002968    00000010     msp432p4xx_driverlib.lib : pcm.o (.text:PCM_setCoreVoltageLevel)
                  00002978    00000010                              : pcm.o (.text:PCM_setPowerMode)
                  00002988    0000000e     rtsv7M4_T_le_v4SPD16_eabi.lib : copy_decompress_none.c.obj (.text:decompress:none:__TI_decompress_none)
                  00002996    0000000c     startup_msp432p401r_ccs.obj (.text:Reset_Handler)
                  000029a2    0000000c     rtsv7M4_T_le_v4SPD16_eabi.lib : copy_zero_init.c.obj (.text:decompress:ZI:__TI_zero_init)
                  000029ae    00000004                                   : pre_init.c.obj (.text:_system_pre_init)
                  000029b2    00000004                                   : exit.c.obj (.text:abort:abort)

.const     0    000029b8    000000b8     
                  000029b8    00000030     msp432p4xx_driverlib.lib : gpio.o (.const:GPIO_PORT_TO_BASE)
                  000029e8    00000028     ESP8266_UART.obj (.const:$P$T0$1)
                  00002a10    00000028     ESP8266_UART.obj (.const:$P$T1$2)
                  00002a38    00000018     HCSR04.obj (.const:$P$T0$1)
                  00002a50    00000018     PID.obj (.const:$P$T0$1)
                  00002a68    00000008     msp432p4xx_driverlib.lib : interrupt.o (.const:g_pulEnRegs)

.cinit     0    00002a70    00000058     
                  00002a70    00000032     (.cinit..data.load) [load image, compression = lzss]
                  00002aa2    00000002     --HOLE-- [fill = 0]
                  00002aa4    0000000c     (__TI_handler_table)
                  00002ab0    00000008     (.cinit..bss.load) [load image, compression = zero_init]
                  00002ab8    00000010     (__TI_cinit_table)

.init_array 
*          0    00000000    00000000     UNINITIALIZED

.binit     0    00000000    00000000     

.bss       0    20000000    00001810     UNINITIALIZED
                  20000000    00000800     (.common:ESP8266Data)
                  20000800    00000800     (.common:UARTA0Data)
                  20001000    00000800     (.common:UARTA2Data)
                  20001800    00000008     msp432p4xx_driverlib.lib : cs.o (.bss)
                  20001808    00000004     (.common:SR04IntTimes)
                  2000180c    00000002     (.common:notchesdetected)
                  2000180e    00000002     (.common:notchesdetected2)

.data      0    20001810    0000089a     UNINITIALIZED
                  20001810    00000800     ESP8266_UART.obj (.data:data)
                  20002010    00000032     ESP8266_UART.obj (.data:Token)
                  20002042    00000002     --HOLE--
                  20002044    0000002a     ESP8266_UART.obj (.data)
                  2000206e    00000002     --HOLE--
                  20002070    00000018     Motor_Driver.obj (.data:pwmConfig2)
                  20002088    00000018     Motor_Driver.obj (.data:pwmConfig)
                  200020a0    00000006     Motor_Driver.obj (.data)
                  200020a6    00000004     PID.obj (.data)

.stack     0    2000fe00    00000200     UNINITIALIZED
                  2000fe00    00000004     rtsv7M4_T_le_v4SPD16_eabi.lib : boot_cortex_m.c.obj (.stack)
                  2000fe04    000001fc     --HOLE--

__llvm_prf_cnts 
*          0    20000000    00000000     UNINITIALIZED

MODULE SUMMARY

       Module                        code    ro data   rw data
       ------                        ----    -------   -------
    .\
       ESP8266_UART.obj              3500    80        16568  
       Motor_Driver.obj              1184    0         108    
       PID.obj                       386     24        16     
       HCSR04.obj                    364     24        8      
       main.obj                      212     0         0      
       system_msp432p401r.obj        120     0         0      
    +--+-----------------------------+-------+---------+---------+
       Total:                        5766    128       16700  
                                                              
    .\ccs\
       startup_msp432p401r_ccs.obj   14      228       0      
    +--+-----------------------------+-------+---------+---------+
       Total:                        14      228       0      
                                                              
    C:\ti\ti-cgt-arm_20.2.4.LTS\lib\rtsv7M4_T_le_v4SPD16_eabi.lib
       memcpy_t2.asm.obj             156     0         0      
       memset_t2.asm.obj             122     0         0      
       copy_decompress_lzss.c.obj    104     0         0      
       autoinit.c.obj                68      0         0      
       fd_tou_t2.asm.obj             68      0         0      
       boot_cortex_m.c.obj           52      0         0      
       u_tofd_t2.asm.obj             32      0         0      
       strcpy.c.obj                  20      0         0      
       copy_decompress_none.c.obj    14      0         0      
       copy_zero_init.c.obj          12      0         0      
       exit.c.obj                    4       0         0      
       pre_init.c.obj                4       0         0      
    +--+-----------------------------+-------+---------+---------+
       Total:                        656     0         0      
                                                              
    D:/ti/simplelink_msp432p4_sdk_3_40_01_02/source/ti/devices/msp432p4xx/driverlib/ccs/msp432p4xx_driverlib.lib
       cs.o                          870     0         16     
       pcm.o                         848     0         0      
       gpio.o                        752     48        0      
       timer_a.o                     730     0         0      
       uart.o                        460     0         0      
       sysctl_a.o                    148     0         0      
       interrupt.o                   128     8         0      
       flash.o                       72      0         0      
    +--+-----------------------------+-------+---------+---------+
       Total:                        4008    56        16     
                                                              
       Stack:                        0       0         1024   
       Linker Generated:             0       86        0      
    +--+-----------------------------+-------+---------+---------+
       Grand Total:                  10444   498       17740  


LINKER GENERATED COPY TABLES

__TI_cinit_table @ 00002ab8 records: 2, size/record: 8, table size: 16
	.data: load addr=00002a70, load size=00000032 bytes, run addr=20001810, run size=0000089a bytes, compression=lzss
	.bss: load addr=00002ab0, load size=00000008 bytes, run addr=20000000, run size=00001810 bytes, compression=zero_init


LINKER GENERATED HANDLER TABLE

__TI_handler_table @ 00002aa4 records: 3, size/record: 4, table size: 12
	index: 0, handler: __TI_decompress_lzss
	index: 1, handler: __TI_decompress_none
	index: 2, handler: __TI_zero_init


GLOBAL SYMBOLS: SORTED ALPHABETICALLY BY Name 

address   name                                       
-------   ----                                       
00001d6f  ADC14_IRQHandler                           
00001d6f  AES256_IRQHandler                          
00001d6f  BusFault_Handler                           
000029b3  C$$EXIT                                    
00001d6f  COMP_E0_IRQHandler                         
00001d6f  COMP_E1_IRQHandler                         
00001d6f  CS_IRQHandler                              
00002731  CS_clearInterruptFlag                      
000014b5  CS_getDCOFrequency                         
000027bd  CS_getSMCLK                                
00002661  CS_setDCOCenteredFrequency                 
00001d6f  DMA_ERR_IRQHandler                         
00001d6f  DMA_INT0_IRQHandler                        
00001d6f  DMA_INT1_IRQHandler                        
00001d6f  DMA_INT2_IRQHandler                        
00001d6f  DMA_INT3_IRQHandler                        
00001d6f  DebugMon_Handler                           
00001d6f  Default_Handler                            
20000000  ESP8266Data                                
2000204c  ESP8266DataIndex                           
00000545  ESP8266Terminal                            
20002061  ESPStartUp                                 
00001829  EUSCIA0_IRQHandler                         
00001829  EUSCIA0_IRQHandler                         
00001d6f  EUSCIA1_IRQHandler                         
000000e5  EUSCIA2_IRQHandler                         
000000e5  EUSCIA2_IRQHandler                         
00001d6f  EUSCIA3_IRQHandler                         
00001d6f  EUSCIB0_IRQHandler                         
00001d6f  EUSCIB1_IRQHandler                         
00001d6f  EUSCIB2_IRQHandler                         
00001d6f  EUSCIB3_IRQHandler                         
00001d6f  FLCTL_IRQHandler                           
00001d6f  FPU_IRQHandler                             
000022bd  FlashCtl_setWaitState                      
000008ed  GET                                        
000027e5  GPIO_clearInterruptFlag                    
0000280d  GPIO_enableInterrupt                       
00001b75  GPIO_getEnabledInterruptStatus             
00002761  GPIO_getInputPinValue                      
00002885  GPIO_getInterruptStatus                    
00002119  GPIO_setAsInputPinWithPullDownResistor     
00002171  GPIO_setAsInputPinWithPullUpResistor       
000023d1  GPIO_setAsOutputPin                        
00001aed  GPIO_setAsPeripheralModuleFunctionOutputPin
00002835  GPIO_setOutputHighOnPin                    
0000285d  GPIO_setOutputLowOnPin                     
000021c9  HCSR04Setup                                
00001d6f  HardFault_Handler                          
00002695  Initalise_encoderTimer                     
00001bf9  Interrupt_enableInterrupt                  
00001d6f  MemManage_Handler                          
00002581  MotorSetup                                 
00001d6f  NMI_Handler                                
00001d6f  PCM_IRQHandler                             
0000205f  PCM_getCoreVoltageLevel                    
000020bd  PCM_getPowerMode                           
0000292d  PCM_getPowerState                          
00002969  PCM_setCoreVoltageLevel                    
00002979  PCM_setPowerMode                           
00001d6f  PORT1_IRQHandler                           
00001d6f  PORT2_IRQHandler                           
00001d6f  PORT3_IRQHandler                           
00001d6f  PORT4_IRQHandler                           
000025b9  PORT5_IRQHandler                           
000025b9  PORT5_IRQHandler                           
00001d6f  PORT6_IRQHandler                           
000015ad  POST                                       
00001d6f  PSS_IRQHandler                             
00001d6f  PendSV_Handler                             
00001d6f  RTC_C_IRQHandler                           
00002997  Reset_Handler                              
20001808  SR04IntTimes                               
00001d6f  SVC_Handler                                
00000a69  SetBaseSpeed                               
00002491  SetForwardDirection                        
00002411  SetLeftDirection                           
0000221d  SetMotorSpeed                              
000024cd  SetReverseDirection                        
00002451  SetRightDirection                          
000025f1  SetStop                                    
00002509  SetTurnLeftDirection                       
00002545  SetTurnRightDirection                      
00001a59  SysCtl_A_getTLVInfo                        
00001d6f  SysTick_Handler                            
00001d71  SystemInit                                 
00001d6f  T32_INT1_IRQHandler                        
00001d6f  T32_INT2_IRQHandler                        
00001d6f  T32_INTC_IRQHandler                        
00001d6f  TA0_0_IRQHandler                           
00001d6f  TA0_N_IRQHandler                           
000028c9  TA1_0_IRQHandler                           
000028c9  TA1_0_IRQHandler                           
00001d6f  TA1_N_IRQHandler                           
00001681  TA2_0_IRQHandler                           
00001681  TA2_0_IRQHandler                           
00001d6f  TA2_N_IRQHandler                           
00001d6f  TA3_0_IRQHandler                           
00001d6f  TA3_N_IRQHandler                           
00002791  Timer_A_clearCaptureCompareInterrupt       
000028e5  Timer_A_clearTimer                         
00001ec9  Timer_A_configureUpMode                    
00001de9  Timer_A_generatePWM                        
00002271  Timer_A_getCounterValue                    
00002915  Timer_A_startCounter                       
00002941  Timer_A_stopTimer                          
20002010  Token                                      
20000800  UARTA0Data                                 
2000206c  UARTA0Receive                              
20002068  UARTA0ReceiveIndex                         
20001000  UARTA2Data                                 
20002060  UARTA2Receive                              
20002044  UARTA2ReceiveIndex                         
000018f5  UARTStartUp                                
00002629  UART_Write                                 
00001f99  UART_getEnabledInterruptStatus             
000028fd  UART_getInterruptStatus                    
00000e65  UART_initModule                            
000026c9  UART_transmitData                          
00001d6f  UsageFault_Handler                         
4000480c  WDTCTL_SYM                                 
00001d6f  WDT_A_IRQHandler                           
0000238d  WheelEncoderSetup                          
20010000  __STACK_END                                
00000200  __STACK_SIZE                               
00002ab8  __TI_CINIT_Base                            
00002ac8  __TI_CINIT_Limit                           
00002aa4  __TI_Handler_Table_Base                    
00002ab0  __TI_Handler_Table_Limit                   
00002305  __TI_auto_init_nobinit_nopinit             
00001f31  __TI_decompress_lzss                       
00002989  __TI_decompress_none                       
ffffffff  __TI_pprof_out_hndl                        
ffffffff  __TI_prof_data_size                        
ffffffff  __TI_prof_data_start                       
00000000  __TI_static_base__                         
000029a3  __TI_zero_init                             
00002349  __aeabi_d2uiz                              
00001cf5  __aeabi_memclr                             
00001cf5  __aeabi_memclr4                            
00001cf5  __aeabi_memclr8                            
000019bd  __aeabi_memcpy                             
000019bd  __aeabi_memcpy4                            
000019bd  __aeabi_memcpy8                            
00001cf7  __aeabi_memset                             
00001cf7  __aeabi_memset4                            
00001cf7  __aeabi_memset8                            
000028a9  __aeabi_ui2d                               
ffffffff  __binit__                                  
ffffffff  __c_args__                                 
UNDEFED   __mpu_init                                 
2000fe00  __stack                                    
20000000  __start___llvm_prf_cnts                    
20000000  __stop___llvm_prf_cnts                     
000026fd  _c_int00_noargs                            
UNDEFED   _system_post_cinit                         
000029af  _system_pre_init                           
000029b3  abort                                      
ffffffff  binit                                      
20002062  connFlag                                   
20001810  data                                       
20002064  dir                                        
0000033d  esp8266StartUp                             
200020a2  forwardPWM_Left                            
200020a4  forwardPWM_Right                           
000013b9  getHCSR04Distance                          
20002058  iIndex                                     
20002048  index                                      
2000205c  instruct_index                             
00000745  instruction                                
2000206d  instructionFlag                            
00000000  interruptVectors                           
20002063  isnFlag                                    
00001755  main                                       
000019bd  memcpy                                     
00001cfd  memset                                     
2000180c  notchesdetected                            
2000180e  notchesdetected2                           
20002054  part_cnt                                   
20002088  pwmConfig                                  
20002070  pwmConfig2                                 
200020a1  runFlag                                    
00000f81  sendSuccess                                
20002065  senstat                                    
0000109d  setDirection                               
00001e5d  setToken                                   
200020a9  speedflag                                  
200020a0  state                                      
00002955  strcpy                                     
200020a8  syncflag                                   
200020a6  timer_count                                
20002050  tokIndex                                   


GLOBAL SYMBOLS: SORTED BY Symbol Address 

address   name                                       
-------   ----                                       
00000000  __TI_static_base__                         
00000000  interruptVectors                           
000000e5  EUSCIA2_IRQHandler                         
000000e5  EUSCIA2_IRQHandler                         
00000200  __STACK_SIZE                               
0000033d  esp8266StartUp                             
00000545  ESP8266Terminal                            
00000745  instruction                                
000008ed  GET                                        
00000a69  SetBaseSpeed                               
00000e65  UART_initModule                            
00000f81  sendSuccess                                
0000109d  setDirection                               
000013b9  getHCSR04Distance                          
000014b5  CS_getDCOFrequency                         
000015ad  POST                                       
00001681  TA2_0_IRQHandler                           
00001681  TA2_0_IRQHandler                           
00001755  main                                       
00001829  EUSCIA0_IRQHandler                         
00001829  EUSCIA0_IRQHandler                         
000018f5  UARTStartUp                                
000019bd  __aeabi_memcpy                             
000019bd  __aeabi_memcpy4                            
000019bd  __aeabi_memcpy8                            
000019bd  memcpy                                     
00001a59  SysCtl_A_getTLVInfo                        
00001aed  GPIO_setAsPeripheralModuleFunctionOutputPin
00001b75  GPIO_getEnabledInterruptStatus             
00001bf9  Interrupt_enableInterrupt                  
00001cf5  __aeabi_memclr                             
00001cf5  __aeabi_memclr4                            
00001cf5  __aeabi_memclr8                            
00001cf7  __aeabi_memset                             
00001cf7  __aeabi_memset4                            
00001cf7  __aeabi_memset8                            
00001cfd  memset                                     
00001d6f  ADC14_IRQHandler                           
00001d6f  AES256_IRQHandler                          
00001d6f  BusFault_Handler                           
00001d6f  COMP_E0_IRQHandler                         
00001d6f  COMP_E1_IRQHandler                         
00001d6f  CS_IRQHandler                              
00001d6f  DMA_ERR_IRQHandler                         
00001d6f  DMA_INT0_IRQHandler                        
00001d6f  DMA_INT1_IRQHandler                        
00001d6f  DMA_INT2_IRQHandler                        
00001d6f  DMA_INT3_IRQHandler                        
00001d6f  DebugMon_Handler                           
00001d6f  Default_Handler                            
00001d6f  EUSCIA1_IRQHandler                         
00001d6f  EUSCIA3_IRQHandler                         
00001d6f  EUSCIB0_IRQHandler                         
00001d6f  EUSCIB1_IRQHandler                         
00001d6f  EUSCIB2_IRQHandler                         
00001d6f  EUSCIB3_IRQHandler                         
00001d6f  FLCTL_IRQHandler                           
00001d6f  FPU_IRQHandler                             
00001d6f  HardFault_Handler                          
00001d6f  MemManage_Handler                          
00001d6f  NMI_Handler                                
00001d6f  PCM_IRQHandler                             
00001d6f  PORT1_IRQHandler                           
00001d6f  PORT2_IRQHandler                           
00001d6f  PORT3_IRQHandler                           
00001d6f  PORT4_IRQHandler                           
00001d6f  PORT6_IRQHandler                           
00001d6f  PSS_IRQHandler                             
00001d6f  PendSV_Handler                             
00001d6f  RTC_C_IRQHandler                           
00001d6f  SVC_Handler                                
00001d6f  SysTick_Handler                            
00001d6f  T32_INT1_IRQHandler                        
00001d6f  T32_INT2_IRQHandler                        
00001d6f  T32_INTC_IRQHandler                        
00001d6f  TA0_0_IRQHandler                           
00001d6f  TA0_N_IRQHandler                           
00001d6f  TA1_N_IRQHandler                           
00001d6f  TA2_N_IRQHandler                           
00001d6f  TA3_0_IRQHandler                           
00001d6f  TA3_N_IRQHandler                           
00001d6f  UsageFault_Handler                         
00001d6f  WDT_A_IRQHandler                           
00001d71  SystemInit                                 
00001de9  Timer_A_generatePWM                        
00001e5d  setToken                                   
00001ec9  Timer_A_configureUpMode                    
00001f31  __TI_decompress_lzss                       
00001f99  UART_getEnabledInterruptStatus             
0000205f  PCM_getCoreVoltageLevel                    
000020bd  PCM_getPowerMode                           
00002119  GPIO_setAsInputPinWithPullDownResistor     
00002171  GPIO_setAsInputPinWithPullUpResistor       
000021c9  HCSR04Setup                                
0000221d  SetMotorSpeed                              
00002271  Timer_A_getCounterValue                    
000022bd  FlashCtl_setWaitState                      
00002305  __TI_auto_init_nobinit_nopinit             
00002349  __aeabi_d2uiz                              
0000238d  WheelEncoderSetup                          
000023d1  GPIO_setAsOutputPin                        
00002411  SetLeftDirection                           
00002451  SetRightDirection                          
00002491  SetForwardDirection                        
000024cd  SetReverseDirection                        
00002509  SetTurnLeftDirection                       
00002545  SetTurnRightDirection                      
00002581  MotorSetup                                 
000025b9  PORT5_IRQHandler                           
000025b9  PORT5_IRQHandler                           
000025f1  SetStop                                    
00002629  UART_Write                                 
00002661  CS_setDCOCenteredFrequency                 
00002695  Initalise_encoderTimer                     
000026c9  UART_transmitData                          
000026fd  _c_int00_noargs                            
00002731  CS_clearInterruptFlag                      
00002761  GPIO_getInputPinValue                      
00002791  Timer_A_clearCaptureCompareInterrupt       
000027bd  CS_getSMCLK                                
000027e5  GPIO_clearInterruptFlag                    
0000280d  GPIO_enableInterrupt                       
00002835  GPIO_setOutputHighOnPin                    
0000285d  GPIO_setOutputLowOnPin                     
00002885  GPIO_getInterruptStatus                    
000028a9  __aeabi_ui2d                               
000028c9  TA1_0_IRQHandler                           
000028c9  TA1_0_IRQHandler                           
000028e5  Timer_A_clearTimer                         
000028fd  UART_getInterruptStatus                    
00002915  Timer_A_startCounter                       
0000292d  PCM_getPowerState                          
00002941  Timer_A_stopTimer                          
00002955  strcpy                                     
00002969  PCM_setCoreVoltageLevel                    
00002979  PCM_setPowerMode                           
00002989  __TI_decompress_none                       
00002997  Reset_Handler                              
000029a3  __TI_zero_init                             
000029af  _system_pre_init                           
000029b3  C$$EXIT                                    
000029b3  abort                                      
00002aa4  __TI_Handler_Table_Base                    
00002ab0  __TI_Handler_Table_Limit                   
00002ab8  __TI_CINIT_Base                            
00002ac8  __TI_CINIT_Limit                           
20000000  ESP8266Data                                
20000000  __start___llvm_prf_cnts                    
20000000  __stop___llvm_prf_cnts                     
20000800  UARTA0Data                                 
20001000  UARTA2Data                                 
20001808  SR04IntTimes                               
2000180c  notchesdetected                            
2000180e  notchesdetected2                           
20001810  data                                       
20002010  Token                                      
20002044  UARTA2ReceiveIndex                         
20002048  index                                      
2000204c  ESP8266DataIndex                           
20002050  tokIndex                                   
20002054  part_cnt                                   
20002058  iIndex                                     
2000205c  instruct_index                             
20002060  UARTA2Receive                              
20002061  ESPStartUp                                 
20002062  connFlag                                   
20002063  isnFlag                                    
20002064  dir                                        
20002065  senstat                                    
20002068  UARTA0ReceiveIndex                         
2000206c  UARTA0Receive                              
2000206d  instructionFlag                            
20002070  pwmConfig2                                 
20002088  pwmConfig                                  
200020a0  state                                      
200020a1  runFlag                                    
200020a2  forwardPWM_Left                            
200020a4  forwardPWM_Right                           
200020a6  timer_count                                
200020a8  syncflag                                   
200020a9  speedflag                                  
2000fe00  __stack                                    
20010000  __STACK_END                                
4000480c  WDTCTL_SYM                                 
ffffffff  __TI_pprof_out_hndl                        
ffffffff  __TI_prof_data_size                        
ffffffff  __TI_prof_data_start                       
ffffffff  __binit__                                  
ffffffff  __c_args__                                 
ffffffff  binit                                      
UNDEFED   __mpu_init                                 
UNDEFED   _system_post_cinit                         

[192 symbols]
