<?xml version="1.0" encoding="ISO-8859-1" ?>
<link_info>
   <banner>TI ARM Linker PC v20.2.4.LTS</banner>
   <copyright>Copyright (c) 1996-2018 Texas Instruments Incorporated</copyright>
   <link_time>0x61ade512</link_time>
   <link_errors>0x0</link_errors>
   <output_file>Project (WIP Integrate).out</output_file>
   <entry_point>
      <name>_c_int00_noargs</name>
      <address>0x26fd</address>
   </entry_point>
   <input_file_list>
      <input_file id="fl-2">
         <path>.\</path>
         <kind>object</kind>
         <file>ESP8266_UART.obj</file>
         <name>ESP8266_UART.obj</name>
      </input_file>
      <input_file id="fl-3">
         <path>.\</path>
         <kind>object</kind>
         <file>HCSR04.obj</file>
         <name>HCSR04.obj</name>
      </input_file>
      <input_file id="fl-4">
         <path>.\</path>
         <kind>object</kind>
         <file>Motor_Driver.obj</file>
         <name>Motor_Driver.obj</name>
      </input_file>
      <input_file id="fl-5">
         <path>.\</path>
         <kind>object</kind>
         <file>PID.obj</file>
         <name>PID.obj</name>
      </input_file>
      <input_file id="fl-6">
         <path>.\</path>
         <kind>object</kind>
         <file>line.obj</file>
         <name>line.obj</name>
      </input_file>
      <input_file id="fl-7">
         <path>.\</path>
         <kind>object</kind>
         <file>main.obj</file>
         <name>main.obj</name>
      </input_file>
      <input_file id="fl-8">
         <path>.\</path>
         <kind>object</kind>
         <file>system_msp432p401r.obj</file>
         <name>system_msp432p401r.obj</name>
      </input_file>
      <input_file id="fl-9">
         <path>.\ccs\</path>
         <kind>object</kind>
         <file>startup_msp432p401r_ccs.obj</file>
         <name>startup_msp432p401r_ccs.obj</name>
      </input_file>
      <input_file id="fl-13">
         <kind>object</kind>
         <file>&lt;internal&gt;</file>
         <name>&lt;internal&gt;</name>
      </input_file>
      <input_file id="fl-14">
         <path>D:\ti\simplelink_msp432p4_sdk_3_40_01_02\source\ti\devices\msp432p4xx\driverlib\ccs\</path>
         <kind>archive</kind>
         <file>msp432p4xx_driverlib.lib</file>
         <name>cs.o</name>
      </input_file>
      <input_file id="fl-15">
         <path>D:\ti\simplelink_msp432p4_sdk_3_40_01_02\source\ti\devices\msp432p4xx\driverlib\ccs\</path>
         <kind>archive</kind>
         <file>msp432p4xx_driverlib.lib</file>
         <name>flash.o</name>
      </input_file>
      <input_file id="fl-16">
         <path>D:\ti\simplelink_msp432p4_sdk_3_40_01_02\source\ti\devices\msp432p4xx\driverlib\ccs\</path>
         <kind>archive</kind>
         <file>msp432p4xx_driverlib.lib</file>
         <name>gpio.o</name>
      </input_file>
      <input_file id="fl-17">
         <path>D:\ti\simplelink_msp432p4_sdk_3_40_01_02\source\ti\devices\msp432p4xx\driverlib\ccs\</path>
         <kind>archive</kind>
         <file>msp432p4xx_driverlib.lib</file>
         <name>interrupt.o</name>
      </input_file>
      <input_file id="fl-18">
         <path>D:\ti\simplelink_msp432p4_sdk_3_40_01_02\source\ti\devices\msp432p4xx\driverlib\ccs\</path>
         <kind>archive</kind>
         <file>msp432p4xx_driverlib.lib</file>
         <name>pcm.o</name>
      </input_file>
      <input_file id="fl-19">
         <path>D:\ti\simplelink_msp432p4_sdk_3_40_01_02\source\ti\devices\msp432p4xx\driverlib\ccs\</path>
         <kind>archive</kind>
         <file>msp432p4xx_driverlib.lib</file>
         <name>rtc_c.o</name>
      </input_file>
      <input_file id="fl-1a">
         <path>D:\ti\simplelink_msp432p4_sdk_3_40_01_02\source\ti\devices\msp432p4xx\driverlib\ccs\</path>
         <kind>archive</kind>
         <file>msp432p4xx_driverlib.lib</file>
         <name>sysctl.o</name>
      </input_file>
      <input_file id="fl-1b">
         <path>D:\ti\simplelink_msp432p4_sdk_3_40_01_02\source\ti\devices\msp432p4xx\driverlib\ccs\</path>
         <kind>archive</kind>
         <file>msp432p4xx_driverlib.lib</file>
         <name>sysctl_a.o</name>
      </input_file>
      <input_file id="fl-1c">
         <path>D:\ti\simplelink_msp432p4_sdk_3_40_01_02\source\ti\devices\msp432p4xx\driverlib\ccs\</path>
         <kind>archive</kind>
         <file>msp432p4xx_driverlib.lib</file>
         <name>timer_a.o</name>
      </input_file>
      <input_file id="fl-1d">
         <path>D:\ti\simplelink_msp432p4_sdk_3_40_01_02\source\ti\devices\msp432p4xx\driverlib\ccs\</path>
         <kind>archive</kind>
         <file>msp432p4xx_driverlib.lib</file>
         <name>uart.o</name>
      </input_file>
      <input_file id="fl-1e">
         <path>D:\ti\simplelink_msp432p4_sdk_3_40_01_02\source\ti\devices\msp432p4xx\driverlib\ccs\</path>
         <kind>archive</kind>
         <file>msp432p4xx_driverlib.lib</file>
         <name>wdt_a.o</name>
      </input_file>
      <input_file id="fl-1f">
         <path>D:\ti\simplelink_msp432p4_sdk_3_40_01_02\source\ti\devices\msp432p4xx\driverlib\ccs\</path>
         <kind>archive</kind>
         <file>msp432p4xx_driverlib.lib</file>
         <name>cpu.o</name>
      </input_file>
      <input_file id="fl-d5">
         <path>C:\ti\ti-cgt-arm_20.2.4.LTS\lib\</path>
         <kind>archive</kind>
         <file>rtsv7M4_T_le_v4SPD16_eabi.lib</file>
         <name>fd_tou_t2.asm.obj</name>
      </input_file>
      <input_file id="fl-d6">
         <path>C:\ti\ti-cgt-arm_20.2.4.LTS\lib\</path>
         <kind>archive</kind>
         <file>rtsv7M4_T_le_v4SPD16_eabi.lib</file>
         <name>u_tofd_t2.asm.obj</name>
      </input_file>
      <input_file id="fl-d7">
         <path>C:\ti\ti-cgt-arm_20.2.4.LTS\lib\</path>
         <kind>archive</kind>
         <file>rtsv7M4_T_le_v4SPD16_eabi.lib</file>
         <name>copy_zero_init.c.obj</name>
      </input_file>
      <input_file id="fl-d8">
         <path>C:\ti\ti-cgt-arm_20.2.4.LTS\lib\</path>
         <kind>archive</kind>
         <file>rtsv7M4_T_le_v4SPD16_eabi.lib</file>
         <name>copy_decompress_none.c.obj</name>
      </input_file>
      <input_file id="fl-d9">
         <path>C:\ti\ti-cgt-arm_20.2.4.LTS\lib\</path>
         <kind>archive</kind>
         <file>rtsv7M4_T_le_v4SPD16_eabi.lib</file>
         <name>copy_decompress_lzss.c.obj</name>
      </input_file>
      <input_file id="fl-da">
         <path>C:\ti\ti-cgt-arm_20.2.4.LTS\lib\</path>
         <kind>archive</kind>
         <file>rtsv7M4_T_le_v4SPD16_eabi.lib</file>
         <name>strcpy.c.obj</name>
      </input_file>
      <input_file id="fl-db">
         <path>C:\ti\ti-cgt-arm_20.2.4.LTS\lib\</path>
         <kind>archive</kind>
         <file>rtsv7M4_T_le_v4SPD16_eabi.lib</file>
         <name>boot_cortex_m.c.obj</name>
      </input_file>
      <input_file id="fl-dc">
         <path>C:\ti\ti-cgt-arm_20.2.4.LTS\lib\</path>
         <kind>archive</kind>
         <file>rtsv7M4_T_le_v4SPD16_eabi.lib</file>
         <name>memset_t2.asm.obj</name>
      </input_file>
      <input_file id="fl-dd">
         <path>C:\ti\ti-cgt-arm_20.2.4.LTS\lib\</path>
         <kind>archive</kind>
         <file>rtsv7M4_T_le_v4SPD16_eabi.lib</file>
         <name>memcpy_t2.asm.obj</name>
      </input_file>
      <input_file id="fl-de">
         <path>C:\ti\ti-cgt-arm_20.2.4.LTS\lib\</path>
         <kind>archive</kind>
         <file>rtsv7M4_T_le_v4SPD16_eabi.lib</file>
         <name>autoinit.c.obj</name>
      </input_file>
      <input_file id="fl-df">
         <path>C:\ti\ti-cgt-arm_20.2.4.LTS\lib\</path>
         <kind>archive</kind>
         <file>rtsv7M4_T_le_v4SPD16_eabi.lib</file>
         <name>pre_init.c.obj</name>
      </input_file>
      <input_file id="fl-e0">
         <path>C:\ti\ti-cgt-arm_20.2.4.LTS\lib\</path>
         <kind>archive</kind>
         <file>rtsv7M4_T_le_v4SPD16_eabi.lib</file>
         <name>cpy_tbl.c.obj</name>
      </input_file>
      <input_file id="fl-e1">
         <path>C:\ti\ti-cgt-arm_20.2.4.LTS\lib\</path>
         <kind>archive</kind>
         <file>rtsv7M4_T_le_v4SPD16_eabi.lib</file>
         <name>exit.c.obj</name>
      </input_file>
      <input_file id="fl-e2">
         <path>C:\ti\ti-cgt-arm_20.2.4.LTS\lib\</path>
         <kind>archive</kind>
         <file>rtsv7M4_T_le_v4SPD16_eabi.lib</file>
         <name>_lock.c.obj</name>
      </input_file>
      <input_file id="fl-e3">
         <path>C:\ti\ti-cgt-arm_20.2.4.LTS\lib\</path>
         <kind>archive</kind>
         <file>rtsv7M4_T_le_v4SPD16_eabi.lib</file>
         <name>args_main.c.obj</name>
      </input_file>
   </input_file_list>
   <object_component_list>
      <object_component id="oc-26">
         <name>.intvecs:retain</name>
         <load_address>0x0</load_address>
         <run_address>0x0</run_address>
         <size>0xe4</size>
         <input_file_ref idref="fl-9"/>
      </object_component>
      <object_component id="oc-85">
         <name>.text:EUSCIA2_IRQHandler</name>
         <load_address>0xe4</load_address>
         <run_address>0xe4</run_address>
         <size>0x258</size>
         <input_file_ref idref="fl-2"/>
      </object_component>
      <object_component id="oc-155">
         <name>.text:esp8266StartUp</name>
         <load_address>0x33c</load_address>
         <run_address>0x33c</run_address>
         <size>0x208</size>
         <input_file_ref idref="fl-2"/>
      </object_component>
      <object_component id="oc-161">
         <name>.text:ESP8266Terminal</name>
         <load_address>0x544</load_address>
         <run_address>0x544</run_address>
         <size>0x200</size>
         <input_file_ref idref="fl-2"/>
      </object_component>
      <object_component id="oc-314">
         <name>.text:instruction</name>
         <load_address>0x744</load_address>
         <run_address>0x744</run_address>
         <size>0x1a8</size>
         <input_file_ref idref="fl-2"/>
      </object_component>
      <object_component id="oc-26e">
         <name>.text:GET</name>
         <load_address>0x8ec</load_address>
         <run_address>0x8ec</run_address>
         <size>0x17c</size>
         <input_file_ref idref="fl-2"/>
      </object_component>
      <object_component id="oc-db">
         <name>.text:SetBaseSpeed</name>
         <load_address>0xa68</load_address>
         <run_address>0xa68</run_address>
         <size>0x15c</size>
         <input_file_ref idref="fl-4"/>
      </object_component>
      <object_component id="oc-3a5">
         <name>.text:__PCM_setPowerModeAdvanced</name>
         <load_address>0xbc4</load_address>
         <run_address>0xbc4</run_address>
         <size>0x15c</size>
         <input_file_ref idref="fl-18"/>
      </object_component>
      <object_component id="oc-2ed">
         <name>.text:privateTimer_AProcessClockSourceDivider</name>
         <load_address>0xd20</load_address>
         <run_address>0xd20</run_address>
         <size>0x144</size>
         <input_file_ref idref="fl-1c"/>
      </object_component>
      <object_component id="oc-23b">
         <name>.text:UART_initModule</name>
         <load_address>0xe64</load_address>
         <run_address>0xe64</run_address>
         <size>0x11c</size>
         <input_file_ref idref="fl-1d"/>
      </object_component>
      <object_component id="oc-31a">
         <name>.text:sendSuccess</name>
         <load_address>0xf80</load_address>
         <run_address>0xf80</run_address>
         <size>0x11c</size>
         <input_file_ref idref="fl-2"/>
      </object_component>
      <object_component id="oc-27a">
         <name>.text:setDirection</name>
         <load_address>0x109c</load_address>
         <run_address>0x109c</run_address>
         <size>0x110</size>
         <input_file_ref idref="fl-4"/>
      </object_component>
      <object_component id="oc-20b">
         <name>.text:__PCM_setCoreVoltageLevelAdvanced</name>
         <load_address>0x11ac</load_address>
         <run_address>0x11ac</run_address>
         <size>0x108</size>
         <input_file_ref idref="fl-18"/>
      </object_component>
      <object_component id="oc-2e4">
         <name>.text:_CSComputeCLKFrequency</name>
         <load_address>0x12b4</load_address>
         <run_address>0x12b4</run_address>
         <size>0x104</size>
         <input_file_ref idref="fl-14"/>
      </object_component>
      <object_component id="oc-280">
         <name>.text:getHCSR04Distance</name>
         <load_address>0x13b8</load_address>
         <run_address>0x13b8</run_address>
         <size>0xfc</size>
         <input_file_ref idref="fl-3"/>
      </object_component>
      <object_component id="oc-3b8">
         <name>.text:CS_getDCOFrequency</name>
         <load_address>0x14b4</load_address>
         <run_address>0x14b4</run_address>
         <size>0xf8</size>
         <input_file_ref idref="fl-14"/>
      </object_component>
      <object_component id="oc-268">
         <name>.text:POST</name>
         <load_address>0x15ac</load_address>
         <run_address>0x15ac</run_address>
         <size>0xd4</size>
         <input_file_ref idref="fl-2"/>
      </object_component>
      <object_component id="oc-79">
         <name>.text:TA2_0_IRQHandler</name>
         <load_address>0x1680</load_address>
         <run_address>0x1680</run_address>
         <size>0xd4</size>
         <input_file_ref idref="fl-5"/>
      </object_component>
      <object_component id="oc-b7">
         <name>.text:main</name>
         <load_address>0x1754</load_address>
         <run_address>0x1754</run_address>
         <size>0xd4</size>
         <input_file_ref idref="fl-7"/>
      </object_component>
      <object_component id="oc-7f">
         <name>.text:EUSCIA0_IRQHandler</name>
         <load_address>0x1828</load_address>
         <run_address>0x1828</run_address>
         <size>0xcc</size>
         <input_file_ref idref="fl-2"/>
      </object_component>
      <object_component id="oc-13d">
         <name>.text:UARTStartUp</name>
         <load_address>0x18f4</load_address>
         <run_address>0x18f4</run_address>
         <size>0xc8</size>
         <input_file_ref idref="fl-2"/>
      </object_component>
      <object_component id="oc-37">
         <name>.text</name>
         <load_address>0x19bc</load_address>
         <run_address>0x19bc</run_address>
         <size>0x9c</size>
         <input_file_ref idref="fl-dd"/>
      </object_component>
      <object_component id="oc-3ff">
         <name>.text:SysCtl_A_getTLVInfo</name>
         <load_address>0x1a58</load_address>
         <run_address>0x1a58</run_address>
         <size>0x94</size>
         <input_file_ref idref="fl-1b"/>
      </object_component>
      <object_component id="oc-248">
         <name>.text:GPIO_setAsPeripheralModuleFunctionOutputPin</name>
         <load_address>0x1aec</load_address>
         <run_address>0x1aec</run_address>
         <size>0x88</size>
         <input_file_ref idref="fl-16"/>
      </object_component>
      <object_component id="oc-101">
         <name>.text:GPIO_getEnabledInterruptStatus</name>
         <load_address>0x1b74</load_address>
         <run_address>0x1b74</run_address>
         <size>0x84</size>
         <input_file_ref idref="fl-16"/>
      </object_component>
      <object_component id="oc-22b">
         <name>.text:Interrupt_enableInterrupt</name>
         <load_address>0x1bf8</load_address>
         <run_address>0x1bf8</run_address>
         <size>0x80</size>
         <input_file_ref idref="fl-17"/>
      </object_component>
      <object_component id="oc-405">
         <name>.text:_CSGetDOCFrequency</name>
         <load_address>0x1c78</load_address>
         <run_address>0x1c78</run_address>
         <size>0x7c</size>
         <input_file_ref idref="fl-14"/>
      </object_component>
      <object_component id="oc-ab">
         <name>.text</name>
         <load_address>0x1cf4</load_address>
         <run_address>0x1cf4</run_address>
         <size>0x7a</size>
         <input_file_ref idref="fl-dc"/>
      </object_component>
      <object_component id="oc-6d">
         <name>.text:Default_Handler</name>
         <load_address>0x1d6e</load_address>
         <run_address>0x1d6e</run_address>
         <size>0x2</size>
         <input_file_ref idref="fl-9"/>
      </object_component>
      <object_component id="oc-c9">
         <name>.text:SystemInit</name>
         <load_address>0x1d70</load_address>
         <run_address>0x1d70</run_address>
         <size>0x78</size>
         <input_file_ref idref="fl-8"/>
      </object_component>
      <object_component id="oc-2bb">
         <name>.text:Timer_A_generatePWM</name>
         <load_address>0x1de8</load_address>
         <run_address>0x1de8</run_address>
         <size>0x74</size>
         <input_file_ref idref="fl-1c"/>
      </object_component>
      <object_component id="oc-30e">
         <name>.text:setToken</name>
         <load_address>0x1e5c</load_address>
         <run_address>0x1e5c</run_address>
         <size>0x6c</size>
         <input_file_ref idref="fl-2"/>
      </object_component>
      <object_component id="oc-225">
         <name>.text:Timer_A_configureUpMode</name>
         <load_address>0x1ec8</load_address>
         <run_address>0x1ec8</run_address>
         <size>0x68</size>
         <input_file_ref idref="fl-1c"/>
      </object_component>
      <object_component id="oc-17">
         <name>.text:decompress:lzss:__TI_decompress_lzss</name>
         <load_address>0x1f30</load_address>
         <run_address>0x1f30</run_address>
         <size>0x68</size>
         <input_file_ref idref="fl-d9"/>
      </object_component>
      <object_component id="oc-ef">
         <name>.text:UART_getEnabledInterruptStatus</name>
         <load_address>0x1f98</load_address>
         <run_address>0x1f98</run_address>
         <size>0x64</size>
         <input_file_ref idref="fl-1d"/>
      </object_component>
      <object_component id="oc-3ac">
         <name>.text:_CSGetDividerValue</name>
         <load_address>0x1ffc</load_address>
         <run_address>0x1ffc</run_address>
         <size>0x62</size>
         <input_file_ref idref="fl-14"/>
      </object_component>
      <object_component id="oc-2d1">
         <name>.text:PCM_getCoreVoltageLevel</name>
         <load_address>0x205e</load_address>
         <run_address>0x205e</run_address>
         <size>0x5e</size>
         <input_file_ref idref="fl-18"/>
      </object_component>
      <object_component id="oc-2cb">
         <name>.text:PCM_getPowerMode</name>
         <load_address>0x20bc</load_address>
         <run_address>0x20bc</run_address>
         <size>0x5a</size>
         <input_file_ref idref="fl-18"/>
      </object_component>
      <object_component id="oc-21f">
         <name>.text:GPIO_setAsInputPinWithPullDownResistor</name>
         <load_address>0x2118</load_address>
         <run_address>0x2118</run_address>
         <size>0x58</size>
         <input_file_ref idref="fl-16"/>
      </object_component>
      <object_component id="oc-24f">
         <name>.text:GPIO_setAsInputPinWithPullUpResistor</name>
         <load_address>0x2170</load_address>
         <run_address>0x2170</run_address>
         <size>0x58</size>
         <input_file_ref idref="fl-16"/>
      </object_component>
      <object_component id="oc-137">
         <name>.text:HCSR04Setup</name>
         <load_address>0x21c8</load_address>
         <run_address>0x21c8</run_address>
         <size>0x54</size>
         <input_file_ref idref="fl-3"/>
      </object_component>
      <object_component id="oc-1d2">
         <name>.text:SetMotorSpeed</name>
         <load_address>0x221c</load_address>
         <run_address>0x221c</run_address>
         <size>0x54</size>
         <input_file_ref idref="fl-4"/>
      </object_component>
      <object_component id="oc-363">
         <name>.text:Timer_A_getCounterValue</name>
         <load_address>0x2270</load_address>
         <run_address>0x2270</run_address>
         <size>0x4c</size>
         <input_file_ref idref="fl-1c"/>
      </object_component>
      <object_component id="oc-125">
         <name>.text:FlashCtl_setWaitState</name>
         <load_address>0x22bc</load_address>
         <run_address>0x22bc</run_address>
         <size>0x48</size>
         <input_file_ref idref="fl-15"/>
      </object_component>
      <object_component id="oc-174">
         <name>.text:__TI_auto_init_nobinit_nopinit:__TI_auto_init_nobinit_nopinit</name>
         <load_address>0x2304</load_address>
         <run_address>0x2304</run_address>
         <size>0x44</size>
         <input_file_ref idref="fl-de"/>
      </object_component>
      <object_component id="oc-2b6">
         <name>.text</name>
         <load_address>0x2348</load_address>
         <run_address>0x2348</run_address>
         <size>0x44</size>
         <input_file_ref idref="fl-d5"/>
      </object_component>
      <object_component id="oc-149">
         <name>.text:WheelEncoderSetup</name>
         <load_address>0x238c</load_address>
         <run_address>0x238c</run_address>
         <size>0x42</size>
         <input_file_ref idref="fl-5"/>
      </object_component>
      <object_component id="oc-14f">
         <name>.text:GPIO_setAsOutputPin</name>
         <load_address>0x23d0</load_address>
         <run_address>0x23d0</run_address>
         <size>0x40</size>
         <input_file_ref idref="fl-16"/>
      </object_component>
      <object_component id="oc-332">
         <name>.text:SetLeftDirection</name>
         <load_address>0x2410</load_address>
         <run_address>0x2410</run_address>
         <size>0x40</size>
         <input_file_ref idref="fl-4"/>
      </object_component>
      <object_component id="oc-33e">
         <name>.text:SetRightDirection</name>
         <load_address>0x2450</load_address>
         <run_address>0x2450</run_address>
         <size>0x40</size>
         <input_file_ref idref="fl-4"/>
      </object_component>
      <object_component id="oc-344">
         <name>.text:SetForwardDirection</name>
         <load_address>0x2490</load_address>
         <run_address>0x2490</run_address>
         <size>0x3c</size>
         <input_file_ref idref="fl-4"/>
      </object_component>
      <object_component id="oc-350">
         <name>.text:SetReverseDirection</name>
         <load_address>0x24cc</load_address>
         <run_address>0x24cc</run_address>
         <size>0x3c</size>
         <input_file_ref idref="fl-4"/>
      </object_component>
      <object_component id="oc-32c">
         <name>.text:SetTurnLeftDirection</name>
         <load_address>0x2508</load_address>
         <run_address>0x2508</run_address>
         <size>0x3c</size>
         <input_file_ref idref="fl-4"/>
      </object_component>
      <object_component id="oc-338">
         <name>.text:SetTurnRightDirection</name>
         <load_address>0x2544</load_address>
         <run_address>0x2544</run_address>
         <size>0x3c</size>
         <input_file_ref idref="fl-4"/>
      </object_component>
      <object_component id="oc-143">
         <name>.text:MotorSetup</name>
         <load_address>0x2580</load_address>
         <run_address>0x2580</run_address>
         <size>0x38</size>
         <input_file_ref idref="fl-4"/>
      </object_component>
      <object_component id="oc-8b">
         <name>.text:PORT5_IRQHandler</name>
         <load_address>0x25b8</load_address>
         <run_address>0x25b8</run_address>
         <size>0x38</size>
         <input_file_ref idref="fl-5"/>
      </object_component>
      <object_component id="oc-356">
         <name>.text:SetStop</name>
         <load_address>0x25f0</load_address>
         <run_address>0x25f0</run_address>
         <size>0x38</size>
         <input_file_ref idref="fl-4"/>
      </object_component>
      <object_component id="oc-25d">
         <name>.text:UART_Write</name>
         <load_address>0x2628</load_address>
         <run_address>0x2628</run_address>
         <size>0x38</size>
         <input_file_ref idref="fl-2"/>
      </object_component>
      <object_component id="oc-131">
         <name>.text:CS_setDCOCenteredFrequency</name>
         <load_address>0x2660</load_address>
         <run_address>0x2660</run_address>
         <size>0x34</size>
         <input_file_ref idref="fl-14"/>
      </object_component>
      <object_component id="oc-15b">
         <name>.text:Initalise_encoderTimer</name>
         <load_address>0x2694</load_address>
         <run_address>0x2694</run_address>
         <size>0x34</size>
         <input_file_ref idref="fl-5"/>
      </object_component>
      <object_component id="oc-305">
         <name>.text:UART_transmitData</name>
         <load_address>0x26c8</load_address>
         <run_address>0x26c8</run_address>
         <size>0x34</size>
         <input_file_ref idref="fl-1d"/>
      </object_component>
      <object_component id="oc-55">
         <name>.text:_c_int00_noargs:_c_int00_noargs</name>
         <load_address>0x26fc</load_address>
         <run_address>0x26fc</run_address>
         <size>0x34</size>
         <input_file_ref idref="fl-db"/>
      </object_component>
      <object_component id="oc-3b2">
         <name>.text:CS_clearInterruptFlag</name>
         <load_address>0x2730</load_address>
         <run_address>0x2730</run_address>
         <size>0x30</size>
         <input_file_ref idref="fl-14"/>
      </object_component>
      <object_component id="oc-274">
         <name>.text:GPIO_getInputPinValue</name>
         <load_address>0x2760</load_address>
         <run_address>0x2760</run_address>
         <size>0x30</size>
         <input_file_ref idref="fl-16"/>
      </object_component>
      <object_component id="oc-d1">
         <name>.text:Timer_A_clearCaptureCompareInterrupt</name>
         <load_address>0x2790</load_address>
         <run_address>0x2790</run_address>
         <size>0x2c</size>
         <input_file_ref idref="fl-1c"/>
      </object_component>
      <object_component id="oc-213">
         <name>.text:CS_getSMCLK</name>
         <load_address>0x27bc</load_address>
         <run_address>0x27bc</run_address>
         <size>0x28</size>
         <input_file_ref idref="fl-14"/>
      </object_component>
      <object_component id="oc-107">
         <name>.text:GPIO_clearInterruptFlag</name>
         <load_address>0x27e4</load_address>
         <run_address>0x27e4</run_address>
         <size>0x28</size>
         <input_file_ref idref="fl-16"/>
      </object_component>
      <object_component id="oc-255">
         <name>.text:GPIO_enableInterrupt</name>
         <load_address>0x280c</load_address>
         <run_address>0x280c</run_address>
         <size>0x28</size>
         <input_file_ref idref="fl-16"/>
      </object_component>
      <object_component id="oc-286">
         <name>.text:GPIO_setOutputHighOnPin</name>
         <load_address>0x2834</load_address>
         <run_address>0x2834</run_address>
         <size>0x28</size>
         <input_file_ref idref="fl-16"/>
      </object_component>
      <object_component id="oc-219">
         <name>.text:GPIO_setOutputLowOnPin</name>
         <load_address>0x285c</load_address>
         <run_address>0x285c</run_address>
         <size>0x28</size>
         <input_file_ref idref="fl-16"/>
      </object_component>
      <object_component id="oc-1ff">
         <name>.text:GPIO_getInterruptStatus</name>
         <load_address>0x2884</load_address>
         <run_address>0x2884</run_address>
         <size>0x24</size>
         <input_file_ref idref="fl-16"/>
      </object_component>
      <object_component id="oc-1cd">
         <name>.text</name>
         <load_address>0x28a8</load_address>
         <run_address>0x28a8</run_address>
         <size>0x20</size>
         <input_file_ref idref="fl-d6"/>
      </object_component>
      <object_component id="oc-73">
         <name>.text:TA1_0_IRQHandler</name>
         <load_address>0x28c8</load_address>
         <run_address>0x28c8</run_address>
         <size>0x1c</size>
         <input_file_ref idref="fl-3"/>
      </object_component>
      <object_component id="oc-231">
         <name>.text:Timer_A_clearTimer</name>
         <load_address>0x28e4</load_address>
         <run_address>0x28e4</run_address>
         <size>0x18</size>
         <input_file_ref idref="fl-1c"/>
      </object_component>
      <object_component id="oc-1e7">
         <name>.text:UART_getInterruptStatus</name>
         <load_address>0x28fc</load_address>
         <run_address>0x28fc</run_address>
         <size>0x18</size>
         <input_file_ref idref="fl-1d"/>
      </object_component>
      <object_component id="oc-34a">
         <name>.text:Timer_A_startCounter</name>
         <load_address>0x2914</load_address>
         <run_address>0x2914</run_address>
         <size>0x16</size>
         <input_file_ref idref="fl-1c"/>
      </object_component>
      <object_component id="oc-2d7">
         <name>.text:PCM_getPowerState</name>
         <load_address>0x292c</load_address>
         <run_address>0x292c</run_address>
         <size>0x14</size>
         <input_file_ref idref="fl-18"/>
      </object_component>
      <object_component id="oc-35d">
         <name>.text:Timer_A_stopTimer</name>
         <load_address>0x2940</load_address>
         <run_address>0x2940</run_address>
         <size>0x14</size>
         <input_file_ref idref="fl-1c"/>
      </object_component>
      <object_component id="oc-321">
         <name>.text:strcpy</name>
         <load_address>0x2954</load_address>
         <run_address>0x2954</run_address>
         <size>0x14</size>
         <input_file_ref idref="fl-da"/>
      </object_component>
      <object_component id="oc-12b">
         <name>.text:PCM_setCoreVoltageLevel</name>
         <load_address>0x2968</load_address>
         <run_address>0x2968</run_address>
         <size>0x10</size>
         <input_file_ref idref="fl-18"/>
      </object_component>
      <object_component id="oc-2dd">
         <name>.text:PCM_setPowerMode</name>
         <load_address>0x2978</load_address>
         <run_address>0x2978</run_address>
         <size>0x10</size>
         <input_file_ref idref="fl-18"/>
      </object_component>
      <object_component id="oc-1d">
         <name>.text:decompress:none:__TI_decompress_none</name>
         <load_address>0x2988</load_address>
         <run_address>0x2988</run_address>
         <size>0xe</size>
         <input_file_ref idref="fl-d8"/>
      </object_component>
      <object_component id="oc-67">
         <name>.text:Reset_Handler</name>
         <load_address>0x2996</load_address>
         <run_address>0x2996</run_address>
         <size>0xc</size>
         <input_file_ref idref="fl-9"/>
      </object_component>
      <object_component id="oc-49">
         <name>.text:decompress:ZI:__TI_zero_init</name>
         <load_address>0x29a2</load_address>
         <run_address>0x29a2</run_address>
         <size>0xc</size>
         <input_file_ref idref="fl-d7"/>
      </object_component>
      <object_component id="oc-b1">
         <name>.text:_system_pre_init</name>
         <load_address>0x29ae</load_address>
         <run_address>0x29ae</run_address>
         <size>0x4</size>
         <input_file_ref idref="fl-df"/>
      </object_component>
      <object_component id="oc-168">
         <name>.text:abort:abort</name>
         <load_address>0x29b2</load_address>
         <run_address>0x29b2</run_address>
         <size>0x4</size>
         <input_file_ref idref="fl-e1"/>
      </object_component>
      <object_component id="oc-205">
         <name>.const:GPIO_PORT_TO_BASE</name>
         <load_address>0x29b8</load_address>
         <run_address>0x29b8</run_address>
         <size>0x30</size>
         <input_file_ref idref="fl-16"/>
      </object_component>
      <object_component id="oc-241">
         <name>.const:$P$T0$1</name>
         <load_address>0x29e8</load_address>
         <run_address>0x29e8</run_address>
         <size>0x28</size>
         <input_file_ref idref="fl-2"/>
      </object_component>
      <object_component id="oc-244">
         <name>.const:$P$T1$2</name>
         <load_address>0x2a10</load_address>
         <run_address>0x2a10</run_address>
         <size>0x28</size>
         <input_file_ref idref="fl-2"/>
      </object_component>
      <object_component id="oc-237">
         <name>.const:$P$T0$1</name>
         <load_address>0x2a38</load_address>
         <run_address>0x2a38</run_address>
         <size>0x18</size>
         <input_file_ref idref="fl-3"/>
      </object_component>
      <object_component id="oc-264">
         <name>.const:$P$T0$1</name>
         <load_address>0x2a50</load_address>
         <run_address>0x2a50</run_address>
         <size>0x18</size>
         <input_file_ref idref="fl-5"/>
      </object_component>
      <object_component id="oc-2f5">
         <name>.const:g_pulEnRegs</name>
         <load_address>0x2a68</load_address>
         <run_address>0x2a68</run_address>
         <size>0x8</size>
         <input_file_ref idref="fl-17"/>
      </object_component>
      <object_component id="oc-448">
         <name>.cinit..data.load</name>
         <load_address>0x2a70</load_address>
         <run_address>0x2a70</run_address>
         <size>0x32</size>
      </object_component>
      <object_component id="oc-446">
         <name>__TI_handler_table</name>
         <load_address>0x2aa4</load_address>
         <run_address>0x2aa4</run_address>
         <size>0xc</size>
      </object_component>
      <object_component id="oc-449">
         <name>.cinit..bss.load</name>
         <load_address>0x2ab0</load_address>
         <run_address>0x2ab0</run_address>
         <size>0x8</size>
      </object_component>
      <object_component id="oc-447">
         <name>__TI_cinit_table</name>
         <load_address>0x2ab8</load_address>
         <run_address>0x2ab8</run_address>
         <size>0x10</size>
      </object_component>
      <object_component id="oc-41a">
         <name>.binit</name>
         <load_address>0x0</load_address>
         <run_address>0x0</run_address>
         <size>0x0</size>
      </object_component>
      <object_component id="oc-327">
         <name>.data:Token</name>
         <load_address>0x20002010</load_address>
         <run_address>0x20002010</run_address>
         <size>0x32</size>
         <input_file_ref idref="fl-2"/>
      </object_component>
      <object_component id="oc-eb">
         <name>.data</name>
         <load_address>0x20002044</load_address>
         <run_address>0x20002044</run_address>
         <size>0x2a</size>
         <input_file_ref idref="fl-2"/>
      </object_component>
      <object_component id="oc-28c">
         <name>.data:data</name>
         <load_address>0x20001810</load_address>
         <run_address>0x20001810</run_address>
         <size>0x800</size>
         <input_file_ref idref="fl-2"/>
      </object_component>
      <object_component id="oc-e8">
         <name>.data</name>
         <load_address>0x200020a0</load_address>
         <run_address>0x200020a0</run_address>
         <size>0x6</size>
         <input_file_ref idref="fl-4"/>
      </object_component>
      <object_component id="oc-1d8">
         <name>.data:pwmConfig</name>
         <load_address>0x20002088</load_address>
         <run_address>0x20002088</run_address>
         <size>0x18</size>
         <input_file_ref idref="fl-4"/>
      </object_component>
      <object_component id="oc-1db">
         <name>.data:pwmConfig2</name>
         <load_address>0x20002070</load_address>
         <run_address>0x20002070</run_address>
         <size>0x18</size>
         <input_file_ref idref="fl-4"/>
      </object_component>
      <object_component id="oc-e1">
         <name>.data</name>
         <load_address>0x200020a6</load_address>
         <run_address>0x200020a6</run_address>
         <size>0x4</size>
         <input_file_ref idref="fl-5"/>
      </object_component>
      <object_component id="oc-3be">
         <name>.bss</name>
         <uninitialized>true</uninitialized>
         <run_address>0x20001800</run_address>
         <size>0x8</size>
         <input_file_ref idref="fl-14"/>
      </object_component>
      <object_component id="oc-fe">
         <name>.common:UARTA2Data</name>
         <uninitialized>true</uninitialized>
         <run_address>0x20001000</run_address>
         <size>0x800</size>
      </object_component>
      <object_component id="oc-ff">
         <name>.common:ESP8266Data</name>
         <uninitialized>true</uninitialized>
         <run_address>0x20000000</run_address>
         <size>0x800</size>
      </object_component>
      <object_component id="oc-f5">
         <name>.common:UARTA0Data</name>
         <uninitialized>true</uninitialized>
         <run_address>0x20000800</run_address>
         <size>0x800</size>
      </object_component>
      <object_component id="oc-d7">
         <name>.common:SR04IntTimes</name>
         <uninitialized>true</uninitialized>
         <run_address>0x20001808</run_address>
         <size>0x4</size>
      </object_component>
      <object_component id="oc-e4">
         <name>.common:notchesdetected</name>
         <uninitialized>true</uninitialized>
         <run_address>0x2000180c</run_address>
         <size>0x2</size>
      </object_component>
      <object_component id="oc-e7">
         <name>.common:notchesdetected2</name>
         <uninitialized>true</uninitialized>
         <run_address>0x2000180e</run_address>
         <size>0x2</size>
      </object_component>
      <object_component id="oc-29">
         <name>.stack</name>
         <uninitialized>true</uninitialized>
         <run_address>0x2000fe00</run_address>
         <size>0x4</size>
         <input_file_ref idref="fl-db"/>
      </object_component>
      <object_component id="oc-44b">
         <name>.stack</name>
         <uninitialized>true</uninitialized>
         <run_address>0x2000fe00</run_address>
         <size>0x0</size>
      </object_component>
      <object_component id="oc-f6">
         <name>.debug_info</name>
         <load_address>0x0</load_address>
         <run_address>0x0</run_address>
         <size>0x984</size>
         <input_file_ref idref="fl-2"/>
      </object_component>
      <object_component id="oc-328">
         <name>.debug_info</name>
         <load_address>0x984</load_address>
         <run_address>0x984</run_address>
         <size>0xb5</size>
         <input_file_ref idref="fl-2"/>
      </object_component>
      <object_component id="oc-ec">
         <name>.debug_info</name>
         <load_address>0xa39</load_address>
         <run_address>0xa39</run_address>
         <size>0x2fc</size>
         <input_file_ref idref="fl-2"/>
      </object_component>
      <object_component id="oc-28d">
         <name>.debug_info</name>
         <load_address>0xd35</load_address>
         <run_address>0xd35</run_address>
         <size>0xb3</size>
         <input_file_ref idref="fl-2"/>
      </object_component>
      <object_component id="oc-242">
         <name>.debug_info</name>
         <load_address>0xde8</load_address>
         <run_address>0xde8</run_address>
         <size>0xb8</size>
         <input_file_ref idref="fl-2"/>
      </object_component>
      <object_component id="oc-245">
         <name>.debug_info</name>
         <load_address>0xea0</load_address>
         <run_address>0xea0</run_address>
         <size>0xb8</size>
         <input_file_ref idref="fl-2"/>
      </object_component>
      <object_component id="oc-13e">
         <name>.debug_info</name>
         <load_address>0xf58</load_address>
         <run_address>0xf58</run_address>
         <size>0x19f</size>
         <input_file_ref idref="fl-2"/>
      </object_component>
      <object_component id="oc-156">
         <name>.debug_info</name>
         <load_address>0x10f7</load_address>
         <run_address>0x10f7</run_address>
         <size>0x166</size>
         <input_file_ref idref="fl-2"/>
      </object_component>
      <object_component id="oc-163">
         <name>.debug_info</name>
         <load_address>0x125d</load_address>
         <run_address>0x125d</run_address>
         <size>0x228</size>
         <input_file_ref idref="fl-2"/>
      </object_component>
      <object_component id="oc-269">
         <name>.debug_info</name>
         <load_address>0x1485</load_address>
         <run_address>0x1485</run_address>
         <size>0x13c</size>
         <input_file_ref idref="fl-2"/>
      </object_component>
      <object_component id="oc-26f">
         <name>.debug_info</name>
         <load_address>0x15c1</load_address>
         <run_address>0x15c1</run_address>
         <size>0x1b1</size>
         <input_file_ref idref="fl-2"/>
      </object_component>
      <object_component id="oc-30f">
         <name>.debug_info</name>
         <load_address>0x1772</load_address>
         <run_address>0x1772</run_address>
         <size>0xf5</size>
         <input_file_ref idref="fl-2"/>
      </object_component>
      <object_component id="oc-315">
         <name>.debug_info</name>
         <load_address>0x1867</load_address>
         <run_address>0x1867</run_address>
         <size>0x140</size>
         <input_file_ref idref="fl-2"/>
      </object_component>
      <object_component id="oc-31b">
         <name>.debug_info</name>
         <load_address>0x19a7</load_address>
         <run_address>0x19a7</run_address>
         <size>0x17e</size>
         <input_file_ref idref="fl-2"/>
      </object_component>
      <object_component id="oc-25e">
         <name>.debug_info</name>
         <load_address>0x1b25</load_address>
         <run_address>0x1b25</run_address>
         <size>0x143</size>
         <input_file_ref idref="fl-2"/>
      </object_component>
      <object_component id="oc-81">
         <name>.debug_info</name>
         <load_address>0x1c68</load_address>
         <run_address>0x1c68</run_address>
         <size>0x176</size>
         <input_file_ref idref="fl-2"/>
      </object_component>
      <object_component id="oc-86">
         <name>.debug_info</name>
         <load_address>0x1dde</load_address>
         <run_address>0x1dde</run_address>
         <size>0x184</size>
         <input_file_ref idref="fl-2"/>
      </object_component>
      <object_component id="oc-110">
         <name>.debug_info</name>
         <load_address>0x1f62</load_address>
         <run_address>0x1f62</run_address>
         <size>0x26b</size>
         <input_file_ref idref="fl-2"/>
      </object_component>
      <object_component id="oc-1b9">
         <name>.debug_info</name>
         <load_address>0x21cd</load_address>
         <run_address>0x21cd</run_address>
         <size>0x1028</size>
         <input_file_ref idref="fl-2"/>
      </object_component>
      <object_component id="oc-1f0">
         <name>.debug_info</name>
         <load_address>0x31f5</load_address>
         <run_address>0x31f5</run_address>
         <size>0x37e2</size>
         <input_file_ref idref="fl-2"/>
      </object_component>
      <object_component id="oc-1be">
         <name>.debug_info</name>
         <load_address>0x69d7</load_address>
         <run_address>0x69d7</run_address>
         <size>0x341</size>
         <input_file_ref idref="fl-2"/>
      </object_component>
      <object_component id="oc-1c3">
         <name>.debug_info</name>
         <load_address>0x6d18</load_address>
         <run_address>0x6d18</run_address>
         <size>0x8b</size>
         <input_file_ref idref="fl-2"/>
      </object_component>
      <object_component id="oc-1fa">
         <name>.debug_info</name>
         <load_address>0x6da3</load_address>
         <run_address>0x6da3</run_address>
         <size>0x2a4</size>
         <input_file_ref idref="fl-2"/>
      </object_component>
      <object_component id="oc-1c8">
         <name>.debug_info</name>
         <load_address>0x7047</load_address>
         <run_address>0x7047</run_address>
         <size>0xef</size>
         <input_file_ref idref="fl-2"/>
      </object_component>
      <object_component id="oc-f9">
         <name>.debug_info</name>
         <load_address>0x7136</load_address>
         <run_address>0x7136</run_address>
         <size>0xbb</size>
         <input_file_ref idref="fl-2"/>
      </object_component>
      <object_component id="oc-1f5">
         <name>.debug_info</name>
         <load_address>0x71f1</load_address>
         <run_address>0x71f1</run_address>
         <size>0x102</size>
         <input_file_ref idref="fl-2"/>
      </object_component>
      <object_component id="oc-d8">
         <name>.debug_info</name>
         <load_address>0x72f3</load_address>
         <run_address>0x72f3</run_address>
         <size>0x8ea</size>
         <input_file_ref idref="fl-3"/>
      </object_component>
      <object_component id="oc-238">
         <name>.debug_info</name>
         <load_address>0x7bdd</load_address>
         <run_address>0x7bdd</run_address>
         <size>0xb2</size>
         <input_file_ref idref="fl-3"/>
      </object_component>
      <object_component id="oc-138">
         <name>.debug_info</name>
         <load_address>0x7c8f</load_address>
         <run_address>0x7c8f</run_address>
         <size>0x1dc</size>
         <input_file_ref idref="fl-3"/>
      </object_component>
      <object_component id="oc-281">
         <name>.debug_info</name>
         <load_address>0x7e6b</load_address>
         <run_address>0x7e6b</run_address>
         <size>0x24d</size>
         <input_file_ref idref="fl-3"/>
      </object_component>
      <object_component id="oc-74">
         <name>.debug_info</name>
         <load_address>0x80b8</load_address>
         <run_address>0x80b8</run_address>
         <size>0x11e</size>
         <input_file_ref idref="fl-3"/>
      </object_component>
      <object_component id="oc-1b4">
         <name>.debug_info</name>
         <load_address>0x81d6</load_address>
         <run_address>0x81d6</run_address>
         <size>0x37e2</size>
         <input_file_ref idref="fl-3"/>
      </object_component>
      <object_component id="oc-e9">
         <name>.debug_info</name>
         <load_address>0xb9b8</load_address>
         <run_address>0xb9b8</run_address>
         <size>0x134</size>
         <input_file_ref idref="fl-4"/>
      </object_component>
      <object_component id="oc-1d9">
         <name>.debug_info</name>
         <load_address>0xbaec</load_address>
         <run_address>0xbaec</run_address>
         <size>0xbd</size>
         <input_file_ref idref="fl-4"/>
      </object_component>
      <object_component id="oc-1dc">
         <name>.debug_info</name>
         <load_address>0xbba9</load_address>
         <run_address>0xbba9</run_address>
         <size>0xbf</size>
         <input_file_ref idref="fl-4"/>
      </object_component>
      <object_component id="oc-146">
         <name>.debug_info</name>
         <load_address>0xbc68</load_address>
         <run_address>0xbc68</run_address>
         <size>0x1c5</size>
         <input_file_ref idref="fl-4"/>
      </object_component>
      <object_component id="oc-341">
         <name>.debug_info</name>
         <load_address>0xbe2d</load_address>
         <run_address>0xbe2d</run_address>
         <size>0x17d</size>
         <input_file_ref idref="fl-4"/>
      </object_component>
      <object_component id="oc-33b">
         <name>.debug_info</name>
         <load_address>0xbfaa</load_address>
         <run_address>0xbfaa</run_address>
         <size>0x185</size>
         <input_file_ref idref="fl-4"/>
      </object_component>
      <object_component id="oc-335">
         <name>.debug_info</name>
         <load_address>0xc12f</load_address>
         <run_address>0xc12f</run_address>
         <size>0x17b</size>
         <input_file_ref idref="fl-4"/>
      </object_component>
      <object_component id="oc-32f">
         <name>.debug_info</name>
         <load_address>0xc2aa</load_address>
         <run_address>0xc2aa</run_address>
         <size>0x183</size>
         <input_file_ref idref="fl-4"/>
      </object_component>
      <object_component id="oc-347">
         <name>.debug_info</name>
         <load_address>0xc42d</load_address>
         <run_address>0xc42d</run_address>
         <size>0x181</size>
         <input_file_ref idref="fl-4"/>
      </object_component>
      <object_component id="oc-359">
         <name>.debug_info</name>
         <load_address>0xc5ae</load_address>
         <run_address>0xc5ae</run_address>
         <size>0x169</size>
         <input_file_ref idref="fl-4"/>
      </object_component>
      <object_component id="oc-353">
         <name>.debug_info</name>
         <load_address>0xc717</load_address>
         <run_address>0xc717</run_address>
         <size>0x181</size>
         <input_file_ref idref="fl-4"/>
      </object_component>
      <object_component id="oc-27d">
         <name>.debug_info</name>
         <load_address>0xc898</load_address>
         <run_address>0xc898</run_address>
         <size>0x2e3</size>
         <input_file_ref idref="fl-4"/>
      </object_component>
      <object_component id="oc-1d5">
         <name>.debug_info</name>
         <load_address>0xcb7b</load_address>
         <run_address>0xcb7b</run_address>
         <size>0x1b3</size>
         <input_file_ref idref="fl-4"/>
      </object_component>
      <object_component id="oc-de">
         <name>.debug_info</name>
         <load_address>0xcd2e</load_address>
         <run_address>0xcd2e</run_address>
         <size>0x224</size>
         <input_file_ref idref="fl-4"/>
      </object_component>
      <object_component id="oc-e5">
         <name>.debug_info</name>
         <load_address>0xcf52</load_address>
         <run_address>0xcf52</run_address>
         <size>0x880</size>
         <input_file_ref idref="fl-5"/>
      </object_component>
      <object_component id="oc-e2">
         <name>.debug_info</name>
         <load_address>0xd7d2</load_address>
         <run_address>0xd7d2</run_address>
         <size>0xfc</size>
         <input_file_ref idref="fl-5"/>
      </object_component>
      <object_component id="oc-265">
         <name>.debug_info</name>
         <load_address>0xd8ce</load_address>
         <run_address>0xd8ce</run_address>
         <size>0xaf</size>
         <input_file_ref idref="fl-5"/>
      </object_component>
      <object_component id="oc-15e">
         <name>.debug_info</name>
         <load_address>0xd97d</load_address>
         <run_address>0xd97d</run_address>
         <size>0x17a</size>
         <input_file_ref idref="fl-5"/>
      </object_component>
      <object_component id="oc-14c">
         <name>.debug_info</name>
         <load_address>0xdaf7</load_address>
         <run_address>0xdaf7</run_address>
         <size>0x1ee</size>
         <input_file_ref idref="fl-5"/>
      </object_component>
      <object_component id="oc-7c">
         <name>.debug_info</name>
         <load_address>0xdce5</load_address>
         <run_address>0xdce5</run_address>
         <size>0x13b</size>
         <input_file_ref idref="fl-5"/>
      </object_component>
      <object_component id="oc-8e">
         <name>.debug_info</name>
         <load_address>0xde20</load_address>
         <run_address>0xde20</run_address>
         <size>0x143</size>
         <input_file_ref idref="fl-5"/>
      </object_component>
      <object_component id="oc-b8">
         <name>.debug_info</name>
         <load_address>0xdf63</load_address>
         <run_address>0xdf63</run_address>
         <size>0x23b</size>
         <input_file_ref idref="fl-7"/>
      </object_component>
      <object_component id="oc-cd">
         <name>.debug_info</name>
         <load_address>0xe19e</load_address>
         <run_address>0xe19e</run_address>
         <size>0x10e</size>
         <input_file_ref idref="fl-8"/>
      </object_component>
      <object_component id="oc-32">
         <name>.debug_info</name>
         <load_address>0xe2ac</load_address>
         <run_address>0xe2ac</run_address>
         <size>0x84</size>
         <input_file_ref idref="fl-8"/>
      </object_component>
      <object_component id="oc-93">
         <name>.debug_info</name>
         <load_address>0xe330</load_address>
         <run_address>0xe330</run_address>
         <size>0x2ae</size>
         <input_file_ref idref="fl-9"/>
      </object_component>
      <object_component id="oc-27">
         <name>.debug_info</name>
         <load_address>0xe5de</load_address>
         <run_address>0xe5de</run_address>
         <size>0xda</size>
         <input_file_ref idref="fl-9"/>
      </object_component>
      <object_component id="oc-68">
         <name>.debug_info</name>
         <load_address>0xe6b8</load_address>
         <run_address>0xe6b8</run_address>
         <size>0x13d</size>
         <input_file_ref idref="fl-9"/>
      </object_component>
      <object_component id="oc-6e">
         <name>.debug_info</name>
         <load_address>0xe7f5</load_address>
         <run_address>0xe7f5</run_address>
         <size>0x125</size>
         <input_file_ref idref="fl-9"/>
      </object_component>
      <object_component id="oc-38e">
         <name>.debug_info</name>
         <load_address>0xe91a</load_address>
         <run_address>0xe91a</run_address>
         <size>0x807</size>
         <input_file_ref idref="fl-14"/>
      </object_component>
      <object_component id="oc-3bf">
         <name>.debug_info</name>
         <load_address>0xf121</load_address>
         <run_address>0xf121</run_address>
         <size>0x140</size>
         <input_file_ref idref="fl-14"/>
      </object_component>
      <object_component id="oc-3ad">
         <name>.debug_info</name>
         <load_address>0xf261</load_address>
         <run_address>0xf261</run_address>
         <size>0x1d9</size>
         <input_file_ref idref="fl-14"/>
      </object_component>
      <object_component id="oc-2e5">
         <name>.debug_info</name>
         <load_address>0xf43a</load_address>
         <run_address>0xf43a</run_address>
         <size>0x2a8</size>
         <input_file_ref idref="fl-14"/>
      </object_component>
      <object_component id="oc-406">
         <name>.debug_info</name>
         <load_address>0xf6e2</load_address>
         <run_address>0xf6e2</run_address>
         <size>0x1be</size>
         <input_file_ref idref="fl-14"/>
      </object_component>
      <object_component id="oc-132">
         <name>.debug_info</name>
         <load_address>0xf8a0</load_address>
         <run_address>0xf8a0</run_address>
         <size>0x1e5</size>
         <input_file_ref idref="fl-14"/>
      </object_component>
      <object_component id="oc-3b9">
         <name>.debug_info</name>
         <load_address>0xfa85</load_address>
         <run_address>0xfa85</run_address>
         <size>0x28f</size>
         <input_file_ref idref="fl-14"/>
      </object_component>
      <object_component id="oc-214">
         <name>.debug_info</name>
         <load_address>0xfd14</load_address>
         <run_address>0xfd14</run_address>
         <size>0x1eb</size>
         <input_file_ref idref="fl-14"/>
      </object_component>
      <object_component id="oc-3b4">
         <name>.debug_info</name>
         <load_address>0xfeff</load_address>
         <run_address>0xfeff</run_address>
         <size>0x1d3</size>
         <input_file_ref idref="fl-14"/>
      </object_component>
      <object_component id="oc-393">
         <name>.debug_info</name>
         <load_address>0x100d2</load_address>
         <run_address>0x100d2</run_address>
         <size>0x431a</size>
         <input_file_ref idref="fl-14"/>
      </object_component>
      <object_component id="oc-3f7">
         <name>.debug_info</name>
         <load_address>0x143ec</load_address>
         <run_address>0x143ec</run_address>
         <size>0x1b5</size>
         <input_file_ref idref="fl-14"/>
      </object_component>
      <object_component id="oc-39d">
         <name>.debug_info</name>
         <load_address>0x145a1</load_address>
         <run_address>0x145a1</run_address>
         <size>0x26b</size>
         <input_file_ref idref="fl-14"/>
      </object_component>
      <object_component id="oc-398">
         <name>.debug_info</name>
         <load_address>0x1480c</load_address>
         <run_address>0x1480c</run_address>
         <size>0x1028</size>
         <input_file_ref idref="fl-14"/>
      </object_component>
      <object_component id="oc-2b0">
         <name>.debug_info</name>
         <load_address>0x15834</load_address>
         <run_address>0x15834</run_address>
         <size>0x297</size>
         <input_file_ref idref="fl-14"/>
      </object_component>
      <object_component id="oc-1ad">
         <name>.debug_info</name>
         <load_address>0x15acb</load_address>
         <run_address>0x15acb</run_address>
         <size>0xef</size>
         <input_file_ref idref="fl-14"/>
      </object_component>
      <object_component id="oc-1a8">
         <name>.debug_info</name>
         <load_address>0x15bba</load_address>
         <run_address>0x15bba</run_address>
         <size>0xbb</size>
         <input_file_ref idref="fl-14"/>
      </object_component>
      <object_component id="oc-128">
         <name>.debug_info</name>
         <load_address>0x15c75</load_address>
         <run_address>0x15c75</run_address>
         <size>0x224</size>
         <input_file_ref idref="fl-15"/>
      </object_component>
      <object_component id="oc-2ca">
         <name>.debug_info</name>
         <load_address>0x15e99</load_address>
         <run_address>0x15e99</run_address>
         <size>0x701</size>
         <input_file_ref idref="fl-16"/>
      </object_component>
      <object_component id="oc-206">
         <name>.debug_info</name>
         <load_address>0x1659a</load_address>
         <run_address>0x1659a</run_address>
         <size>0x135</size>
         <input_file_ref idref="fl-16"/>
      </object_component>
      <object_component id="oc-153">
         <name>.debug_info</name>
         <load_address>0x166cf</load_address>
         <run_address>0x166cf</run_address>
         <size>0x252</size>
         <input_file_ref idref="fl-16"/>
      </object_component>
      <object_component id="oc-24c">
         <name>.debug_info</name>
         <load_address>0x16921</load_address>
         <run_address>0x16921</run_address>
         <size>0x2a5</size>
         <input_file_ref idref="fl-16"/>
      </object_component>
      <object_component id="oc-28a">
         <name>.debug_info</name>
         <load_address>0x16bc6</load_address>
         <run_address>0x16bc6</run_address>
         <size>0x25a</size>
         <input_file_ref idref="fl-16"/>
      </object_component>
      <object_component id="oc-21d">
         <name>.debug_info</name>
         <load_address>0x16e20</load_address>
         <run_address>0x16e20</run_address>
         <size>0x258</size>
         <input_file_ref idref="fl-16"/>
      </object_component>
      <object_component id="oc-223">
         <name>.debug_info</name>
         <load_address>0x17078</load_address>
         <run_address>0x17078</run_address>
         <size>0x278</size>
         <input_file_ref idref="fl-16"/>
      </object_component>
      <object_component id="oc-253">
         <name>.debug_info</name>
         <load_address>0x172f0</load_address>
         <run_address>0x172f0</run_address>
         <size>0x274</size>
         <input_file_ref idref="fl-16"/>
      </object_component>
      <object_component id="oc-278">
         <name>.debug_info</name>
         <load_address>0x17564</load_address>
         <run_address>0x17564</run_address>
         <size>0x27e</size>
         <input_file_ref idref="fl-16"/>
      </object_component>
      <object_component id="oc-259">
         <name>.debug_info</name>
         <load_address>0x177e2</load_address>
         <run_address>0x177e2</run_address>
         <size>0x254</size>
         <input_file_ref idref="fl-16"/>
      </object_component>
      <object_component id="oc-202">
         <name>.debug_info</name>
         <load_address>0x17a36</load_address>
         <run_address>0x17a36</run_address>
         <size>0x25e</size>
         <input_file_ref idref="fl-16"/>
      </object_component>
      <object_component id="oc-10a">
         <name>.debug_info</name>
         <load_address>0x17c94</load_address>
         <run_address>0x17c94</run_address>
         <size>0x25a</size>
         <input_file_ref idref="fl-16"/>
      </object_component>
      <object_component id="oc-104">
         <name>.debug_info</name>
         <load_address>0x17eee</load_address>
         <run_address>0x17eee</run_address>
         <size>0x264</size>
         <input_file_ref idref="fl-16"/>
      </object_component>
      <object_component id="oc-3cc">
         <name>.debug_info</name>
         <load_address>0x18152</load_address>
         <run_address>0x18152</run_address>
         <size>0x68f</size>
         <input_file_ref idref="fl-17"/>
      </object_component>
      <object_component id="oc-2f6">
         <name>.debug_info</name>
         <load_address>0x187e1</load_address>
         <run_address>0x187e1</run_address>
         <size>0x12e</size>
         <input_file_ref idref="fl-17"/>
      </object_component>
      <object_component id="oc-22e">
         <name>.debug_info</name>
         <load_address>0x1890f</load_address>
         <run_address>0x1890f</run_address>
         <size>0x219</size>
         <input_file_ref idref="fl-17"/>
      </object_component>
      <object_component id="oc-20c">
         <name>.debug_info</name>
         <load_address>0x18b28</load_address>
         <run_address>0x18b28</run_address>
         <size>0x3a5</size>
         <input_file_ref idref="fl-18"/>
      </object_component>
      <object_component id="oc-12d">
         <name>.debug_info</name>
         <load_address>0x18ecd</load_address>
         <run_address>0x18ecd</run_address>
         <size>0x220</size>
         <input_file_ref idref="fl-18"/>
      </object_component>
      <object_component id="oc-2cd">
         <name>.debug_info</name>
         <load_address>0x190ed</load_address>
         <run_address>0x190ed</run_address>
         <size>0x1eb</size>
         <input_file_ref idref="fl-18"/>
      </object_component>
      <object_component id="oc-2d2">
         <name>.debug_info</name>
         <load_address>0x192d8</load_address>
         <run_address>0x192d8</run_address>
         <size>0x1f9</size>
         <input_file_ref idref="fl-18"/>
      </object_component>
      <object_component id="oc-3a7">
         <name>.debug_info</name>
         <load_address>0x194d1</load_address>
         <run_address>0x194d1</run_address>
         <size>0x346</size>
         <input_file_ref idref="fl-18"/>
      </object_component>
      <object_component id="oc-2de">
         <name>.debug_info</name>
         <load_address>0x19817</load_address>
         <run_address>0x19817</run_address>
         <size>0x202</size>
         <input_file_ref idref="fl-18"/>
      </object_component>
      <object_component id="oc-2d8">
         <name>.debug_info</name>
         <load_address>0x19a19</load_address>
         <run_address>0x19a19</run_address>
         <size>0x1ac</size>
         <input_file_ref idref="fl-18"/>
      </object_component>
      <object_component id="oc-413">
         <name>.debug_info</name>
         <load_address>0x19bc5</load_address>
         <run_address>0x19bc5</run_address>
         <size>0x5c9</size>
         <input_file_ref idref="fl-1b"/>
      </object_component>
      <object_component id="oc-401">
         <name>.debug_info</name>
         <load_address>0x1a18e</load_address>
         <run_address>0x1a18e</run_address>
         <size>0x298</size>
         <input_file_ref idref="fl-1b"/>
      </object_component>
      <object_component id="oc-2f4">
         <name>.debug_info</name>
         <load_address>0x1a426</load_address>
         <run_address>0x1a426</run_address>
         <size>0x725</size>
         <input_file_ref idref="fl-1c"/>
      </object_component>
      <object_component id="oc-2f1">
         <name>.debug_info</name>
         <load_address>0x1ab4b</load_address>
         <run_address>0x1ab4b</run_address>
         <size>0x25e</size>
         <input_file_ref idref="fl-1c"/>
      </object_component>
      <object_component id="oc-34e">
         <name>.debug_info</name>
         <load_address>0x1ada9</load_address>
         <run_address>0x1ada9</run_address>
         <size>0x215</size>
         <input_file_ref idref="fl-1c"/>
      </object_component>
      <object_component id="oc-229">
         <name>.debug_info</name>
         <load_address>0x1afbe</load_address>
         <run_address>0x1afbe</run_address>
         <size>0x23d</size>
         <input_file_ref idref="fl-1c"/>
      </object_component>
      <object_component id="oc-366">
         <name>.debug_info</name>
         <load_address>0x1b1fb</load_address>
         <run_address>0x1b1fb</run_address>
         <size>0x22b</size>
         <input_file_ref idref="fl-1c"/>
      </object_component>
      <object_component id="oc-234">
         <name>.debug_info</name>
         <load_address>0x1b426</load_address>
         <run_address>0x1b426</run_address>
         <size>0x1dd</size>
         <input_file_ref idref="fl-1c"/>
      </object_component>
      <object_component id="oc-2be">
         <name>.debug_info</name>
         <load_address>0x1b603</load_address>
         <run_address>0x1b603</run_address>
         <size>0x248</size>
         <input_file_ref idref="fl-1c"/>
      </object_component>
      <object_component id="oc-360">
         <name>.debug_info</name>
         <load_address>0x1b84b</load_address>
         <run_address>0x1b84b</run_address>
         <size>0x1db</size>
         <input_file_ref idref="fl-1c"/>
      </object_component>
      <object_component id="oc-d4">
         <name>.debug_info</name>
         <load_address>0x1ba26</load_address>
         <run_address>0x1ba26</run_address>
         <size>0x27c</size>
         <input_file_ref idref="fl-1c"/>
      </object_component>
      <object_component id="oc-3c5">
         <name>.debug_info</name>
         <load_address>0x1bca2</load_address>
         <run_address>0x1bca2</run_address>
         <size>0x341</size>
         <input_file_ref idref="fl-1c"/>
      </object_component>
      <object_component id="oc-2fd">
         <name>.debug_info</name>
         <load_address>0x1bfe3</load_address>
         <run_address>0x1bfe3</run_address>
         <size>0x6eb</size>
         <input_file_ref idref="fl-1d"/>
      </object_component>
      <object_component id="oc-23c">
         <name>.debug_info</name>
         <load_address>0x1c6ce</load_address>
         <run_address>0x1c6ce</run_address>
         <size>0x234</size>
         <input_file_ref idref="fl-1d"/>
      </object_component>
      <object_component id="oc-306">
         <name>.debug_info</name>
         <load_address>0x1c902</load_address>
         <run_address>0x1c902</run_address>
         <size>0x236</size>
         <input_file_ref idref="fl-1d"/>
      </object_component>
      <object_component id="oc-1e8">
         <name>.debug_info</name>
         <load_address>0x1cb38</load_address>
         <run_address>0x1cb38</run_address>
         <size>0x229</size>
         <input_file_ref idref="fl-1d"/>
      </object_component>
      <object_component id="oc-f0">
         <name>.debug_info</name>
         <load_address>0x1cd61</load_address>
         <run_address>0x1cd61</run_address>
         <size>0x26c</size>
         <input_file_ref idref="fl-1d"/>
      </object_component>
      <object_component id="oc-3cf">
         <name>.debug_info</name>
         <load_address>0x1cfcd</load_address>
         <run_address>0x1cfcd</run_address>
         <size>0x102</size>
         <input_file_ref idref="fl-1d"/>
      </object_component>
      <object_component id="oc-2b9">
         <name>.debug_info</name>
         <load_address>0x1d0cf</load_address>
         <run_address>0x1d0cf</run_address>
         <size>0x139</size>
         <input_file_ref idref="fl-d5"/>
      </object_component>
      <object_component id="oc-1ce">
         <name>.debug_info</name>
         <load_address>0x1d208</load_address>
         <run_address>0x1d208</run_address>
         <size>0x12e</size>
         <input_file_ref idref="fl-d6"/>
      </object_component>
      <object_component id="oc-aa">
         <name>.debug_info</name>
         <load_address>0x1d336</load_address>
         <run_address>0x1d336</run_address>
         <size>0x2d4</size>
         <input_file_ref idref="fl-d7"/>
      </object_component>
      <object_component id="oc-4a">
         <name>.debug_info</name>
         <load_address>0x1d60a</load_address>
         <run_address>0x1d60a</run_address>
         <size>0x1b5</size>
         <input_file_ref idref="fl-d7"/>
      </object_component>
      <object_component id="oc-a5">
         <name>.debug_info</name>
         <load_address>0x1d7bf</load_address>
         <run_address>0x1d7bf</run_address>
         <size>0x46</size>
         <input_file_ref idref="fl-d7"/>
      </object_component>
      <object_component id="oc-11c">
         <name>.debug_info</name>
         <load_address>0x1d805</load_address>
         <run_address>0x1d805</run_address>
         <size>0x2c</size>
         <input_file_ref idref="fl-d7"/>
      </object_component>
      <object_component id="oc-42">
         <name>.debug_info</name>
         <load_address>0x1d831</load_address>
         <run_address>0x1d831</run_address>
         <size>0x2a8</size>
         <input_file_ref idref="fl-d8"/>
      </object_component>
      <object_component id="oc-21">
         <name>.debug_info</name>
         <load_address>0x1dad9</load_address>
         <run_address>0x1dad9</run_address>
         <size>0x1ea</size>
         <input_file_ref idref="fl-d8"/>
      </object_component>
      <object_component id="oc-3d">
         <name>.debug_info</name>
         <load_address>0x1dcc3</load_address>
         <run_address>0x1dcc3</run_address>
         <size>0x46</size>
         <input_file_ref idref="fl-d8"/>
      </object_component>
      <object_component id="oc-9d">
         <name>.debug_info</name>
         <load_address>0x1dd09</load_address>
         <run_address>0x1dd09</run_address>
         <size>0x2c</size>
         <input_file_ref idref="fl-d8"/>
      </object_component>
      <object_component id="oc-9b">
         <name>.debug_info</name>
         <load_address>0x1dd35</load_address>
         <run_address>0x1dd35</run_address>
         <size>0x29e</size>
         <input_file_ref idref="fl-d9"/>
      </object_component>
      <object_component id="oc-18">
         <name>.debug_info</name>
         <load_address>0x1dfd3</load_address>
         <run_address>0x1dfd3</run_address>
         <size>0x250</size>
         <input_file_ref idref="fl-d9"/>
      </object_component>
      <object_component id="oc-2d">
         <name>.debug_info</name>
         <load_address>0x1e223</load_address>
         <run_address>0x1e223</run_address>
         <size>0x60</size>
         <input_file_ref idref="fl-d9"/>
      </object_component>
      <object_component id="oc-115">
         <name>.debug_info</name>
         <load_address>0x1e283</load_address>
         <run_address>0x1e283</run_address>
         <size>0x46</size>
         <input_file_ref idref="fl-d9"/>
      </object_component>
      <object_component id="oc-96">
         <name>.debug_info</name>
         <load_address>0x1e2c9</load_address>
         <run_address>0x1e2c9</run_address>
         <size>0x39</size>
         <input_file_ref idref="fl-d9"/>
      </object_component>
      <object_component id="oc-3d9">
         <name>.debug_info</name>
         <load_address>0x1e302</load_address>
         <run_address>0x1e302</run_address>
         <size>0x2a4</size>
         <input_file_ref idref="fl-da"/>
      </object_component>
      <object_component id="oc-325">
         <name>.debug_info</name>
         <load_address>0x1e5a6</load_address>
         <run_address>0x1e5a6</run_address>
         <size>0x24d</size>
         <input_file_ref idref="fl-da"/>
      </object_component>
      <object_component id="oc-2a">
         <name>.debug_info</name>
         <load_address>0x1e7f3</load_address>
         <run_address>0x1e7f3</run_address>
         <size>0x10b</size>
         <input_file_ref idref="fl-db"/>
      </object_component>
      <object_component id="oc-56">
         <name>.debug_info</name>
         <load_address>0x1e8fe</load_address>
         <run_address>0x1e8fe</run_address>
         <size>0x1a9</size>
         <input_file_ref idref="fl-db"/>
      </object_component>
      <object_component id="oc-ac">
         <name>.debug_info</name>
         <load_address>0x1eaa7</load_address>
         <run_address>0x1eaa7</run_address>
         <size>0x147</size>
         <input_file_ref idref="fl-dc"/>
      </object_component>
      <object_component id="oc-39">
         <name>.debug_info</name>
         <load_address>0x1ebee</load_address>
         <run_address>0x1ebee</run_address>
         <size>0x119</size>
         <input_file_ref idref="fl-dd"/>
      </object_component>
      <object_component id="oc-29b">
         <name>.debug_info</name>
         <load_address>0x1ed07</load_address>
         <run_address>0x1ed07</run_address>
         <size>0x4b3</size>
         <input_file_ref idref="fl-de"/>
      </object_component>
      <object_component id="oc-175">
         <name>.debug_info</name>
         <load_address>0x1f1ba</load_address>
         <run_address>0x1f1ba</run_address>
         <size>0x1a6</size>
         <input_file_ref idref="fl-de"/>
      </object_component>
      <object_component id="oc-37d">
         <name>.debug_info</name>
         <load_address>0x1f360</load_address>
         <run_address>0x1f360</run_address>
         <size>0x39</size>
         <input_file_ref idref="fl-de"/>
      </object_component>
      <object_component id="oc-3e9">
         <name>.debug_info</name>
         <load_address>0x1f399</load_address>
         <run_address>0x1f399</run_address>
         <size>0x39</size>
         <input_file_ref idref="fl-de"/>
      </object_component>
      <object_component id="oc-382">
         <name>.debug_info</name>
         <load_address>0x1f3d2</load_address>
         <run_address>0x1f3d2</run_address>
         <size>0x39</size>
         <input_file_ref idref="fl-de"/>
      </object_component>
      <object_component id="oc-387">
         <name>.debug_info</name>
         <load_address>0x1f40b</load_address>
         <run_address>0x1f40b</run_address>
         <size>0xcd</size>
         <input_file_ref idref="fl-de"/>
      </object_component>
      <object_component id="oc-b2">
         <name>.debug_info</name>
         <load_address>0x1f4d8</load_address>
         <run_address>0x1f4d8</run_address>
         <size>0x153</size>
         <input_file_ref idref="fl-df"/>
      </object_component>
      <object_component id="oc-169">
         <name>.debug_info</name>
         <load_address>0x1f62b</load_address>
         <run_address>0x1f62b</run_address>
         <size>0x122</size>
         <input_file_ref idref="fl-e1"/>
      </object_component>
      <object_component id="oc-44c">
         <name>.debug_info</name>
         <load_address>0x1f74d</load_address>
         <run_address>0x1f74d</run_address>
         <size>0x82</size>
      </object_component>
      <object_component id="oc-1ef">
         <name>.debug_line</name>
         <load_address>0x0</load_address>
         <run_address>0x0</run_address>
         <size>0x13d</size>
         <input_file_ref idref="fl-2"/>
      </object_component>
      <object_component id="oc-3db">
         <name>.debug_line</name>
         <load_address>0x13d</load_address>
         <run_address>0x13d</run_address>
         <size>0x35</size>
         <input_file_ref idref="fl-2"/>
      </object_component>
      <object_component id="oc-1e6">
         <name>.debug_line</name>
         <load_address>0x172</load_address>
         <run_address>0x172</run_address>
         <size>0x35</size>
         <input_file_ref idref="fl-2"/>
      </object_component>
      <object_component id="oc-36c">
         <name>.debug_line</name>
         <load_address>0x1a7</load_address>
         <run_address>0x1a7</run_address>
         <size>0x35</size>
         <input_file_ref idref="fl-2"/>
      </object_component>
      <object_component id="oc-2ff">
         <name>.debug_line</name>
         <load_address>0x1dc</load_address>
         <run_address>0x1dc</run_address>
         <size>0x35</size>
         <input_file_ref idref="fl-2"/>
      </object_component>
      <object_component id="oc-301">
         <name>.debug_line</name>
         <load_address>0x211</load_address>
         <run_address>0x211</run_address>
         <size>0x35</size>
         <input_file_ref idref="fl-2"/>
      </object_component>
      <object_component id="oc-141">
         <name>.debug_line</name>
         <load_address>0x246</load_address>
         <run_address>0x246</run_address>
         <size>0x57</size>
         <input_file_ref idref="fl-2"/>
      </object_component>
      <object_component id="oc-159">
         <name>.debug_line</name>
         <load_address>0x29d</load_address>
         <run_address>0x29d</run_address>
         <size>0x99</size>
         <input_file_ref idref="fl-2"/>
      </object_component>
      <object_component id="oc-162">
         <name>.debug_line</name>
         <load_address>0x336</load_address>
         <run_address>0x336</run_address>
         <size>0xb9</size>
         <input_file_ref idref="fl-2"/>
      </object_component>
      <object_component id="oc-26c">
         <name>.debug_line</name>
         <load_address>0x3ef</load_address>
         <run_address>0x3ef</run_address>
         <size>0x6b</size>
         <input_file_ref idref="fl-2"/>
      </object_component>
      <object_component id="oc-272">
         <name>.debug_line</name>
         <load_address>0x45a</load_address>
         <run_address>0x45a</run_address>
         <size>0x8d</size>
         <input_file_ref idref="fl-2"/>
      </object_component>
      <object_component id="oc-312">
         <name>.debug_line</name>
         <load_address>0x4e7</load_address>
         <run_address>0x4e7</run_address>
         <size>0x63</size>
         <input_file_ref idref="fl-2"/>
      </object_component>
      <object_component id="oc-318">
         <name>.debug_line</name>
         <load_address>0x54a</load_address>
         <run_address>0x54a</run_address>
         <size>0xa6</size>
         <input_file_ref idref="fl-2"/>
      </object_component>
      <object_component id="oc-31e">
         <name>.debug_line</name>
         <load_address>0x5f0</load_address>
         <run_address>0x5f0</run_address>
         <size>0x79</size>
         <input_file_ref idref="fl-2"/>
      </object_component>
      <object_component id="oc-261">
         <name>.debug_line</name>
         <load_address>0x669</load_address>
         <run_address>0x669</run_address>
         <size>0x57</size>
         <input_file_ref idref="fl-2"/>
      </object_component>
      <object_component id="oc-80">
         <name>.debug_line</name>
         <load_address>0x6c0</load_address>
         <run_address>0x6c0</run_address>
         <size>0x68</size>
         <input_file_ref idref="fl-2"/>
      </object_component>
      <object_component id="oc-89">
         <name>.debug_line</name>
         <load_address>0x728</load_address>
         <run_address>0x728</run_address>
         <size>0xa7</size>
         <input_file_ref idref="fl-2"/>
      </object_component>
      <object_component id="oc-113">
         <name>.debug_line</name>
         <load_address>0x7cf</load_address>
         <run_address>0x7cf</run_address>
         <size>0x54</size>
[...]
         <object_component_ref idref="oc-1d8"/>
      </symbol>
      <symbol id="sm-2a7">
         <name>SetRightDirection</name>
         <value>0x2451</value>
         <object_component_ref idref="oc-33e"/>
      </symbol>
      <symbol id="sm-2a8">
         <name>SetLeftDirection</name>
         <value>0x2411</value>
         <object_component_ref idref="oc-332"/>
      </symbol>
      <symbol id="sm-2a9">
         <name>SetForwardDirection</name>
         <value>0x2491</value>
         <object_component_ref idref="oc-344"/>
      </symbol>
      <symbol id="sm-2aa">
         <name>SetBaseSpeed</name>
         <value>0xa69</value>
         <object_component_ref idref="oc-db"/>
      </symbol>
      <symbol id="sm-2ab">
         <name>MotorSetup</name>
         <value>0x2581</value>
         <object_component_ref idref="oc-143"/>
      </symbol>
      <symbol id="sm-2ac">
         <name>state</name>
         <value>0x200020a0</value>
         <object_component_ref idref="oc-e8"/>
      </symbol>
      <symbol id="sm-2ad">
         <name>SetReverseDirection</name>
         <value>0x24cd</value>
         <object_component_ref idref="oc-350"/>
      </symbol>
      <symbol id="sm-2ae">
         <name>SetTurnRightDirection</name>
         <value>0x2545</value>
         <object_component_ref idref="oc-338"/>
      </symbol>
      <symbol id="sm-2af">
         <name>setDirection</name>
         <value>0x109d</value>
         <object_component_ref idref="oc-27a"/>
      </symbol>
      <symbol id="sm-2b0">
         <name>forwardPWM_Right</name>
         <value>0x200020a4</value>
         <object_component_ref idref="oc-e8"/>
      </symbol>
      <symbol id="sm-2b1">
         <name>runFlag</name>
         <value>0x200020a1</value>
         <object_component_ref idref="oc-e8"/>
      </symbol>
      <symbol id="sm-2b2">
         <name>forwardPWM_Left</name>
         <value>0x200020a2</value>
         <object_component_ref idref="oc-e8"/>
      </symbol>
      <symbol id="sm-2b3">
         <name>SetTurnLeftDirection</name>
         <value>0x2509</value>
         <object_component_ref idref="oc-32c"/>
      </symbol>
      <symbol id="sm-2b4">
         <name>SetMotorSpeed</name>
         <value>0x221d</value>
         <object_component_ref idref="oc-1d2"/>
      </symbol>
      <symbol id="sm-2b5">
         <name>SetStop</name>
         <value>0x25f1</value>
         <object_component_ref idref="oc-356"/>
      </symbol>
      <symbol id="sm-303">
         <name>notchesdetected</name>
         <value>0x2000180c</value>
      </symbol>
      <symbol id="sm-304">
         <name>notchesdetected2</name>
         <value>0x2000180e</value>
      </symbol>
      <symbol id="sm-305">
         <name>timer_count</name>
         <value>0x200020a6</value>
         <object_component_ref idref="oc-e1"/>
      </symbol>
      <symbol id="sm-306">
         <name>TA2_0_IRQHandler</name>
         <value>0x1681</value>
         <object_component_ref idref="oc-79"/>
      </symbol>
      <symbol id="sm-307">
         <name>syncflag</name>
         <value>0x200020a8</value>
         <object_component_ref idref="oc-e1"/>
      </symbol>
      <symbol id="sm-308">
         <name>WheelEncoderSetup</name>
         <value>0x238d</value>
         <object_component_ref idref="oc-149"/>
      </symbol>
      <symbol id="sm-309">
         <name>PORT5_IRQHandler</name>
         <value>0x25b9</value>
         <object_component_ref idref="oc-8b"/>
      </symbol>
      <symbol id="sm-30a">
         <name>speedflag</name>
         <value>0x200020a9</value>
         <object_component_ref idref="oc-e1"/>
      </symbol>
      <symbol id="sm-30b">
         <name>Initalise_encoderTimer</name>
         <value>0x2695</value>
         <object_component_ref idref="oc-15b"/>
      </symbol>
      <symbol id="sm-31b">
         <name>main</name>
         <value>0x1755</value>
         <object_component_ref idref="oc-b7"/>
      </symbol>
      <symbol id="sm-333">
         <name>SystemInit</name>
         <value>0x1d71</value>
         <object_component_ref idref="oc-c9"/>
      </symbol>
      <symbol id="sm-34f">
         <name>Reset_Handler</name>
         <value>0x2997</value>
         <object_component_ref idref="oc-67"/>
      </symbol>
      <symbol id="sm-350">
         <name>Default_Handler</name>
         <value>0x1d6f</value>
         <object_component_ref idref="oc-6d"/>
      </symbol>
      <symbol id="sm-351">
         <name>interruptVectors</name>
         <value>0x0</value>
         <object_component_ref idref="oc-26"/>
      </symbol>
      <symbol id="sm-402">
         <name>CS_clearInterruptFlag</name>
         <value>0x2731</value>
         <object_component_ref idref="oc-3b2"/>
      </symbol>
      <symbol id="sm-403">
         <name>CS_getDCOFrequency</name>
         <value>0x14b5</value>
         <object_component_ref idref="oc-3b8"/>
      </symbol>
      <symbol id="sm-404">
         <name>CS_getSMCLK</name>
         <value>0x27bd</value>
         <object_component_ref idref="oc-213"/>
      </symbol>
      <symbol id="sm-405">
         <name>CS_setDCOCenteredFrequency</name>
         <value>0x2661</value>
         <object_component_ref idref="oc-131"/>
      </symbol>
      <symbol id="sm-414">
         <name>FlashCtl_setWaitState</name>
         <value>0x22bd</value>
         <object_component_ref idref="oc-125"/>
      </symbol>
      <symbol id="sm-49e">
         <name>GPIO_setOutputHighOnPin</name>
         <value>0x2835</value>
         <object_component_ref idref="oc-286"/>
      </symbol>
      <symbol id="sm-49f">
         <name>GPIO_setAsInputPinWithPullDownResistor</name>
         <value>0x2119</value>
         <object_component_ref idref="oc-21f"/>
      </symbol>
      <symbol id="sm-4a0">
         <name>GPIO_setAsInputPinWithPullUpResistor</name>
         <value>0x2171</value>
         <object_component_ref idref="oc-24f"/>
      </symbol>
      <symbol id="sm-4a1">
         <name>GPIO_getInterruptStatus</name>
         <value>0x2885</value>
         <object_component_ref idref="oc-1ff"/>
      </symbol>
      <symbol id="sm-4a2">
         <name>GPIO_enableInterrupt</name>
         <value>0x280d</value>
         <object_component_ref idref="oc-255"/>
      </symbol>
      <symbol id="sm-4a3">
         <name>GPIO_getEnabledInterruptStatus</name>
         <value>0x1b75</value>
         <object_component_ref idref="oc-101"/>
      </symbol>
      <symbol id="sm-4a4">
         <name>GPIO_setAsOutputPin</name>
         <value>0x23d1</value>
         <object_component_ref idref="oc-14f"/>
      </symbol>
      <symbol id="sm-4a5">
         <name>GPIO_setOutputLowOnPin</name>
         <value>0x285d</value>
         <object_component_ref idref="oc-219"/>
      </symbol>
      <symbol id="sm-4a6">
         <name>GPIO_clearInterruptFlag</name>
         <value>0x27e5</value>
         <object_component_ref idref="oc-107"/>
      </symbol>
      <symbol id="sm-4a7">
         <name>GPIO_setAsPeripheralModuleFunctionOutputPin</name>
         <value>0x1aed</value>
         <object_component_ref idref="oc-248"/>
      </symbol>
      <symbol id="sm-4a8">
         <name>GPIO_getInputPinValue</name>
         <value>0x2761</value>
         <object_component_ref idref="oc-274"/>
      </symbol>
      <symbol id="sm-4c5">
         <name>Interrupt_enableInterrupt</name>
         <value>0x1bf9</value>
         <object_component_ref idref="oc-22b"/>
      </symbol>
      <symbol id="sm-543">
         <name>PCM_setCoreVoltageLevel</name>
         <value>0x2969</value>
         <object_component_ref idref="oc-12b"/>
      </symbol>
      <symbol id="sm-544">
         <name>PCM_getCoreVoltageLevel</name>
         <value>0x205f</value>
         <object_component_ref idref="oc-2d1"/>
      </symbol>
      <symbol id="sm-545">
         <name>PCM_getPowerMode</name>
         <value>0x20bd</value>
         <object_component_ref idref="oc-2cb"/>
      </symbol>
      <symbol id="sm-546">
         <name>PCM_getPowerState</name>
         <value>0x292d</value>
         <object_component_ref idref="oc-2d7"/>
      </symbol>
      <symbol id="sm-547">
         <name>PCM_setPowerMode</name>
         <value>0x2979</value>
         <object_component_ref idref="oc-2dd"/>
      </symbol>
      <symbol id="sm-55f">
         <name>SysCtl_A_getTLVInfo</name>
         <value>0x1a59</value>
         <object_component_ref idref="oc-3ff"/>
      </symbol>
      <symbol id="sm-5c7">
         <name>Timer_A_getCounterValue</name>
         <value>0x2271</value>
         <object_component_ref idref="oc-363"/>
      </symbol>
      <symbol id="sm-5c8">
         <name>Timer_A_clearCaptureCompareInterrupt</name>
         <value>0x2791</value>
         <object_component_ref idref="oc-d1"/>
      </symbol>
      <symbol id="sm-5c9">
         <name>Timer_A_generatePWM</name>
         <value>0x1de9</value>
         <object_component_ref idref="oc-2bb"/>
      </symbol>
      <symbol id="sm-5ca">
         <name>Timer_A_startCounter</name>
         <value>0x2915</value>
         <object_component_ref idref="oc-34a"/>
      </symbol>
      <symbol id="sm-5cb">
         <name>Timer_A_stopTimer</name>
         <value>0x2941</value>
         <object_component_ref idref="oc-35d"/>
      </symbol>
      <symbol id="sm-5cc">
         <name>Timer_A_clearTimer</name>
         <value>0x28e5</value>
         <object_component_ref idref="oc-231"/>
      </symbol>
      <symbol id="sm-5cd">
         <name>Timer_A_configureUpMode</name>
         <value>0x1ec9</value>
         <object_component_ref idref="oc-225"/>
      </symbol>
      <symbol id="sm-612">
         <name>UART_getEnabledInterruptStatus</name>
         <value>0x1f99</value>
         <object_component_ref idref="oc-ef"/>
      </symbol>
      <symbol id="sm-613">
         <name>UART_transmitData</name>
         <value>0x26c9</value>
         <object_component_ref idref="oc-305"/>
      </symbol>
      <symbol id="sm-614">
         <name>UART_getInterruptStatus</name>
         <value>0x28fd</value>
         <object_component_ref idref="oc-1e7"/>
      </symbol>
      <symbol id="sm-615">
         <name>UART_initModule</name>
         <value>0xe65</value>
         <object_component_ref idref="oc-23b"/>
      </symbol>
      <symbol id="sm-621">
         <name>__aeabi_d2uiz</name>
         <value>0x2349</value>
         <object_component_ref idref="oc-2b6"/>
      </symbol>
      <symbol id="sm-62b">
         <name>__aeabi_ui2d</name>
         <value>0x28a9</value>
         <object_component_ref idref="oc-1cd"/>
      </symbol>
      <symbol id="sm-642">
         <name>__TI_zero_init</name>
         <value>0x29a3</value>
         <object_component_ref idref="oc-49"/>
      </symbol>
      <symbol id="sm-659">
         <name>__TI_decompress_none</name>
         <value>0x2989</value>
         <object_component_ref idref="oc-1d"/>
      </symbol>
      <symbol id="sm-67c">
         <name>__TI_decompress_lzss</name>
         <value>0x1f31</value>
         <object_component_ref idref="oc-17"/>
      </symbol>
      <symbol id="sm-68a">
         <name>strcpy</name>
         <value>0x2955</value>
         <object_component_ref idref="oc-321"/>
      </symbol>
      <symbol id="sm-69d">
         <name>__stack</name>
         <value>0x2000fe00</value>
         <object_component_ref idref="oc-29"/>
      </symbol>
      <symbol id="sm-69e">
         <name>_c_int00_noargs</name>
         <value>0x26fd</value>
         <object_component_ref idref="oc-55"/>
      </symbol>
      <symbol id="sm-6ad">
         <name>__aeabi_memset</name>
         <value>0x1cf7</value>
         <object_component_ref idref="oc-ab"/>
      </symbol>
      <symbol id="sm-6ae">
         <name>memset</name>
         <value>0x1cfd</value>
         <object_component_ref idref="oc-ab"/>
      </symbol>
      <symbol id="sm-6af">
         <name>__aeabi_memset8</name>
         <value>0x1cf7</value>
         <object_component_ref idref="oc-ab"/>
      </symbol>
      <symbol id="sm-6b0">
         <name>__aeabi_memset4</name>
         <value>0x1cf7</value>
         <object_component_ref idref="oc-ab"/>
      </symbol>
      <symbol id="sm-6b1">
         <name>__aeabi_memclr8</name>
         <value>0x1cf5</value>
         <object_component_ref idref="oc-ab"/>
      </symbol>
      <symbol id="sm-6b2">
         <name>__aeabi_memclr4</name>
         <value>0x1cf5</value>
         <object_component_ref idref="oc-ab"/>
      </symbol>
      <symbol id="sm-6b3">
         <name>__aeabi_memclr</name>
         <value>0x1cf5</value>
         <object_component_ref idref="oc-ab"/>
      </symbol>
      <symbol id="sm-6ce">
         <name>memcpy</name>
         <value>0x19bd</value>
         <object_component_ref idref="oc-37"/>
      </symbol>
      <symbol id="sm-6cf">
         <name>__aeabi_memcpy</name>
         <value>0x19bd</value>
         <object_component_ref idref="oc-37"/>
      </symbol>
      <symbol id="sm-6d0">
         <name>__aeabi_memcpy8</name>
         <value>0x19bd</value>
         <object_component_ref idref="oc-37"/>
      </symbol>
      <symbol id="sm-6d1">
         <name>__aeabi_memcpy4</name>
         <value>0x19bd</value>
         <object_component_ref idref="oc-37"/>
      </symbol>
      <symbol id="sm-6f9">
         <name>__TI_auto_init_nobinit_nopinit</name>
         <value>0x2305</value>
         <object_component_ref idref="oc-174"/>
      </symbol>
      <symbol id="sm-703">
         <name>_system_pre_init</name>
         <value>0x29af</value>
         <object_component_ref idref="oc-b1"/>
      </symbol>
      <symbol id="sm-70f">
         <name>C$$EXIT</name>
         <value>0x29b3</value>
         <object_component_ref idref="oc-168"/>
      </symbol>
      <symbol id="sm-710">
         <name>abort</name>
         <value>0x29b3</value>
         <object_component_ref idref="oc-168"/>
      </symbol>
      <symbol id="sm-713">
         <name>__TI_static_base__</name>
         <value>0x0</value>
      </symbol>
      <symbol id="sm-716">
         <name>__mpu_init</name>
         <value>0x0</value>
      </symbol>
      <symbol id="sm-717">
         <name>_system_post_cinit</name>
         <value>0x0</value>
      </symbol>
      <symbol id="sm-718">
         <name>NMI_Handler</name>
         <value>0x1d6f</value>
      </symbol>
      <symbol id="sm-719">
         <name>HardFault_Handler</name>
         <value>0x1d6f</value>
      </symbol>
      <symbol id="sm-71a">
         <name>MemManage_Handler</name>
         <value>0x1d6f</value>
      </symbol>
      <symbol id="sm-71b">
         <name>BusFault_Handler</name>
         <value>0x1d6f</value>
      </symbol>
      <symbol id="sm-71c">
         <name>UsageFault_Handler</name>
         <value>0x1d6f</value>
      </symbol>
      <symbol id="sm-71d">
         <name>SVC_Handler</name>
         <value>0x1d6f</value>
      </symbol>
      <symbol id="sm-71e">
         <name>DebugMon_Handler</name>
         <value>0x1d6f</value>
      </symbol>
      <symbol id="sm-71f">
         <name>PendSV_Handler</name>
         <value>0x1d6f</value>
      </symbol>
      <symbol id="sm-720">
         <name>SysTick_Handler</name>
         <value>0x1d6f</value>
      </symbol>
      <symbol id="sm-721">
         <name>PSS_IRQHandler</name>
         <value>0x1d6f</value>
      </symbol>
      <symbol id="sm-722">
         <name>CS_IRQHandler</name>
         <value>0x1d6f</value>
      </symbol>
      <symbol id="sm-723">
         <name>PCM_IRQHandler</name>
         <value>0x1d6f</value>
      </symbol>
      <symbol id="sm-724">
         <name>WDT_A_IRQHandler</name>
         <value>0x1d6f</value>
      </symbol>
      <symbol id="sm-725">
         <name>FPU_IRQHandler</name>
         <value>0x1d6f</value>
      </symbol>
      <symbol id="sm-726">
         <name>FLCTL_IRQHandler</name>
         <value>0x1d6f</value>
      </symbol>
      <symbol id="sm-727">
         <name>COMP_E0_IRQHandler</name>
         <value>0x1d6f</value>
      </symbol>
      <symbol id="sm-728">
         <name>COMP_E1_IRQHandler</name>
         <value>0x1d6f</value>
      </symbol>
      <symbol id="sm-729">
         <name>TA0_0_IRQHandler</name>
         <value>0x1d6f</value>
      </symbol>
      <symbol id="sm-72a">
         <name>TA0_N_IRQHandler</name>
         <value>0x1d6f</value>
      </symbol>
      <symbol id="sm-72b">
         <name>TA1_0_IRQHandler</name>
         <value>0x28c9</value>
      </symbol>
      <symbol id="sm-72c">
         <name>TA1_N_IRQHandler</name>
         <value>0x1d6f</value>
      </symbol>
      <symbol id="sm-72d">
         <name>TA2_0_IRQHandler</name>
         <value>0x1681</value>
      </symbol>
      <symbol id="sm-72e">
         <name>TA2_N_IRQHandler</name>
         <value>0x1d6f</value>
      </symbol>
      <symbol id="sm-72f">
         <name>TA3_0_IRQHandler</name>
         <value>0x1d6f</value>
      </symbol>
      <symbol id="sm-730">
         <name>TA3_N_IRQHandler</name>
         <value>0x1d6f</value>
      </symbol>
      <symbol id="sm-731">
         <name>EUSCIA0_IRQHandler</name>
         <value>0x1829</value>
      </symbol>
      <symbol id="sm-732">
         <name>EUSCIA1_IRQHandler</name>
         <value>0x1d6f</value>
      </symbol>
      <symbol id="sm-733">
         <name>EUSCIA2_IRQHandler</name>
         <value>0xe5</value>
      </symbol>
      <symbol id="sm-734">
         <name>EUSCIA3_IRQHandler</name>
         <value>0x1d6f</value>
      </symbol>
      <symbol id="sm-735">
         <name>EUSCIB0_IRQHandler</name>
         <value>0x1d6f</value>
      </symbol>
      <symbol id="sm-736">
         <name>EUSCIB1_IRQHandler</name>
         <value>0x1d6f</value>
      </symbol>
      <symbol id="sm-737">
         <name>EUSCIB2_IRQHandler</name>
         <value>0x1d6f</value>
      </symbol>
      <symbol id="sm-738">
         <name>EUSCIB3_IRQHandler</name>
         <value>0x1d6f</value>
      </symbol>
      <symbol id="sm-739">
         <name>ADC14_IRQHandler</name>
         <value>0x1d6f</value>
      </symbol>
      <symbol id="sm-73a">
         <name>T32_INT1_IRQHandler</name>
         <value>0x1d6f</value>
      </symbol>
      <symbol id="sm-73b">
         <name>T32_INT2_IRQHandler</name>
         <value>0x1d6f</value>
      </symbol>
      <symbol id="sm-73c">
         <name>T32_INTC_IRQHandler</name>
         <value>0x1d6f</value>
      </symbol>
      <symbol id="sm-73d">
         <name>AES256_IRQHandler</name>
         <value>0x1d6f</value>
      </symbol>
      <symbol id="sm-73e">
         <name>RTC_C_IRQHandler</name>
         <value>0x1d6f</value>
      </symbol>
      <symbol id="sm-73f">
         <name>DMA_ERR_IRQHandler</name>
         <value>0x1d6f</value>
      </symbol>
      <symbol id="sm-740">
         <name>DMA_INT3_IRQHandler</name>
         <value>0x1d6f</value>
      </symbol>
      <symbol id="sm-741">
         <name>DMA_INT2_IRQHandler</name>
         <value>0x1d6f</value>
      </symbol>
      <symbol id="sm-742">
         <name>DMA_INT1_IRQHandler</name>
         <value>0x1d6f</value>
      </symbol>
      <symbol id="sm-743">
         <name>DMA_INT0_IRQHandler</name>
         <value>0x1d6f</value>
      </symbol>
      <symbol id="sm-744">
         <name>PORT1_IRQHandler</name>
         <value>0x1d6f</value>
      </symbol>
      <symbol id="sm-745">
         <name>PORT2_IRQHandler</name>
         <value>0x1d6f</value>
      </symbol>
      <symbol id="sm-746">
         <name>PORT3_IRQHandler</name>
         <value>0x1d6f</value>
      </symbol>
      <symbol id="sm-747">
         <name>PORT4_IRQHandler</name>
         <value>0x1d6f</value>
      </symbol>
      <symbol id="sm-748">
         <name>PORT5_IRQHandler</name>
         <value>0x25b9</value>
      </symbol>
      <symbol id="sm-749">
         <name>PORT6_IRQHandler</name>
         <value>0x1d6f</value>
      </symbol>
   </symbol_table>
   <title>Link successful</title>
</link_info>
