******************************************************************************
                  TI ARM Linker PC v20.2.4                     
******************************************************************************
>> Linked Fri Dec  3 22:50:58 2021

OUTPUT FILE NAME:   <Project (WIP Integrate).out>
ENTRY POINT SYMBOL: "_c_int00_noargs"  address: 00001b2d


MEMORY CONFIGURATION

         name            origin    length      used     unused   attr    fill
----------------------  --------  ---------  --------  --------  ----  --------
  MAIN                  00000000   00040000  00001daa  0003e256  R  X
  INFO                  00200000   00004000  00000000  00004000  R  X
  SRAM_CODE             01000000   00010000  00001a8c  0000e574  RW X
  SRAM_DATA             20000000   00010000  00001a8c  0000e574  RW  


SEGMENT ALLOCATION MAP

run origin  load origin   length   init length attrs members
----------  ----------- ---------- ----------- ----- -------
00000000    00000000    00001db0   00001db0    r-x
  00000000    00000000    000000e4   000000e4    r-- .intvecs
  000000e4    000000e4    00001c36   00001c36    r-x .text
  00001d1c    00001d1c    00000038   00000038    r-- .const
  00001d58    00001d58    00000058   00000058    r-- .cinit
20000000    20000000    0000188c   00000000    rw-
  20000000    20000000    00001808   00000000    rw- .bss
  20001808    20001808    00000084   00000000    rw- .data
2000fe00    2000fe00    00000200   00000000    rw-
  2000fe00    2000fe00    00000200   00000000    rw- .stack


SECTION ALLOCATION MAP

 output                                  attributes/
section   page    origin      length       input sections
--------  ----  ----------  ----------   ----------------
.intvecs   0    00000000    000000e4     
                  00000000    000000e4     startup_msp432p401r_ccs.obj (.intvecs:retain)

.text      0    000000e4    00001c36     
                  000000e4    00000258     ESP8266_UART.obj (.text:EUSCIA2_IRQHandler)
                  0000033c    0000015c     msp432p4xx_driverlib.lib : pcm.o (.text:__PCM_setPowerModeAdvanced)
                  00000498    00000154     ESP8266_UART.obj (.text:GET)
                  000005ec    0000014c     ESP8266_UART.obj (.text:ESP8266Terminal)
                  00000738    00000144     msp432p4xx_driverlib.lib : timer_a.o (.text:privateTimer_AProcessClockSourceDivider)
                  0000087c    00000128     Motor_Driver.obj (.text:SetSpeeds)
                  000009a4    00000108     msp432p4xx_driverlib.lib : pcm.o (.text:__PCM_setCoreVoltageLevelAdvanced)
                  00000aac    00000104     ESP8266_UART.obj (.text:sendSuccess)
                  00000bb0    000000dc     ESP8266_UART.obj (.text:instruction)
                  00000c8c    000000d4     ESP8266_UART.obj (.text:POST)
                  00000d60    000000cc     ESP8266_UART.obj (.text:EUSCIA0_IRQHandler)
                  00000e2c    000000c8     PID.obj (.text:TA2_0_IRQHandler)
                  00000ef4    000000c8     main.obj (.text:main)
                  00000fbc    000000c4     Motor_Driver.obj (.text:setDirection)
                  00001080    0000009c     rtsv7M4_T_le_v4SPD16_eabi.lib : memcpy_t2.asm.obj (.text)
                  0000111c    0000008c     Motor_Driver.obj (.text:SetBaseSpeed)
                  000011a8    00000088     msp432p4xx_driverlib.lib : gpio.o (.text:GPIO_setAsPeripheralModuleFunctionOutputPin)
                  00001230    00000084                              : gpio.o (.text:GPIO_getEnabledInterruptStatus)
                  000012b4    00000080                              : interrupt.o (.text:Interrupt_enableInterrupt)
                  00001334    0000007a     rtsv7M4_T_le_v4SPD16_eabi.lib : memset_t2.asm.obj (.text)
                  000013ae    00000002     startup_msp432p401r_ccs.obj (.text:Default_Handler)
                  000013b0    00000078     system_msp432p401r.obj (.text:SystemInit)
                  00001428    00000074     msp432p4xx_driverlib.lib : timer_a.o (.text:Timer_A_generatePWM)
                  0000149c    00000070     line.obj (.text:PORT6_IRQHandler)
                  0000150c    0000006c     ESP8266_UART.obj (.text:setToken)
                  00001578    00000068     rtsv7M4_T_le_v4SPD16_eabi.lib : copy_decompress_lzss.c.obj (.text:decompress:lzss:__TI_decompress_lzss)
                  000015e0    00000064     msp432p4xx_driverlib.lib : uart.o (.text:UART_getEnabledInterruptStatus)
                  00001644    0000005e                              : pcm.o (.text:PCM_getCoreVoltageLevel)
                  000016a2    0000005a                              : pcm.o (.text:PCM_getPowerMode)
                  000016fc    00000058                              : gpio.o (.text:GPIO_setAsInputPinWithPullUpResistor)
                  00001754    00000054     Motor_Driver.obj (.text:SetMotorSpeed)
                  000017a8    00000048     msp432p4xx_driverlib.lib : flash.o (.text:FlashCtl_setWaitState)
                  000017f0    00000044     rtsv7M4_T_le_v4SPD16_eabi.lib : autoinit.c.obj (.text:__TI_auto_init_nobinit_nopinit:__TI_auto_init_nobinit_nopinit)
                  00001834    00000044                                   : fd_tou_t2.asm.obj (.text)
                  00001878    00000040     msp432p4xx_driverlib.lib : gpio.o (.text:GPIO_setAsOutputPin)
                  000018b8    0000003c     Motor_Driver.obj (.text:SetForwardDirection)
                  000018f4    0000003c     Motor_Driver.obj (.text:SetLeftDirection)
                  00001930    0000003c     Motor_Driver.obj (.text:SetReverseDirection)
                  0000196c    0000003c     Motor_Driver.obj (.text:SetRightDirection)
                  000019a8    0000003a     line.obj (.text:IRSensorSetup)
                  000019e2    00000038     Motor_Driver.obj (.text:MotorSetup)
                  00001a1a    00000002     --HOLE-- [fill = 0]
                  00001a1c    00000038     PID.obj (.text:PORT5_IRQHandler)
                  00001a54    00000038     Motor_Driver.obj (.text:SetStop)
                  00001a8c    00000038     ESP8266_UART.obj (.text:UART_Write)
                  00001ac4    00000034     msp432p4xx_driverlib.lib : cs.o (.text:CS_setDCOCenteredFrequency)
                  00001af8    00000034                              : uart.o (.text:UART_transmitData)
                  00001b2c    00000034     rtsv7M4_T_le_v4SPD16_eabi.lib : boot_cortex_m.c.obj (.text:_c_int00_noargs:_c_int00_noargs)
                  00001b60    0000002c     msp432p4xx_driverlib.lib : timer_a.o (.text:Timer_A_clearCaptureCompareInterrupt)
                  00001b8c    00000028                              : gpio.o (.text:GPIO_clearInterruptFlag)
                  00001bb4    00000028                              : gpio.o (.text:GPIO_enableInterrupt)
                  00001bdc    00000028                              : gpio.o (.text:GPIO_setOutputHighOnPin)
                  00001c04    00000028                              : gpio.o (.text:GPIO_setOutputLowOnPin)
                  00001c2c    00000024                              : gpio.o (.text:GPIO_getInterruptStatus)
                  00001c50    00000020     rtsv7M4_T_le_v4SPD16_eabi.lib : u_tofd_t2.asm.obj (.text)
                  00001c70    0000001c     HCSR04.obj (.text:TA1_0_IRQHandler)
                  00001c8c    00000018     msp432p4xx_driverlib.lib : uart.o (.text:UART_getInterruptStatus)
                  00001ca4    00000014                              : pcm.o (.text:PCM_getPowerState)
                  00001cb8    00000014     rtsv7M4_T_le_v4SPD16_eabi.lib : strcpy.c.obj (.text:strcpy)
                  00001ccc    00000010     msp432p4xx_driverlib.lib : pcm.o (.text:PCM_setCoreVoltageLevel)
                  00001cdc    00000010                              : pcm.o (.text:PCM_setPowerMode)
                  00001cec    0000000e     rtsv7M4_T_le_v4SPD16_eabi.lib : copy_decompress_none.c.obj (.text:decompress:none:__TI_decompress_none)
                  00001cfa    0000000c     startup_msp432p401r_ccs.obj (.text:Reset_Handler)
                  00001d06    0000000c     rtsv7M4_T_le_v4SPD16_eabi.lib : copy_zero_init.c.obj (.text:decompress:ZI:__TI_zero_init)
                  00001d12    00000004                                   : pre_init.c.obj (.text:_system_pre_init)
                  00001d16    00000004                                   : exit.c.obj (.text:abort:abort)

.const     0    00001d1c    00000038     
                  00001d1c    00000030     msp432p4xx_driverlib.lib : gpio.o (.const:GPIO_PORT_TO_BASE)
                  00001d4c    00000008                              : interrupt.o (.const:g_pulEnRegs)

.cinit     0    00001d58    00000058     
                  00001d58    00000030     (.cinit..data.load) [load image, compression = lzss]
                  00001d88    0000000c     (__TI_handler_table)
                  00001d94    00000004     --HOLE-- [fill = 0]
                  00001d98    00000008     (.cinit..bss.load) [load image, compression = zero_init]
                  00001da0    00000010     (__TI_cinit_table)

.init_array 
*          0    00000000    00000000     UNINITIALIZED

.binit     0    00000000    00000000     

.bss       0    20000000    00001808     UNINITIALIZED
                  20000000    00000800     (.common:ESP8266Data)
                  20000800    00000800     (.common:UARTA0Data)
                  20001000    00000800     (.common:UARTA2Data)
                  20001800    00000004     (.common:SR04IntTimes)
                  20001804    00000002     (.common:notchesdetected)
                  20001806    00000002     (.common:notchesdetected2)

.data      0    20001808    00000084     UNINITIALIZED
                  20001808    00000032     ESP8266_UART.obj (.data:Token)
                  2000183a    00000002     line.obj (.data)
                  2000183c    0000001a     ESP8266_UART.obj (.data)
                  20001856    00000001     Motor_Driver.obj (.data)
                  20001857    00000001     --HOLE--
                  20001858    00000018     Motor_Driver.obj (.data:pwmConfig2)
                  20001870    00000018     Motor_Driver.obj (.data:pwmConfig)
                  20001888    00000004     PID.obj (.data)

.stack     0    2000fe00    00000200     UNINITIALIZED
                  2000fe00    00000004     rtsv7M4_T_le_v4SPD16_eabi.lib : boot_cortex_m.c.obj (.stack)
                  2000fe04    000001fc     --HOLE--

__llvm_prf_cnts 
*          0    20000000    00000000     UNINITIALIZED

MODULE SUMMARY

       Module                        code   ro data   rw data
       ------                        ----   -------   -------
    .\
       ESP8266_UART.obj              2332   0         12440  
       Motor_Driver.obj              1068   0         98     
       PID.obj                       256    0         16     
       main.obj                      200    0         0      
       line.obj                      170    0         4      
       system_msp432p401r.obj        120    0         0      
       HCSR04.obj                    28     0         8      
    +--+-----------------------------+------+---------+---------+
       Total:                        4174   0         12566  
                                                             
    .\ccs\
       startup_msp432p401r_ccs.obj   14     228       0      
    +--+-----------------------------+------+---------+---------+
       Total:                        14     228       0      
                                                             
    C:/ti/simplelink_msp432p4_sdk_3_40_01_02/source/ti/devices/msp432p4xx/driverlib/ccs/msp432p4xx_driverlib.lib
       pcm.o                         848    0         0      
       gpio.o                        616    48        0      
       timer_a.o                     484    0         0      
       uart.o                        176    0         0      
       interrupt.o                   128    8         0      
       flash.o                       72     0         0      
       cs.o                          52     0         0      
    +--+-----------------------------+------+---------+---------+
       Total:                        2376   56        0      
                                                             
    C:\ti\ti-cgt-arm_20.2.4.LTS\lib\rtsv7M4_T_le_v4SPD16_eabi.lib
       memcpy_t2.asm.obj             156    0         0      
       memset_t2.asm.obj             122    0         0      
       copy_decompress_lzss.c.obj    104    0         0      
       autoinit.c.obj                68     0         0      
       fd_tou_t2.asm.obj             68     0         0      
       boot_cortex_m.c.obj           52     0         0      
       u_tofd_t2.asm.obj             32     0         0      
       strcpy.c.obj                  20     0         0      
       copy_decompress_none.c.obj    14     0         0      
       copy_zero_init.c.obj          12     0         0      
       exit.c.obj                    4      0         0      
       pre_init.c.obj                4      0         0      
    +--+-----------------------------+------+---------+---------+
       Total:                        656    0         0      
                                                             
       Stack:                        0      0         1024   
       Linker Generated:             0      84        0      
    +--+-----------------------------+------+---------+---------+
       Grand Total:                  7220   368       13590  


LINKER GENERATED COPY TABLES

__TI_cinit_table @ 00001da0 records: 2, size/record: 8, table size: 16
	.data: load addr=00001d58, load size=00000030 bytes, run addr=20001808, run size=00000084 bytes, compression=lzss
	.bss: load addr=00001d98, load size=00000008 bytes, run addr=20000000, run size=00001808 bytes, compression=zero_init


LINKER GENERATED HANDLER TABLE

__TI_handler_table @ 00001d88 records: 3, size/record: 4, table size: 12
	index: 0, handler: __TI_decompress_lzss
	index: 1, handler: __TI_decompress_none
	index: 2, handler: __TI_zero_init


GLOBAL SYMBOLS: SORTED ALPHABETICALLY BY Name 

address   name                                       
-------   ----                                       
000013af  ADC14_IRQHandler                           
000013af  AES256_IRQHandler                          
000013af  BusFault_Handler                           
00001d17  C$$EXIT                                    
000013af  COMP_E0_IRQHandler                         
000013af  COMP_E1_IRQHandler                         
000013af  CS_IRQHandler                              
00001ac5  CS_setDCOCenteredFrequency                 
000013af  DMA_ERR_IRQHandler                         
000013af  DMA_INT0_IRQHandler                        
000013af  DMA_INT1_IRQHandler                        
000013af  DMA_INT2_IRQHandler                        
000013af  DMA_INT3_IRQHandler                        
000013af  DebugMon_Handler                           
000013af  Default_Handler                            
20000000  ESP8266Data                                
20001844  ESP8266DataIndex                           
000005ed  ESP8266Terminal                            
2000184d  ESPStartUp                                 
00000d61  EUSCIA0_IRQHandler                         
00000d61  EUSCIA0_IRQHandler                         
000013af  EUSCIA1_IRQHandler                         
000000e5  EUSCIA2_IRQHandler                         
000000e5  EUSCIA2_IRQHandler                         
000013af  EUSCIA3_IRQHandler                         
000013af  EUSCIB0_IRQHandler                         
000013af  EUSCIB1_IRQHandler                         
000013af  EUSCIB2_IRQHandler                         
000013af  EUSCIB3_IRQHandler                         
000013af  FLCTL_IRQHandler                           
000013af  FPU_IRQHandler                             
000017a9  FlashCtl_setWaitState                      
00000499  GET                                        
00001b8d  GPIO_clearInterruptFlag                    
00001bb5  GPIO_enableInterrupt                       
00001231  GPIO_getEnabledInterruptStatus             
00001c2d  GPIO_getInterruptStatus                    
000016fd  GPIO_setAsInputPinWithPullUpResistor       
00001879  GPIO_setAsOutputPin                        
000011a9  GPIO_setAsPeripheralModuleFunctionOutputPin
00001bdd  GPIO_setOutputHighOnPin                    
00001c05  GPIO_setOutputLowOnPin                     
000013af  HardFault_Handler                          
000019a9  IRSensorSetup                              
000012b5  Interrupt_enableInterrupt                  
000013af  MemManage_Handler                          
000019e3  MotorSetup                                 
000013af  NMI_Handler                                
000013af  PCM_IRQHandler                             
00001645  PCM_getCoreVoltageLevel                    
000016a3  PCM_getPowerMode                           
00001ca5  PCM_getPowerState                          
00001ccd  PCM_setCoreVoltageLevel                    
00001cdd  PCM_setPowerMode                           
000013af  PORT1_IRQHandler                           
000013af  PORT2_IRQHandler                           
000013af  PORT3_IRQHandler                           
000013af  PORT4_IRQHandler                           
00001a1d  PORT5_IRQHandler                           
00001a1d  PORT5_IRQHandler                           
0000149d  PORT6_IRQHandler                           
0000149d  PORT6_IRQHandler                           
00000c8d  POST                                       
000013af  PSS_IRQHandler                             
000013af  PendSV_Handler                             
000013af  RTC_C_IRQHandler                           
00001cfb  Reset_Handler                              
20001800  SR04IntTimes                               
000013af  SVC_Handler                                
0000111d  SetBaseSpeed                               
000018b9  SetForwardDirection                        
000018f5  SetLeftDirection                           
00001755  SetMotorSpeed                              
00001931  SetReverseDirection                        
0000196d  SetRightDirection                          
0000087d  SetSpeeds                                  
00001a55  SetStop                                    
000013af  SysTick_Handler                            
000013b1  SystemInit                                 
000013af  T32_INT1_IRQHandler                        
000013af  T32_INT2_IRQHandler                        
000013af  T32_INTC_IRQHandler                        
000013af  TA0_0_IRQHandler                           
000013af  TA0_N_IRQHandler                           
00001c71  TA1_0_IRQHandler                           
00001c71  TA1_0_IRQHandler                           
000013af  TA1_N_IRQHandler                           
00000e2d  TA2_0_IRQHandler                           
00000e2d  TA2_0_IRQHandler                           
000013af  TA2_N_IRQHandler                           
000013af  TA3_0_IRQHandler                           
000013af  TA3_N_IRQHandler                           
00001b61  Timer_A_clearCaptureCompareInterrupt       
00001429  Timer_A_generatePWM                        
20001808  Token                                      
20000800  UARTA0Data                                 
20001854  UARTA0Receive                              
20001850  UARTA0ReceiveIndex                         
20001000  UARTA2Data                                 
2000184c  UARTA2Receive                              
2000183c  UARTA2ReceiveIndex                         
00001a8d  UART_Write                                 
000015e1  UART_getEnabledInterruptStatus             
00001c8d  UART_getInterruptStatus                    
00001af9  UART_transmitData                          
000013af  UsageFault_Handler                         
4000480c  WDTCTL_SYM                                 
000013af  WDT_A_IRQHandler                           
20010000  __STACK_END                                
00000200  __STACK_SIZE                               
00001da0  __TI_CINIT_Base                            
00001db0  __TI_CINIT_Limit                           
00001d88  __TI_Handler_Table_Base                    
00001d94  __TI_Handler_Table_Limit                   
000017f1  __TI_auto_init_nobinit_nopinit             
00001579  __TI_decompress_lzss                       
00001ced  __TI_decompress_none                       
ffffffff  __TI_pprof_out_hndl                        
ffffffff  __TI_prof_data_size                        
ffffffff  __TI_prof_data_start                       
00000000  __TI_static_base__                         
00001d07  __TI_zero_init                             
00001835  __aeabi_d2uiz                              
00001335  __aeabi_memclr                             
00001335  __aeabi_memclr4                            
00001335  __aeabi_memclr8                            
00001081  __aeabi_memcpy                             
00001081  __aeabi_memcpy4                            
00001081  __aeabi_memcpy8                            
00001337  __aeabi_memset                             
00001337  __aeabi_memset4                            
00001337  __aeabi_memset8                            
00001c51  __aeabi_ui2d                               
ffffffff  __binit__                                  
ffffffff  __c_args__                                 
UNDEFED   __mpu_init                                 
2000fe00  __stack                                    
20000000  __start___llvm_prf_cnts                    
20000000  __stop___llvm_prf_cnts                     
00001b2d  _c_int00_noargs                            
UNDEFED   _system_post_cinit                         
00001d13  _system_pre_init                           
00001d17  abort                                      
ffffffff  binit                                      
2000184e  connFlag                                   
2000184f  dir                                        
20001840  index                                      
00000bb1  instruction                                
20001855  instructionFlag                            
00000000  interruptVectors                           
2000183a  lineDir                                    
00000ef5  main                                       
00001081  memcpy                                     
0000133d  memset                                     
20001804  notchesdetected                            
20001806  notchesdetected2                           
20001870  pwmConfig                                  
20001858  pwmConfig2                                 
00000aad  sendSuccess                                
2000183b  sensorState                                
00000fbd  setDirection                               
0000150d  setToken                                   
2000188b  speedflag                                  
20001856  state                                      
00001cb9  strcpy                                     
2000188a  syncflag                                   
20001888  timer_count                                
20001848  tokIndex                                   


GLOBAL SYMBOLS: SORTED BY Symbol Address 

address   name                                       
-------   ----                                       
00000000  __TI_static_base__                         
00000000  interruptVectors                           
000000e5  EUSCIA2_IRQHandler                         
000000e5  EUSCIA2_IRQHandler                         
00000200  __STACK_SIZE                               
00000499  GET                                        
000005ed  ESP8266Terminal                            
0000087d  SetSpeeds                                  
00000aad  sendSuccess                                
00000bb1  instruction                                
00000c8d  POST                                       
00000d61  EUSCIA0_IRQHandler                         
00000d61  EUSCIA0_IRQHandler                         
00000e2d  TA2_0_IRQHandler                           
00000e2d  TA2_0_IRQHandler                           
00000ef5  main                                       
00000fbd  setDirection                               
00001081  __aeabi_memcpy                             
00001081  __aeabi_memcpy4                            
00001081  __aeabi_memcpy8                            
00001081  memcpy                                     
0000111d  SetBaseSpeed                               
000011a9  GPIO_setAsPeripheralModuleFunctionOutputPin
00001231  GPIO_getEnabledInterruptStatus             
000012b5  Interrupt_enableInterrupt                  
00001335  __aeabi_memclr                             
00001335  __aeabi_memclr4                            
00001335  __aeabi_memclr8                            
00001337  __aeabi_memset                             
00001337  __aeabi_memset4                            
00001337  __aeabi_memset8                            
0000133d  memset                                     
000013af  ADC14_IRQHandler                           
000013af  AES256_IRQHandler                          
000013af  BusFault_Handler                           
000013af  COMP_E0_IRQHandler                         
000013af  COMP_E1_IRQHandler                         
000013af  CS_IRQHandler                              
000013af  DMA_ERR_IRQHandler                         
000013af  DMA_INT0_IRQHandler                        
000013af  DMA_INT1_IRQHandler                        
000013af  DMA_INT2_IRQHandler                        
000013af  DMA_INT3_IRQHandler                        
000013af  DebugMon_Handler                           
000013af  Default_Handler                            
000013af  EUSCIA1_IRQHandler                         
000013af  EUSCIA3_IRQHandler                         
000013af  EUSCIB0_IRQHandler                         
000013af  EUSCIB1_IRQHandler                         
000013af  EUSCIB2_IRQHandler                         
000013af  EUSCIB3_IRQHandler                         
000013af  FLCTL_IRQHandler                           
000013af  FPU_IRQHandler                             
000013af  HardFault_Handler                          
000013af  MemManage_Handler                          
000013af  NMI_Handler                                
000013af  PCM_IRQHandler                             
000013af  PORT1_IRQHandler                           
000013af  PORT2_IRQHandler                           
000013af  PORT3_IRQHandler                           
000013af  PORT4_IRQHandler                           
000013af  PSS_IRQHandler                             
000013af  PendSV_Handler                             
000013af  RTC_C_IRQHandler                           
000013af  SVC_Handler                                
000013af  SysTick_Handler                            
000013af  T32_INT1_IRQHandler                        
000013af  T32_INT2_IRQHandler                        
000013af  T32_INTC_IRQHandler                        
000013af  TA0_0_IRQHandler                           
000013af  TA0_N_IRQHandler                           
000013af  TA1_N_IRQHandler                           
000013af  TA2_N_IRQHandler                           
000013af  TA3_0_IRQHandler                           
000013af  TA3_N_IRQHandler                           
000013af  UsageFault_Handler                         
000013af  WDT_A_IRQHandler                           
000013b1  SystemInit                                 
00001429  Timer_A_generatePWM                        
0000149d  PORT6_IRQHandler                           
0000149d  PORT6_IRQHandler                           
0000150d  setToken                                   
00001579  __TI_decompress_lzss                       
000015e1  UART_getEnabledInterruptStatus             
00001645  PCM_getCoreVoltageLevel                    
000016a3  PCM_getPowerMode                           
000016fd  GPIO_setAsInputPinWithPullUpResistor       
00001755  SetMotorSpeed                              
000017a9  FlashCtl_setWaitState                      
000017f1  __TI_auto_init_nobinit_nopinit             
00001835  __aeabi_d2uiz                              
00001879  GPIO_setAsOutputPin                        
000018b9  SetForwardDirection                        
000018f5  SetLeftDirection                           
00001931  SetReverseDirection                        
0000196d  SetRightDirection                          
000019a9  IRSensorSetup                              
000019e3  MotorSetup                                 
00001a1d  PORT5_IRQHandler                           
00001a1d  PORT5_IRQHandler                           
00001a55  SetStop                                    
00001a8d  UART_Write                                 
00001ac5  CS_setDCOCenteredFrequency                 
00001af9  UART_transmitData                          
00001b2d  _c_int00_noargs                            
00001b61  Timer_A_clearCaptureCompareInterrupt       
00001b8d  GPIO_clearInterruptFlag                    
00001bb5  GPIO_enableInterrupt                       
00001bdd  GPIO_setOutputHighOnPin                    
00001c05  GPIO_setOutputLowOnPin                     
00001c2d  GPIO_getInterruptStatus                    
00001c51  __aeabi_ui2d                               
00001c71  TA1_0_IRQHandler                           
00001c71  TA1_0_IRQHandler                           
00001c8d  UART_getInterruptStatus                    
00001ca5  PCM_getPowerState                          
00001cb9  strcpy                                     
00001ccd  PCM_setCoreVoltageLevel                    
00001cdd  PCM_setPowerMode                           
00001ced  __TI_decompress_none                       
00001cfb  Reset_Handler                              
00001d07  __TI_zero_init                             
00001d13  _system_pre_init                           
00001d17  C$$EXIT                                    
00001d17  abort                                      
00001d88  __TI_Handler_Table_Base                    
00001d94  __TI_Handler_Table_Limit                   
00001da0  __TI_CINIT_Base                            
00001db0  __TI_CINIT_Limit                           
20000000  ESP8266Data                                
20000000  __start___llvm_prf_cnts                    
20000000  __stop___llvm_prf_cnts                     
20000800  UARTA0Data                                 
20001000  UARTA2Data                                 
20001800  SR04IntTimes                               
20001804  notchesdetected                            
20001806  notchesdetected2                           
20001808  Token                                      
2000183a  lineDir                                    
2000183b  sensorState                                
2000183c  UARTA2ReceiveIndex                         
20001840  index                                      
20001844  ESP8266DataIndex                           
20001848  tokIndex                                   
2000184c  UARTA2Receive                              
2000184d  ESPStartUp                                 
2000184e  connFlag                                   
2000184f  dir                                        
20001850  UARTA0ReceiveIndex                         
20001854  UARTA0Receive                              
20001855  instructionFlag                            
20001856  state                                      
20001858  pwmConfig2                                 
20001870  pwmConfig                                  
20001888  timer_count                                
2000188a  syncflag                                   
2000188b  speedflag                                  
2000fe00  __stack                                    
20010000  __STACK_END                                
4000480c  WDTCTL_SYM                                 
ffffffff  __TI_pprof_out_hndl                        
ffffffff  __TI_prof_data_size                        
ffffffff  __TI_prof_data_start                       
ffffffff  __binit__                                  
ffffffff  __c_args__                                 
ffffffff  binit                                      
UNDEFED   __mpu_init                                 
UNDEFED   _system_post_cinit                         

[168 symbols]
